
> bazaar-next@7.1.0 build
> next build

Γû▓ Next.js 16.1.1 (Turbopack)
- Environments: .env.local
- Experiments (use with caution):
  ┬╖ staleTimes

  Creating an optimized production build ...
node.exe : 
At line:1 char:1
+ & "C:\Program Files\nodejs/node.exe" "C:\Users\bobci\AppData\Roaming\ ...
+ ~~~~~~~~~~~~~~~~~~~~~~~~~~~~~~~~~~~~~~~~~~~~~~~~~~~~~~~~~~~~~~~~~~~~~
    + CategoryInfo          : NotSpecified: (:String) [], RemoteException
    + FullyQualifiedErrorId : NativeCommandError
 
> Build error occurred
Error: Turbopack build failed with 47 errors:
./src/app/mobile-categories/page-view.tsx:27:3
Parsing ecmascript source code failed
[0m [90m 25 |[39m   [36mconst[39m [selected[33m,[39m setSelected] [33m=[39m useState(header[33m.[39mcategoryMenus[[35m0[39m])[33m;[39m
 [90m 26 |[39m
[31m[1m>[22m[39m[90m 27 |[39m   [36mreturn[39m (
 [90m    |[39m   [31m[1m^[22m[39m[31m[1m^[22m[39m[31m[1m^[22m[39m[31m[1m^[22m[39m[31m[1m^[22m[39m[31m[1m^[22m[39m[31m[1m^[22m[39m[31m[1m^[22m[39m
[31m[1m>[22m[39m[90m 28 |[39m     [33m<[39m[33mStyledRoot[39m[33m>[39m
 [90m    |[39m [31m[1m^[22m[39m[31m[1m^[22m[39m[31m[1m^[22m[39m[31m[1m^[22m[39m[31m[1m^[22m[39m[31m[1m^[22m[39m[31m[1m^[22m[39m[31m[1m^[22m[39m[31m[1m^[22m[39m[31m[1m^
[22m[39m[31m[1m^[22m[39m[31m[1m^[22m[39m[31m[1m^[22m[39m[31m[1m^[22m[39m[31m[1m^[22m[39m[31m[1m^[22m[39m
[31m[1m>[22m[39m[90m 29 |[39m       [33m<[39m[33mdiv[39m className[33m=[39m[32m"header"[39m[33m>[39m
 [90m    |[39m [31m[1m^[22m[39m[31m[1m^[22m[39m[31m[1m^[22m[39m[31m[1m^[22m[39m[31m[1m^[22m[39m[31m[1m^[22m[39m[31m[1m^[22m[39m[31m[1m^[22m[39m[31m[1m^[22m[39m[31m[1m^
[22m[39m[31m[1m^[22m[39m[31m[1m^[22m[39m[31m[1m^[22m[39m[31m[1m^[22m[39m[31m[1m^[22m[39m[31m[1m^[22m[39m
[31m[1m>[22m[39m[90m 30 |[39m         [33m<[39m[33mMobileHeader[39m[33m>[39m
 [90m    |[39m [31m[1m^[22m[39m[31m[1m^[22m[39m[31m[1m^[22m[39m[31m[1m^[22m[39m[31m[1m^[22m[39m[31m[1m^[22m[39m[31m[1m^[22m[39m[31m[1m^[22m[39m[31m[1m^[22m[39m[31m[1m^
[22m[39m[31m[1m^[22m[39m[31m[1m^[22m[39m[31m[1m^[22m[39m[31m[1m^[22m[39m[31m[1m^[22m[39m[31m[1m^[22m[39m
[31m[1m>[22m[39m[90m 31 |[39m           [33m<[39m[33mMobileHeader[39m[33m.[39m[33mLeft[39m[33m>[39m
 [90m    |[39m [31m[1m^[22m[39m[31m[1m^[22m[39m[31m[1m^[22m[39m[31m[1m^[22m[39m[31m[1m^[22m[39m[31m[1m^[22m[39m[31m[1m^[22m[39m[31m[1m^[22m[39m[31m[1m^[22m[39m[31m[1m^
[22m[39m[31m[1m^[22m[39m[31m[1m^[22m[39m[31m[1m^[22m[39m[31m[1m^[22m[39m[31m[1m^[22m[39m[31m[1m^[22m[39m
[31m[1m>[22m[39m[90m 32 |[39m             [33m<[39m[33mMobileMenu[39m navigation[33m=[39m{header[33m.[39mnavigation} [33m/[39m[33m>[39m
 [90m    |[39m [31m[1m^[22m[39m[31m[1m^[22m[39m[31m[1m^[22m[39m[31m[1m^[22m[39m[31m[1m^[22m[39m[31m[1m^[22m[39m[31m[1m^[22m[39m[31m[1m^[22m[39m[31m[1m^[22m[39m[31m[1m^
[22m[39m[31m[1m^[22m[39m[31m[1m^[22m[39m[31m[1m^[22m[39m[31m[1m^[22m[39m[31m[1m^[22m[39m[31m[1m^[22m[39m
[31m[1m>[22m[39m[90m 33 |[39m           [33m<[39m[33m/[39m[33mMobileHeader[39m[33m.[39m[33mLeft[39m[33m>[39m
 [90m    |[39m [31m[1m^[22m[39m[31m[1m^[22m[39m[31m[1m^[22m[39m[31m[1m^[22m[39m[31m[1m^[22m[39m[31m[1m^[22m[39m[31m[1m^[22m[39m[31m[1m^[22m[39m[31m[1m^[22m[39m[31m[1m^
[22m[39m[31m[1m^[22m[39m[31m[1m^[22m[39m[31m[1m^[22m[39m[31m[1m^[22m[39m[31m[1m^[22m[39m[31m[1m^[22m[39m
[31m[1m>[22m[39m[90m 34 |[39m
 [90m    |[39m [31m[1m^[22m[39m[31m[1m^[22m[39m[31m[1m^[22m[39m[31m[1m^[22m[39m[31m[1m^[22m[39m[31m[1m^[22m[39m[31m[1m^[22m[39m[31m[1m^[22m[39m[31m[1m^[22m[39m[31m[1m^
[22m[39m[31m[1m^[22m[39m[31m[1m^[22m[39m[31m[1m^[22m[39m[31m[1m^[22m[39m[31m[1m^[22m[39m[31m[1m^[22m[39m
[31m[1m>[22m[39m[90m 35 |[39m           [33m<[39m[33mMobileHeader[39m[33m.[39m[33mLogo[39m logoUrl[33m=[39m{mobileNavigation[33m.[39mlogo} [33m/[39m[33m>[39m
 [90m    |[39m [31m[1m^[22m[39m[31m[1m^[22m[39m[31m[1m^[22m[39m[31m[1m^[22m[39m[31m[1m^[22m[39m[31m[1m^[22m[39m[31m[1m^[22m[39m[31m[1m^[22m[39m[31m[1m^[22m[39m[31m[1m^
[22m[39m[31m[1m^[22m[39m[31m[1m^[22m[39m[31m[1m^[22m[39m[31m[1m^[22m[39m[31m[1m^[22m[39m[31m[1m^[22m[39m
[31m[1m>[22m[39m[90m 36 |[39m
 [90m    |[39m [31m[1m^[22m[39m[31m[1m^[22m[39m[31m[1m^[22m[39m[31m[1m^[22m[39m[31m[1m^[22m[39m[31m[1m^[22m[39m[31m[1m^[22m[39m[31m[1m^[22m[39m[31m[1m^[22m[39m[31m[1m^
[22m[39m[31m[1m^[22m[39m[31m[1m^[22m[39m[31m[1m^[22m[39m[31m[1m^[22m[39m[31m[1m^[22m[39m[31m[1m^[22m[39m
[31m[1m>[22m[39m[90m 37 |[39m           [33m<[39m[33mMobileHeader[39m[33m.[39m[33mRight[39m[33m>[39m
 [90m    |[39m [31m[1m^[22m[39m[31m[1m^[22m[39m[31m[1m^[22m[39m[31m[1m^[22m[39m[31m[1m^[22m[39m[31m[1m^[22m[39m[31m[1m^[22m[39m[31m[1m^[22m[39m[31m[1m^[22m[39m[31m[1m^
[22m[39m[31m[1m^[22m[39m[31m[1m^[22m[39m[31m[1m^[22m[39m[31m[1m^[22m[39m[31m[1m^[22m[39m[31m[1m^[22m[39m
[31m[1m>[22m[39m[90m 38 |[39m             [33m<[39m[33mHeaderSearch[39m[33m>[39m
 [90m    |[39m [31m[1m^[22m[39m[31m[1m^[22m[39m[31m[1m^[22m[39m[31m[1m^[22m[39m[31m[1m^[22m[39m[31m[1m^[22m[39m[31m[1m^[22m[39m[31m[1m^[22m[39m[31m[1m^[22m[39m[31m[1m^
[22m[39m[31m[1m^[22m[39m[31m[1m^[22m[39m[31m[1m^[22m[39m[31m[1m^[22m[39m[31m[1m^[22m[39m[31m[1m^[22m[39m
[31m[1m>[22m[39m[90m 39 |[39m               [33m<[39m[33mSearchInput[39m [33m/[39m[33m>[39m
 [90m    |[39m [31m[1m^[22m[39m[31m[1m^[22m[39m[31m[1m^[22m[39m[31m[1m^[22m[39m[31m[1m^[22m[39m[31m[1m^[22m[39m[31m[1m^[22m[39m[31m[1m^[22m[39m[31m[1m^[22m[39m[31m[1m^
[22m[39m[31m[1m^[22m[39m[31m[1m^[22m[39m[31m[1m^[22m[39m[31m[1m^[22m[39m[31m[1m^[22m[39m[31m[1m^[22m[39m
[31m[1m>[22m[39m[90m 40 |[39m             [33m<[39m[33m/[39m[33mHeaderSearch[39m[33m>[39m
 [90m    |[39m [31m[1m^[22m[39m[31m[1m^[22m[39m[31m[1m^[22m[39m[31m[1m^[22m[39m[31m[1m^[22m[39m[31m[1m^[22m[39m[31m[1m^[22m[39m[31m[1m^[22m[39m[31m[1m^[22m[39m[31m[1m^
[22m[39m[31m[1m^[22m[39m[31m[1m^[22m[39m[31m[1m^[22m[39m[31m[1m^[22m[39m[31m[1m^[22m[39m[31m[1m^[22m[39m
[31m[1m>[22m[39m[90m 41 |[39m
 [90m    |[39m [31m[1m^[22m[39m[31m[1m^[22m[39m[31m[1m^[22m[39m[31m[1m^[22m[39m[31m[1m^[22m[39m[31m[1m^[22m[39m[31m[1m^[22m[39m[31m[1m^[22m[39m[31m[1m^[22m[39m[31m[1m^
[22m[39m[31m[1m^[22m[39m[31m[1m^[22m[39m[31m[1m^[22m[39m[31m[1m^[22m[39m[31m[1m^[22m[39m[31m[1m^[22m[39m
[31m[1m>[22m[39m[90m 42 |[39m             [33m<[39m[33mHeaderLogin[39m [33m/[39m[33m>[39m
 [90m    |[39m [31m[1m^[22m[39m[31m[1m^[22m[39m[31m[1m^[22m[39m[31m[1m^[22m[39m[31m[1m^[22m[39m[31m[1m^[22m[39m[31m[1m^[22m[39m[31m[1m^[22m[39m[31m[1m^[22m[39m[31m[1m^
[22m[39m[31m[1m^[22m[39m[31m[1m^[22m[39m[31m[1m^[22m[39m[31m[1m^[22m[39m[31m[1m^[22m[39m[31m[1m^[22m[39m
[31m[1m>[22m[39m[90m 43 |[39m             [33m<[39m[33mHeaderCart[39m [33m/[39m[33m>[39m
 [90m    |[39m [31m[1m^[22m[39m[31m[1m^[22m[39m[31m[1m^[22m[39m[31m[1m^[22m[39m[31m[1m^[22m[39m[31m[1m^[22m[39m[31m[1m^[22m[39m[31m[1m^[22m[39m[31m[1m^[22m[39m[31m[1m^
[22m[39m[31m[1m^[22m[39m[31m[1m^[22m[39m[31m[1m^[22m[39m[31m[1m^[22m[39m[31m[1m^[22m[39m[31m[1m^[22m[39m
[31m[1m>[22m[39m[90m 44 |[39m           [33m<[39m[33m/[39m[33mMobileHeader[39m[33m.[39m[33mRight[39m[33m>[39m
 [90m    |[39m [31m[1m^[22m[39m[31m[1m^[22m[39m[31m[1m^[22m[39m[31m[1m^[22m[39m[31m[1m^[22m[39m[31m[1m^[22m[39m[31m[1m^[22m[39m[31m[1m^[22m[39m[31m[1m^[22m[39m[31m[1m^
[22m[39m[31m[1m^[22m[39m[31m[1m^[22m[39m[31m[1m^[22m[39m[31m[1m^[22m[39m[31m[1m^[22m[39m[31m[1m^[22m[39m
[31m[1m>[22m[39m[90m 45 |[39m         [33m<[39m[33m/[39m[33mMobileHeader[39m[33m>[39m
 [90m    |[39m [31m[1m^[22m[39m[31m[1m^[22m[39m[31m[1m^[22m[39m[31m[1m^[22m[39m[31m[1m^[22m[39m[31m[1m^[22m[39m[31m[1m^[22m[39m[31m[1m^[22m[39m[31m[1m^[22m[39m[31m[1m^
[22m[39m[31m[1m^[22m[39m[31m[1m^[22m[39m[31m[1m^[22m[39m[31m[1m^[22m[39m[31m[1m^[22m[39m[31m[1m^[22m[39m
[31m[1m>[22m[39m[90m 46 |[39m       [33m<[39m[33m/[39m[33mdiv[39m[33m>[39m
 [90m    |[39m [31m[1m^[22m[39m[31m[1m^[22m[39m[31m[1m^[22m[39m[31m[1m^[22m[39m[31m[1m^[22m[39m[31m[1m^[22m[39m[31m[1m^[22m[39m[31m[1m^[22m[39m[31m[1m^[22m[39m[31m[1m^
[22m[39m[31m[1m^[22m[39m[31m[1m^[22m[39m[31m[1m^[22m[39m[31m[1m^[22m[39m[31m[1m^[22m[39m[31m[1m^[22m[39m
[31m[1m>[22m[39m[90m 47 |[39m
 [90m    |[39m [31m[1m^[22m[39m[31m[1m^[22m[39m[31m[1m^[22m[39m[31m[1m^[22m[39m[31m[1m^[22m[39m[31m[1m^[22m[39m[31m[1m^[22m[39m[31m[1m^[22m[39m[31m[1m^[22m[39m[31m[1m^
[22m[39m[31m[1m^[22m[39m[31m[1m^[22m[39m[31m[1m^[22m[39m[31m[1m^[22m[39m[31m[1m^[22m[39m[31m[1m^[22m[39m
[31m[1m>[22m[39m[90m 48 |[39m       [33m<[39m[33mOverlayScrollbar[39m className[33m=[39m[32m"category-list"[39m[33m>[39m
 [90m    |[39m [31m[1m^[22m[39m[31m[1m^[22m[39m[31m[1m^[22m[39m[31m[1m^[22m[39m[31m[1m^[22m[39m[31m[1m^[22m[39m[31m[1m^[22m[39m[31m[1m^[22m[39m[31m[1m^[22m[39m[31m[1m^
[22m[39m[31m[1m^[22m[39m[31m[1m^[22m[39m[31m[1m^[22m[39m[31m[1m^[22m[39m[31m[1m^[22m[39m[31m[1m^[22m[39m
[31m[1m>[22m[39m[90m 49 |[39m         {header[33m.[39mcategoryMenus[33m.[39mmap((item[33m,[39m i) [33m=>[39m (
 [90m    |[39m [31m[1m^[22m[39m[31m[1m^[22m[39m[31m[1m^[22m[39m[31m[1m^[22m[39m[31m[1m^[22m[39m[31m[1m^[22m[39m[31m[1m^[22m[39m[31m[1m^[22m[39m[31m[1m^[22m[39m[31m[1m^
[22m[39m[31m[1m^[22m[39m[31m[1m^[22m[39m[31m[1m^[22m[39m[31m[1m^[22m[39m[31m[1m^[22m[39m[31m[1m^[22m[39m
[31m[1m>[22m[39m[90m 50 |[39m           [33m<[39m[33mTooltip[39m key[33m=[39m{i} title[33m=[39m{item[33m.[39mtitle} placement[33m=[39m[32m"right"[39m arrow[33m>[39m
 [90m    |[39m [31m[1m^[22m[39m[31m[1m^[22m[39m[31m[1m^[22m[39m[31m[1m^[22m[39m[31m[1m^[22m[39m[31m[1m^[22m[39m[31m[1m^[22m[39m[31m[1m^[22m[39m[31m[1m^[22m[39m[31m[1m^
[22m[39m[31m[1m^[22m[39m[31m[1m^[22m[39m[31m[1m^[22m[39m[31m[1m^[22m[39m[31m[1m^[22m[39m[31m[1m^[22m[39m
[31m[1m>[22m[39m[90m 51 |[39m             [33m<[39m[33mCategoryListItem[39m
 [90m    |[39m [31m[1m^[22m[39m[31m[1m^[22m[39m[31m[1m^[22m[39m[31m[1m^[22m[39m[31m[1m^[22m[39m[31m[1m^[22m[39m[31m[1m^[22m[39m[31m[1m^[22m[39m[31m[1m^[22m[39m[31m[1m^
[22m[39m[31m[1m^[22m[39m[31m[1m^[22m[39m[31m[1m^[22m[39m[31m[1m^[22m[39m[31m[1m^[22m[39m[31m[1m^[22m[39m
[31m[1m>[22m[39m[90m 52 |[39m               isActive[33m=[39m{selected[33m.[39mtitle [33m===[39m item[33m.[39mtitle}
 [90m    |[39m [31m[1m^[22m[39m[31m[1m^[22m[39m[31m[1m^[22m[39m[31m[1m^[22m[39m[31m[1m^[22m[39m[31m[1m^[22m[39m[31m[1m^[22m[39m[31m[1m^[22m[39m[31m[1m^[22m[39m[31m[1m^
[22m[39m[31m[1m^[22m[39m[31m[1m^[22m[39m[31m[1m^[22m[39m[31m[1m^[22m[39m[31m[1m^[22m[39m[31m[1m^[22m[39m
[31m[1m>[22m[39m[90m 53 |[39m               onClick[33m=[39m{() [33m=>[39m {
 [90m    |[39m [31m[1m^[22m[39m[31m[1m^[22m[39m[31m[1m^[22m[39m[31m[1m^[22m[39m[31m[1m^[22m[39m[31m[1m^[22m[39m[31m[1m^[22m[39m[31m[1m^[22m[39m[31m[1m^[22m[39m[31m[1m^
[22m[39m[31m[1m^[22m[39m[31m[1m^[22m[39m[31m[1m^[22m[39m[31m[1m^[22m[39m[31m[1m^[22m[39m[31m[1m^[22m[39m
[31m[1m>[22m[39m[90m 54 |[39m                 [36mif[39m (item[33m.[39mchildren) setSelected(item)[33m;[39m
 [90m    |[39m [31m[1m^[22m[39m[31m[1m^[22m[39m[31m[1m^[22m[39m[31m[1m^[22m[39m[31m[1m^[22m[39m[31m[1m^[22m[39m[31m[1m^[22m[39m[31m[1m^[22m[39m[31m[1m^[22m[39m[31m[1m^
[22m[39m[31m[1m^[22m[39m[31m[1m^[22m[39m[31m[1m^[22m[39m[31m[1m^[22m[39m[31m[1m^[22m[39m[31m[1m^[22m[39m
[31m[1m>[22m[39m[90m 55 |[39m                 [36melse[39m router[33m.[39mpush(item[33m.[39mhref)[33m;[39m
 [90m    |[39m [31m[1m^[22m[39m[31m[1m^[22m[39m[31m[1m^[22m[39m[31m[1m^[22m[39m[31m[1m^[22m[39m[31m[1m^[22m[39m[31m[1m^[22m[39m[31m[1m^[22m[39m[31m[1m^[22m[39m[31m[1m^
[22m[39m[31m[1m^[22m[39m[31m[1m^[22m[39m[31m[1m^[22m[39m[31m[1m^[22m[39m[31m[1m^[22m[39m[31m[1m^[22m[39m
[31m[1m>[22m[39m[90m 56 |[39m               }}
 [90m    |[39m [31m[1m^[22m[39m[31m[1m^[22m[39m[31m[1m^[22m[39m[31m[1m^[22m[39m[31m[1m^[22m[39m[31m[1m^[22m[39m[31m[1m^[22m[39m[31m[1m^[22m[39m[31m[1m^[22m[39m[31m[1m^
[22m[39m[31m[1m^[22m[39m[31m[1m^[22m[39m[31m[1m^[22m[39m[31m[1m^[22m[39m[31m[1m^[22m[39m[31m[1m^[22m[39m
[31m[1m>[22m[39m[90m 57 |[39m             [33m>[39m
 [90m    |[39m [31m[1m^[22m[39m[31m[1m^[22m[39m[31m[1m^[22m[39m[31m[1m^[22m[39m[31m[1m^[22m[39m[31m[1m^[22m[39m[31m[1m^[22m[39m[31m[1m^[22m[39m[31m[1m^[22m[39m[31m[1m^
[22m[39m[31m[1m^[22m[39m[31m[1m^[22m[39m[31m[1m^[22m[39m[31m[1m^[22m[39m[31m[1m^[22m[39m[31m[1m^[22m[39m
[31m[1m>[22m[39m[90m 58 |[39m               [33m<[39m[33mIconComponent[39m icon[33m=[39m{item[33m.[39micon[33m![39m} className[33m=[39m[32m"icon"[39m [33m/[39m[33m>[39m
 [90m    |[39m [31m[1m^[22m[39m[31m[1m^[22m[39m[31m[1m^[22m[39m[31m[1m^[22m[39m[31m[1m^[22m[39m[31m[1m^[22m[39m[31m[1m^[22m[39m[31m[1m^[22m[39m[31m[1m^[22m[39m[31m[1m^
[22m[39m[31m[1m^[22m[39m[31m[1m^[22m[39m[31m[1m^[22m[39m[31m[1m^[22m[39m[31m[1m^[22m[39m[31m[1m^[22m[39m
[31m[1m>[22m[39m[90m 59 |[39m               [33m<[39m[33mp[39m className[33m=[39m[32m"title"[39m[33m>[39m{item[33m.[39mtitle}[33m<[39m[33m/[39m[33mp[39m[33m>[39m
 [90m    |[39m [31m[1m^[22m[39m[31m[1m^[22m[39m[31m[1m^[22m[39m[31m[1m^[22m[39m[31m[1m^[22m[39m[31m[1m^[22m[39m[31m[1m^[22m[39m[31m[1m^[22m[39m[31m[1m^[22m[39m[31m[1m^
[22m[39m[31m[1m^[22m[39m[31m[1m^[22m[39m[31m[1m^[22m[39m[31m[1m^[22m[39m[31m[1m^[22m[39m[31m[1m^[22m[39m
[31m[1m>[22m[39m[90m 60 |[39m             [33m<[39m[33m/[39m[33mCategoryListItem[39m[33m>[39m
 [90m    |[39m [31m[1m^[22m[39m[31m[1m^[22m[39m[31m[1m^[22m[39m[31m[1m^[22m[39m[31m[1m^[22m[39m[31m[1m^[22m[39m[31m[1m^[22m[39m[31m[1m^[22m[39m[31m[1m^[22m[39m[31m[1m^
[22m[39m[31m[1m^[22m[39m[31m[1m^[22m[39m[31m[1m^[22m[39m[31m[1m^[22m[39m[31m[1m^[22m[39m[31m[1m^[22m[39m
[31m[1m>[22m[39m[90m 61 |[39m           [33m<[39m[33m/[39m[33mTooltip[39m[33m>[39m
 [90m    |[39m [31m[1m^[22m[39m[31m[1m^[22m[39m[31m[1m^[22m[39m[31m[1m^[22m[39m[31m[1m^[22m[39m[31m[1m^[22m[39m[31m[1m^[22m[39m[31m[1m^[22m[39m[31m[1m^[22m[39m[31m[1m^
[22m[39m[31m[1m^[22m[39m[31m[1m^[22m[39m[31m[1m^[22m[39m[31m[1m^[22m[39m[31m[1m^[22m[39m[31m[1m^[22m[39m
[31m[1m>[22m[39m[90m 62 |[39m         ))}
 [90m    |[39m [31m[1m^[22m[39m[31m[1m^[22m[39m[31m[1m^[22m[39m[31m[1m^[22m[39m[31m[1m^[22m[39m[31m[1m^[22m[39m[31m[1m^[22m[39m[31m[1m^[22m[39m[31m[1m^[22m[39m[31m[1m^
[22m[39m[31m[1m^[22m[39m[31m[1m^[22m[39m[31m[1m^[22m[39m[31m[1m^[22m[39m[31m[1m^[22m[39m[31m[1m^[22m[39m
[31m[1m>[22m[39m[90m 63 |[39m       [33m<[39m[33m/[39m[33mOverlayScrollbar[39m[33m>[39m
 [90m    |[39m [31m[1m^[22m[39m[31m[1m^[22m[39m[31m[1m^[22m[39m[31m[1m^[22m[39m[31m[1m^[22m[39m[31m[1m^[22m[39m[31m[1m^[22m[39m[31m[1m^[22m[39m[31m[1m^[22m[39m[31m[1m^
[22m[39m[31m[1m^[22m[39m[31m[1m^[22m[39m[31m[1m^[22m[39m[31m[1m^[22m[39m[31m[1m^[22m[39m[31m[1m^[22m[39m
[31m[1m>[22m[39m[90m 64 |[39m
 [90m    |[39m [31m[1m^[22m[39m[31m[1m^[22m[39m[31m[1m^[22m[39m[31m[1m^[22m[39m[31m[1m^[22m[39m[31m[1m^[22m[39m[31m[1m^[22m[39m[31m[1m^[22m[39m[31m[1m^[22m[39m[31m[1m^
[22m[39m[31m[1m^[22m[39m[31m[1m^[22m[39m[31m[1m^[22m[39m[31m[1m^[22m[39m[31m[1m^[22m[39m[31m[1m^[22m[39m
[31m[1m>[22m[39m[90m 65 |[39m       [33m<[39m[33mdiv[39m 
className[33m=[39m[32m"container"[39m[33m>[39m{renderChild(selected[33m.[39mchildren[33m![39m)}[33m<[39m[33m/[39m[33mdiv[39m[33m>[39m
 [90m    |[39m [31m[1m^[22m[39m[31m[1m^[22m[39m[31m[1m^[22m[39m[31m[1m^[22m[39m[31m[1m^[22m[39m[31m[1m^[22m[39m[31m[1m^[22m[39m[31m[1m^[22m[39m[31m[1m^[22m[39m[31m[1m^
[22m[39m[31m[1m^[22m[39m[31m[1m^[22m[39m[31m[1m^[22m[39m[31m[1m^[22m[39m[31m[1m^[22m[39m[31m[1m^[22m[39m
[31m[1m>[22m[39m[90m 66 |[39m
 [90m    |[39m [31m[1m^[22m[39m[31m[1m^[22m[39m[31m[1m^[22m[39m[31m[1m^[22m[39m[31m[1m^[22m[39m[31m[1m^[22m[39m[31m[1m^[22m[39m[31m[1m^[22m[39m[31m[1m^[22m[39m[31m[1m^
[22m[39m[31m[1m^[22m[39m[31m[1m^[22m[39m[31m[1m^[22m[39m[31m[1m^[22m[39m[31m[1m^[22m[39m[31m[1m^[22m[39m
[31m[1m>[22m[39m[90m 67 |[39m       [33m<[39m[33mMobileNavigationBar[39m navigation[33m=[39m{mobileNavigation[33m.[39mversion1} [33m/[39m[33m>[39m
 [90m    |[39m [31m[1m^[22m[39m[31m[1m^[22m[39m[31m[1m^[22m[39m[31m[1m^[22m[39m[31m[1m^[22m[39m[31m[1m^[22m[39m[31m[1m^[22m[39m[31m[1m^[22m[39m[31m[1m^[22m[39m[31m[1m^
[22m[39m[31m[1m^[22m[39m[31m[1m^[22m[39m[31m[1m^[22m[39m[31m[1m^[22m[39m[31m[1m^[22m[39m[31m[1m^[22m[39m
[31m[1m>[22m[39m[90m 68 |[39m     [33m<[39m[33m/[39m[33mStyledRoot[39m[33m>[39m
 [90m    |[39m [31m[1m^[22m[39m[31m[1m^[22m[39m[31m[1m^[22m[39m[31m[1m^[22m[39m[31m[1m^[22m[39m[31m[1m^[22m[39m[31m[1m^[22m[39m[31m[1m^[22m[39m[31m[1m^[22m[39m[31m[1m^
[22m[39m[31m[1m^[22m[39m[31m[1m^[22m[39m[31m[1m^[22m[39m[31m[1m^[22m[39m[31m[1m^[22m[39m[31m[1m^[22m[39m
[31m[1m>[22m[39m[90m 69 |[39m   )[33m;[39m
 [90m    |[39m [31m[1m^[22m[39m[31m[1m^[22m[39m[31m[1m^[22m[39m[31m[1m^[22m[39m[31m[1m^[22m[39m
 [90m 70 |[39m }
 [90m 71 |[39m[0m

Return statement is not allowed here

Import trace:
  Server Component:
    ./src/app/mobile-categories/page-view.tsx
    ./src/app/mobile-categories/page.tsx


./src/app/products/search/page.tsx:26:1
Parsing ecmascript source code failed
[0m [90m 24 |[39m     category[33m:[39m string[33m;[39m
 [90m 25 |[39m   }[33m>[39m[33m;[39m
[31m[1m>[22m[39m[90m 26 |[39m }
 [90m    |[39m [31m[1m^[22m[39m
 [90m 27 |[39m   [36mconst[39m { q[33m,[39m page[33m,[39m sort[33m,[39m sale[33m,[39m prices[33m,[39m colors[33m,[39m brands[33m,[39m rating[33m,[39m category } [33m=[39m 
[36mawait[39m searchParams[33m;[39m
 [90m 28 |[39m
 [90m 29 |[39m   [36mconst[39m [filters[33m,[39m data] [33m=[39m [36mawait[39m [33mPromise[39m[33m.[39mall([[0m

Expression expected


./src/components/categories/category-list.tsx:27:12
Parsing ecmascript source code failed
[0m [90m 25 |[39m }))[33m;[39m
 [90m 26 |[39m
[31m[1m>[22m[39m[90m 27 |[39m   position[33m?[39m[33m:[39m [32m"absolute"[39m [33m|[39m [32m"relative"[39m[33m;[39m
 [90m    |[39m            [31m[1m^[22m[39m
 [90m 28 |[39m }
 [90m 29 |[39m
 [90m 30 |[39m [36minterface[39m [33mProps[39m [36mextends[39m [33mPosition[39m {[0m

Expression expected

Import traces:
  Client Component Browser:
    ./src/components/categories/category-list.tsx [Client Component Browser]
    ./src/components/categories/index.ts [Client Component Browser]
    ./src/components/header/header-category-dropdown.tsx [Client Component Browser]
    ./src/components/header/header.tsx [Client Component Browser]
    ./src/components/header/index.ts [Client Component Browser]
    ./src/components/layouts/shop-layout-1/shop-layout-1.tsx [Client Component Browser]
    ./src/components/layouts/shop-layout-1/shop-layout-1.tsx [Server Component]
    ./src/app/(customer-dashboard)/layout.tsx [Server Component]

  Client Component SSR:
    ./src/components/categories/category-list.tsx [Client Component SSR]
    ./src/components/categories/index.ts [Client Component SSR]
    ./src/components/header/header-category-dropdown.tsx [Client Component SSR]
    ./src/components/header/header.tsx [Client Component SSR]
    ./src/components/header/index.ts [Client Component SSR]
    ./src/components/layouts/shop-layout-1/shop-layout-1.tsx [Client Component SSR]
    ./src/components/layouts/shop-layout-1/shop-layout-1.tsx [Server Component]
    ./src/app/(customer-dashboard)/layout.tsx [Server Component]


./src/components/categories/category-menu.tsx:28:1
Parsing ecmascript source code failed
[0m [90m 26 |[39m
 [90m 27 |[39m   render[33m:[39m (handler[33m:[39m (e[33m:[39m [33mMouseEvent[39m[33m<[39m[33mHTMLButtonElement[39m[33m>[39m) [33m=>[39m [36mvoid[39m) [33m=>[39m 
[33mJSX[39m[33m.[39m[33mElement[39m[33m;[39m
[31m[1m>[22m[39m[90m 28 |[39m }
 [90m    |[39m [31m[1m^[22m[39m
 [90m 29 |[39m   [36mconst[39m [open[33m,[39m setOpen] [33m=[39m useState([36mfalse[39m)[33m;[39m
 [90m 30 |[39m
 [90m 31 |[39m   [36mconst[39m handleToggleMenu [33m=[39m useCallback((e[33m:[39m [33mMouseEvent[39m[33m<[39m[33mHTMLButtonElement[39m[33m>[39m) [33m=>[39m {[0m

Expression expected

Import traces:
  Client Component Browser:
    ./src/components/categories/category-menu.tsx [Client Component Browser]
    ./src/components/categories/index.ts [Client Component Browser]
    ./src/components/header/header-category-dropdown.tsx [Client Component Browser]
    ./src/components/header/header.tsx [Client Component Browser]
    ./src/components/header/index.ts [Client Component Browser]
    ./src/components/layouts/shop-layout-1/shop-layout-1.tsx [Client Component Browser]
    ./src/components/layouts/shop-layout-1/shop-layout-1.tsx [Server Component]
    ./src/app/(customer-dashboard)/layout.tsx [Server Component]

  Client Component SSR:
    ./src/components/categories/category-menu.tsx [Client Component SSR]
    ./src/components/categories/index.ts [Client Component SSR]
    ./src/components/header/header-category-dropdown.tsx [Client Component SSR]
    ./src/components/header/header.tsx [Client Component SSR]
    ./src/components/header/index.ts [Client Component SSR]
    ./src/components/layouts/shop-layout-1/shop-layout-1.tsx [Client Component SSR]
    ./src/components/layouts/shop-layout-1/shop-layout-1.tsx [Server Component]
    ./src/app/(customer-dashboard)/layout.tsx [Server Component]


./src/components/footer/footer-apps.tsx:8:1
Parsing ecmascript source code failed
[0m [90m  6 |[39m   playStoreUrl[33m:[39m string[33m;[39m
 [90m  7 |[39m   appleStoreUrl[33m:[39m string[33m;[39m
[31m[1m>[22m[39m[90m  8 |[39m }
 [90m    |[39m [31m[1m^[22m[39m
 [90m  9 |[39m   [36mreturn[39m (
 [90m 10 |[39m     [33m<[39m[33mFlexBox[39m flexWrap[33m=[39m[32m"wrap"[39m m[33m=[39m{[33m-[39m[35m1[39m}[33m>[39m
 [90m 11 |[39m       [33m<[39m[33ma[39m href[33m=[39m{playStoreUrl} target[33m=[39m[32m"_blank"[39m rel[33m=[39m[32m"noreferrer noopener"[39m[33m>[39m[0m

Expression expected

Import traces:
  Client Component Browser:
    ./src/components/footer/footer-apps.tsx [Client Component Browser]
    ./src/components/footer/index.ts [Client Component Browser]
    ./src/components/layouts/shop-layout-1/shop-layout-1.tsx [Client Component Browser]
    ./src/components/layouts/shop-layout-1/shop-layout-1.tsx [Server Component]
    ./src/app/(customer-dashboard)/layout.tsx [Server Component]

  Client Component SSR:
    ./src/components/footer/footer-apps.tsx [Client Component SSR]
    ./src/components/footer/index.ts [Client Component SSR]
    ./src/components/layouts/shop-layout-1/shop-layout-1.tsx [Client Component SSR]
    ./src/components/layouts/shop-layout-1/shop-layout-1.tsx [Server Component]
    ./src/app/(customer-dashboard)/layout.tsx [Server Component]


./src/components/footer/footer-links-widget.tsx:4:10
Parsing ecmascript source code failed
[0m [90m 2 |[39m [36mimport[39m { [33mHeading[39m[33m,[39m [33mStyledLink[39m } [36mfrom[39m [32m"./styles"[39m[33m;[39m
 [90m 3 |[39m
[31m[1m>[22m[39m[90m 4 |[39m   isDark[33m?[39m[33m:[39m boolean[33m;[39m
 [90m   |[39m          [31m[1m^[22m[39m
 [90m 5 |[39m   title[33m:[39m string[33m;[39m
 [90m 6 |[39m   links[33m:[39m { title[33m:[39m string[33m;[39m url[33m:[39m string }[][33m;[39m
 [90m 7 |[39m }[0m

Expression expected

Import traces:
  Client Component Browser:
    ./src/components/footer/footer-links-widget.tsx [Client Component Browser]
    ./src/components/footer/index.ts [Client Component Browser]
    ./src/components/layouts/shop-layout-1/shop-layout-1.tsx [Client Component Browser]
    ./src/components/layouts/shop-layout-1/shop-layout-1.tsx [Server Component]
    ./src/app/(customer-dashboard)/layout.tsx [Server Component]

  Client Component SSR:
    ./src/components/footer/footer-links-widget.tsx [Client Component SSR]
    ./src/components/footer/index.ts [Client Component SSR]
    ./src/components/layouts/shop-layout-1/shop-layout-1.tsx [Client Component SSR]
    ./src/components/layouts/shop-layout-1/shop-layout-1.tsx [Server Component]
    ./src/app/(customer-dashboard)/layout.tsx [Server Component]


./src/components/footer/footer-social-links.tsx:12:11
Parsing ecmascript source code failed
[0m [90m 10 |[39m [36mimport[39m { [33mVariant[39m } [36mfrom[39m [32m"./types"[39m[33m;[39m
 [90m 11 |[39m
[31m[1m>[22m[39m[90m 12 |[39m   variant[33m?[39m[33m:[39m [33mVariant[39m[33m;[39m
 [90m    |[39m           [31m[1m^[22m[39m
 [90m 13 |[39m   links[33m:[39m {
 [90m 14 |[39m     google[33m?[39m[33m:[39m string[33m;[39m
 [90m 15 |[39m     twitter[33m?[39m[33m:[39m string[33m;[39m[0m

Expression expected

Import traces:
  Client Component Browser:
    ./src/components/footer/footer-social-links.tsx [Client Component Browser]
    ./src/components/footer/index.ts [Client Component Browser]
    ./src/components/layouts/shop-layout-1/shop-layout-1.tsx [Client Component Browser]
    ./src/components/layouts/shop-layout-1/shop-layout-1.tsx [Server Component]
    ./src/app/(customer-dashboard)/layout.tsx [Server Component]

  Client Component SSR:
    ./src/components/footer/footer-social-links.tsx [Client Component SSR]
    ./src/components/footer/index.ts [Client Component SSR]
    ./src/components/layouts/shop-layout-1/shop-layout-1.tsx [Client Component SSR]
    ./src/components/layouts/shop-layout-1/shop-layout-1.tsx [Server Component]
    ./src/app/(customer-dashboard)/layout.tsx [Server Component]


./src/components/form-hook/autocomplete.tsx:6:12
Parsing ecmascript source code failed
[0m [90m 4 |[39m
 [90m 5 |[39m   [33mValue[39m[33m,[39m
[31m[1m>[22m[39m[90m 6 |[39m   [33mMultiple[39m [36mextends[39m boolean [33m|[39m undefined[33m,[39m
 [90m   |[39m            [31m[1m^[22m[39m[31m[1m^[22m[39m[31m[1m^[22m[39m[31m[1m^[22m[39m[31m[1m^[22m[39m[31m[1m^[22m[39m[31m[1m^[22m[39m
 [90m 7 |[39m   [33mDisableClearable[39m [36mextends[39m boolean [33m|[39m undefined[33m,[39m
 [90m 8 |[39m   [33mFreeSolo[39m [36mextends[39m boolean [33m|[39m undefined
 [90m 9 |[39m [33m>[39m [36mextends[39m [33mAutocompleteProps[39m[33m<[39m[33mValue[39m[33m,[39m [33mMultiple[39m[33m,[39m [33mDisableClearable[39m[33m,[39m 
[33mFreeSolo[39m[33m>[39m {[0m

Expected ';', '}' or <eof>

Import traces:
  Client Component Browser:
    ./src/components/form-hook/autocomplete.tsx [Client Component Browser]
    ./src/components/form-hook/index.ts [Client Component Browser]
    ./src/pages-sections/sessions/page-view/login.tsx [Client Component Browser]
    ./src/pages-sections/sessions/page-view/login.tsx [Server Component]
    ./src/app/@modal/(.)login/page.tsx [Server Component]

  Client Component SSR:
    ./src/components/form-hook/autocomplete.tsx [Client Component SSR]
    ./src/components/form-hook/index.ts [Client Component SSR]
    ./src/pages-sections/sessions/page-view/login.tsx [Client Component SSR]
    ./src/pages-sections/sessions/page-view/login.tsx [Server Component]
    ./src/app/@modal/(.)login/page.tsx [Server Component]


./src/components/form-hook/checkbox.tsx:7:8
Parsing ecmascript source code failed
[0m [90m  5 |[39m
 [90m  6 |[39m   name[33m:[39m string[33m;[39m
[31m[1m>[22m[39m[90m  7 |[39m   size[33m?[39m[33m:[39m [33mCheckboxProps[39m[[32m"size"[39m][33m;[39m
 [90m    |[39m        [31m[1m^[22m[39m
 [90m  8 |[39m   color[33m?[39m[33m:[39m [33mCheckboxProps[39m[[32m"color"[39m][33m;[39m
 [90m  9 |[39m }
 [90m 10 |[39m   [36mconst[39m { control } [33m=[39m useFormContext()[33m;[39m[0m

Expression expected

Import traces:
  #1 [Client Component Browser]:
    ./src/components/form-hook/checkbox.tsx [Client Component Browser]
    ./src/pages-sections/sessions/page-view/register.tsx [Client Component Browser]
    ./src/pages-sections/sessions/page-view/register.tsx [Server Component]
    ./src/pages-sections/sessions/page-view/index.ts [Server Component]
    ./src/app/login/page.tsx [Server Component]

  #2 [Client Component SSR]:
    ./src/components/form-hook/checkbox.tsx [Client Component SSR]
    ./src/pages-sections/sessions/page-view/register.tsx [Client Component SSR]
    ./src/pages-sections/sessions/page-view/register.tsx [Server Component]
    ./src/pages-sections/sessions/page-view/index.ts [Server Component]
    ./src/app/login/page.tsx [Server Component]

  #3 [Client Component Browser]:
    ./src/components/form-hook/checkbox.tsx [Client Component Browser]
    ./src/components/form-hook/index.ts [Client Component Browser]
    ./src/pages-sections/sessions/page-view/reset-password.tsx [Client Component Browser]
    ./src/pages-sections/sessions/page-view/reset-password.tsx [Server Component]
    ./src/pages-sections/sessions/page-view/index.ts [Server Component]
    ./src/app/@modal/(.)login/page.tsx [Server Component]

  #4 [Client Component SSR]:
    ./src/components/form-hook/checkbox.tsx [Client Component SSR]
    ./src/components/form-hook/index.ts [Client Component SSR]
    ./src/pages-sections/sessions/page-view/reset-password.tsx [Client Component SSR]
    ./src/pages-sections/sessions/page-view/reset-password.tsx [Server Component]
    ./src/pages-sections/sessions/page-view/index.ts [Server Component]
    ./src/app/@modal/(.)login/page.tsx [Server Component]


./src/components/form-hook/form-provider.tsx:5:58
Parsing ecmascript source code failed
[0m [90m 3 |[39m
 [90m 4 |[39m   methods[33m:[39m [33mUseFormReturn[39m[33m<[39m[33mT[39m[33m>[39m[33m;[39m
[31m[1m>[22m[39m[90m 5 |[39m   onSubmit[33m:[39m (e[33m:[39m [33mReact[39m[33m.[39m[33mFormEvent[39m[33m<[39m[33mHTMLFormElement[39m[33m>[39m) [33m=>[39m [36mvoid[39m[33m;[39m
 [90m   |[39m                                                          [31m[1m^[22m[39m
 [90m 6 |[39m }
 [90m 7 |[39m   children[33m,[39m
 [90m 8 |[39m   methods[33m,[39m[0m

Expression expected

Import traces:
  #1 [Client Component Browser]:
    ./src/components/form-hook/form-provider.tsx [Client Component Browser]
    ./src/pages-sections/sessions/page-view/login.tsx [Client Component Browser]
    ./src/pages-sections/sessions/page-view/login.tsx [Server Component]
    ./src/app/@modal/(.)login/page.tsx [Server Component]

  #2 [Client Component SSR]:
    ./src/components/form-hook/form-provider.tsx [Client Component SSR]
    ./src/pages-sections/sessions/page-view/login.tsx [Client Component SSR]
    ./src/pages-sections/sessions/page-view/login.tsx [Server Component]
    ./src/app/@modal/(.)login/page.tsx [Server Component]

  #3 [Client Component Browser]:
    ./src/components/form-hook/form-provider.tsx [Client Component Browser]
    ./src/pages-sections/sessions/page-view/reset-password.tsx [Client Component Browser]
    ./src/pages-sections/sessions/page-view/reset-password.tsx [Server Component]
    ./src/pages-sections/sessions/page-view/index.ts [Server Component]
    ./src/app/@modal/(.)login/page.tsx [Server Component]

  #4 [Client Component SSR]:
    ./src/components/form-hook/form-provider.tsx [Client Component SSR]
    ./src/pages-sections/sessions/page-view/reset-password.tsx [Client Component SSR]
    ./src/pages-sections/sessions/page-view/reset-password.tsx [Server Component]
    ./src/pages-sections/sessions/page-view/index.ts [Server Component]
    ./src/app/@modal/(.)login/page.tsx [Server Component]


./src/components/form-hook/text-field.tsx:8:3
Parsing ecmascript source code failed
[0m [90m  6 |[39m   [36mconst[39m { control } [33m=[39m useFormContext()[33m;[39m
 [90m  7 |[39m
[31m[1m>[22m[39m[90m  8 |[39m   [36mreturn[39m (
 [90m    |[39m   [31m[1m^[22m[39m[31m[1m^[22m[39m[31m[1m^[22m[39m[31m[1m^[22m[39m[31m[1m^[22m[39m[31m[1m^[22m[39m[31m[1m^[22m[39m[31m[1m^[22m[39m
[31m[1m>[22m[39m[90m  9 |[39m     [33m<[39m[33mController[39m
 [90m    |[39m [31m[1m^[22m[39m[31m[1m^[22m[39m[31m[1m^[22m[39m[31m[1m^[22m[39m[31m[1m^[22m[39m[31m[1m^[22m[39m[31m[1m^[22m[39m[31m[1m^[22m[39m[31m[1m^[22m[39m[31m[1m^
[22m[39m[31m[1m^[22m[39m[31m[1m^[22m[39m[31m[1m^[22m[39m[31m[1m^[22m[39m[31m[1m^[22m[39m
[31m[1m>[22m[39m[90m 10 |[39m       name[33m=[39m{name}
 [90m    |[39m [31m[1m^[22m[39m[31m[1m^[22m[39m[31m[1m^[22m[39m[31m[1m^[22m[39m[31m[1m^[22m[39m[31m[1m^[22m[39m[31m[1m^[22m[39m[31m[1m^[22m[39m[31m[1m^[22m[39m[31m[1m^
[22m[39m[31m[1m^[22m[39m[31m[1m^[22m[39m[31m[1m^[22m[39m[31m[1m^[22m[39m[31m[1m^[22m[39m
[31m[1m>[22m[39m[90m 11 |[39m       control[33m=[39m{control}
 [90m    |[39m [31m[1m^[22m[39m[31m[1m^[22m[39m[31m[1m^[22m[39m[31m[1m^[22m[39m[31m[1m^[22m[39m[31m[1m^[22m[39m[31m[1m^[22m[39m[31m[1m^[22m[39m[31m[1m^[22m[39m[31m[1m^
[22m[39m[31m[1m^[22m[39m[31m[1m^[22m[39m[31m[1m^[22m[39m[31m[1m^[22m[39m[31m[1m^[22m[39m
[31m[1m>[22m[39m[90m 12 |[39m       render[33m=[39m{({ field[33m,[39m fieldState[33m:[39m { error } }) [33m=>[39m (
 [90m    |[39m [31m[1m^[22m[39m[31m[1m^[22m[39m[31m[1m^[22m[39m[31m[1m^[22m[39m[31m[1m^[22m[39m[31m[1m^[22m[39m[31m[1m^[22m[39m[31m[1m^[22m[39m[31m[1m^[22m[39m[31m[1m^
[22m[39m[31m[1m^[22m[39m[31m[1m^[22m[39m[31m[1m^[22m[39m[31m[1m^[22m[39m[31m[1m^[22m[39m
[31m[1m>[22m[39m[90m 13 |[39m         [33m<[39m[33mMuiTextField[39m
 [90m    |[39m [31m[1m^[22m[39m[31m[1m^[22m[39m[31m[1m^[22m[39m[31m[1m^[22m[39m[31m[1m^[22m[39m[31m[1m^[22m[39m[31m[1m^[22m[39m[31m[1m^[22m[39m[31m[1m^[22m[39m[31m[1m^
[22m[39m[31m[1m^[22m[39m[31m[1m^[22m[39m[31m[1m^[22m[39m[31m[1m^[22m[39m[31m[1m^[22m[39m
[31m[1m>[22m[39m[90m 14 |[39m           {[33m...[39mfield}
 [90m    |[39m [31m[1m^[22m[39m[31m[1m^[22m[39m[31m[1m^[22m[39m[31m[1m^[22m[39m[31m[1m^[22m[39m[31m[1m^[22m[39m[31m[1m^[22m[39m[31m[1m^[22m[39m[31m[1m^[22m[39m[31m[1m^
[22m[39m[31m[1m^[22m[39m[31m[1m^[22m[39m[31m[1m^[22m[39m[31m[1m^[22m[39m[31m[1m^[22m[39m
[31m[1m>[22m[39m[90m 15 |[39m           type[33m=[39m{type}
 [90m    |[39m [31m[1m^[22m[39m[31m[1m^[22m[39m[31m[1m^[22m[39m[31m[1m^[22m[39m[31m[1m^[22m[39m[31m[1m^[22m[39m[31m[1m^[22m[39m[31m[1m^[22m[39m[31m[1m^[22m[39m[31m[1m^
[22m[39m[31m[1m^[22m[39m[31m[1m^[22m[39m[31m[1m^[22m[39m[31m[1m^[22m[39m[31m[1m^[22m[39m
[31m[1m>[22m[39m[90m 16 |[39m           value[33m=[39m{field[33m.[39mvalue}
 [90m    |[39m [31m[1m^[22m[39m[31m[1m^[22m[39m[31m[1m^[22m[39m[31m[1m^[22m[39m[31m[1m^[22m[39m[31m[1m^[22m[39m[31m[1m^[22m[39m[31m[1m^[22m[39m[31m[1m^[22m[39m[31m[1m^
[22m[39m[31m[1m^[22m[39m[31m[1m^[22m[39m[31m[1m^[22m[39m[31m[1m^[22m[39m[31m[1m^[22m[39m
[31m[1m>[22m[39m[90m 17 |[39m           onChange[33m=[39m{field[33m.[39monChange}
 [90m    |[39m [31m[1m^[22m[39m[31m[1m^[22m[39m[31m[1m^[22m[39m[31m[1m^[22m[39m[31m[1m^[22m[39m[31m[1m^[22m[39m[31m[1m^[22m[39m[31m[1m^[22m[39m[31m[1m^[22m[39m[31m[1m^
[22m[39m[31m[1m^[22m[39m[31m[1m^[22m[39m[31m[1m^[22m[39m[31m[1m^[22m[39m[31m[1m^[22m[39m
[31m[1m>[22m[39m[90m 18 |[39m           [90m//   value={type === "number" && field.value === 0 ? "" : field.value}[39m
 [90m    |[39m [31m[1m^[22m[39m[31m[1m^[22m[39m[31m[1m^[22m[39m[31m[1m^[22m[39m[31m[1m^[22m[39m[31m[1m^[22m[39m[31m[1m^[22m[39m[31m[1m^[22m[39m[31m[1m^[22m[39m[31m[1m^
[22m[39m[31m[1m^[22m[39m[31m[1m^[22m[39m[31m[1m^[22m[39m[31m[1m^[22m[39m[31m[1m^[22m[39m
[31m[1m>[22m[39m[90m 19 |[39m           [90m//   onChange={(event) => {[39m
 [90m    |[39m [31m[1m^[22m[39m[31m[1m^[22m[39m[31m[1m^[22m[39m[31m[1m^[22m[39m[31m[1m^[22m[39m[31m[1m^[22m[39m[31m[1m^[22m[39m[31m[1m^[22m[39m[31m[1m^[22m[39m[31m[1m^
[22m[39m[31m[1m^[22m[39m[31m[1m^[22m[39m[31m[1m^[22m[39m[31m[1m^[22m[39m[31m[1m^[22m[39m
[31m[1m>[22m[39m[90m 20 |[39m           [90m//     if (type === "number") {[39m
 [90m    |[39m [31m[1m^[22m[39m[31m[1m^[22m[39m[31m[1m^[22m[39m[31m[1m^[22m[39m[31m[1m^[22m[39m[31m[1m^[22m[39m[31m[1m^[22m[39m[31m[1m^[22m[39m[31m[1m^[22m[39m[31m[1m^
[22m[39m[31m[1m^[22m[39m[31m[1m^[22m[39m[31m[1m^[22m[39m[31m[1m^[22m[39m[31m[1m^[22m[39m
[31m[1m>[22m[39m[90m 21 |[39m           [90m//       field.onChange(Number(event.target.value));[39m
 [90m    |[39m [31m[1m^[22m[39m[31m[1m^[22m[39m[31m[1m^[22m[39m[31m[1m^[22m[39m[31m[1m^[22m[39m[31m[1m^[22m[39m[31m[1m^[22m[39m[31m[1m^[22m[39m[31m[1m^[22m[39m[31m[1m^
[22m[39m[31m[1m^[22m[39m[31m[1m^[22m[39m[31m[1m^[22m[39m[31m[1m^[22m[39m[31m[1m^[22m[39m
[31m[1m>[22m[39m[90m 22 |[39m           [90m//     } else {[39m
 [90m    |[39m [31m[1m^[22m[39m[31m[1m^[22m[39m[31m[1m^[22m[39m[31m[1m^[22m[39m[31m[1m^[22m[39m[31m[1m^[22m[39m[31m[1m^[22m[39m[31m[1m^[22m[39m[31m[1m^[22m[39m[31m[1m^
[22m[39m[31m[1m^[22m[39m[31m[1m^[22m[39m[31m[1m^[22m[39m[31m[1m^[22m[39m[31m[1m^[22m[39m
[31m[1m>[22m[39m[90m 23 |[39m           [90m//       field.onChange(event.target.value);[39m
 [90m    |[39m [31m[1m^[22m[39m[31m[1m^[22m[39m[31m[1m^[22m[39m[31m[1m^[22m[39m[31m[1m^[22m[39m[31m[1m^[22m[39m[31m[1m^[22m[39m[31m[1m^[22m[39m[31m[1m^[22m[39m[31m[1m^
[22m[39m[31m[1m^[22m[39m[31m[1m^[22m[39m[31m[1m^[22m[39m[31m[1m^[22m[39m[31m[1m^[22m[39m
[31m[1m>[22m[39m[90m 24 |[39m           [90m//     }[39m
 [90m    |[39m [31m[1m^[22m[39m[31m[1m^[22m[39m[31m[1m^[22m[39m[31m[1m^[22m[39m[31m[1m^[22m[39m[31m[1m^[22m[39m[31m[1m^[22m[39m[31m[1m^[22m[39m[31m[1m^[22m[39m[31m[1m^
[22m[39m[31m[1m^[22m[39m[31m[1m^[22m[39m[31m[1m^[22m[39m[31m[1m^[22m[39m[31m[1m^[22m[39m
[31m[1m>[22m[39m[90m 25 |[39m           [90m//   }}[39m
 [90m    |[39m [31m[1m^[22m[39m[31m[1m^[22m[39m[31m[1m^[22m[39m[31m[1m^[22m[39m[31m[1m^[22m[39m[31m[1m^[22m[39m[31m[1m^[22m[39m[31m[1m^[22m[39m[31m[1m^[22m[39m[31m[1m^
[22m[39m[31m[1m^[22m[39m[31m[1m^[22m[39m[31m[1m^[22m[39m[31m[1m^[22m[39m[31m[1m^[22m[39m
[31m[1m>[22m[39m[90m 26 |[39m           error[33m=[39m{[33mBoolean[39m(error)}
 [90m    |[39m [31m[1m^[22m[39m[31m[1m^[22m[39m[31m[1m^[22m[39m[31m[1m^[22m[39m[31m[1m^[22m[39m[31m[1m^[22m[39m[31m[1m^[22m[39m[31m[1m^[22m[39m[31m[1m^[22m[39m[31m[1m^
[22m[39m[31m[1m^[22m[39m[31m[1m^[22m[39m[31m[1m^[22m[39m[31m[1m^[22m[39m[31m[1m^[22m[39m
[31m[1m>[22m[39m[90m 27 |[39m           helperText[33m=[39m{error[33m?[39m[33m.[39mmessage [33m||[39m helperText}
 [90m    |[39m [31m[1m^[22m[39m[31m[1m^[22m[39m[31m[1m^[22m[39m[31m[1m^[22m[39m[31m[1m^[22m[39m[31m[1m^[22m[39m[31m[1m^[22m[39m[31m[1m^[22m[39m[31m[1m^[22m[39m[31m[1m^
[22m[39m[31m[1m^[22m[39m[31m[1m^[22m[39m[31m[1m^[22m[39m[31m[1m^[22m[39m[31m[1m^[22m[39m
[31m[1m>[22m[39m[90m 28 |[39m           {[33m...[39mother}
 [90m    |[39m [31m[1m^[22m[39m[31m[1m^[22m[39m[31m[1m^[22m[39m[31m[1m^[22m[39m[31m[1m^[22m[39m[31m[1m^[22m[39m[31m[1m^[22m[39m[31m[1m^[22m[39m[31m[1m^[22m[39m[31m[1m^
[22m[39m[31m[1m^[22m[39m[31m[1m^[22m[39m[31m[1m^[22m[39m[31m[1m^[22m[39m[31m[1m^[22m[39m
[31m[1m>[22m[39m[90m 29 |[39m         [33m/[39m[33m>[39m
 [90m    |[39m [31m[1m^[22m[39m[31m[1m^[22m[39m[31m[1m^[22m[39m[31m[1m^[22m[39m[31m[1m^[22m[39m[31m[1m^[22m[39m[31m[1m^[22m[39m[31m[1m^[22m[39m[31m[1m^[22m[39m[31m[1m^
[22m[39m[31m[1m^[22m[39m[31m[1m^[22m[39m[31m[1m^[22m[39m[31m[1m^[22m[39m[31m[1m^[22m[39m
[31m[1m>[22m[39m[90m 30 |[39m       )}
 [90m    |[39m [31m[1m^[22m[39m[31m[1m^[22m[39m[31m[1m^[22m[39m[31m[1m^[22m[39m[31m[1m^[22m[39m[31m[1m^[22m[39m[31m[1m^[22m[39m[31m[1m^[22m[39m[31m[1m^[22m[39m[31m[1m^
[22m[39m[31m[1m^[22m[39m[31m[1m^[22m[39m[31m[1m^[22m[39m[31m[1m^[22m[39m[31m[1m^[22m[39m
[31m[1m>[22m[39m[90m 31 |[39m     [33m/[39m[33m>[39m
 [90m    |[39m [31m[1m^[22m[39m[31m[1m^[22m[39m[31m[1m^[22m[39m[31m[1m^[22m[39m[31m[1m^[22m[39m[31m[1m^[22m[39m[31m[1m^[22m[39m[31m[1m^[22m[39m[31m[1m^[22m[39m[31m[1m^
[22m[39m[31m[1m^[22m[39m[31m[1m^[22m[39m[31m[1m^[22m[39m[31m[1m^[22m[39m[31m[1m^[22m[39m
[31m[1m>[22m[39m[90m 32 |[39m   )[33m;[39m
 [90m    |[39m [31m[1m^[22m[39m[31m[1m^[22m[39m[31m[1m^[22m[39m[31m[1m^[22m[39m[31m[1m^[22m[39m
 [90m 33 |[39m }
 [90m 34 |[39m[0m

Return statement is not allowed here

Import traces:
  #1 [Client Component Browser]:
    ./src/components/form-hook/text-field.tsx [Client Component Browser]
    ./src/pages-sections/sessions/page-view/login.tsx [Client Component Browser]
    ./src/pages-sections/sessions/page-view/login.tsx [Server Component]
    ./src/app/@modal/(.)login/page.tsx [Server Component]

  #2 [Client Component SSR]:
    ./src/components/form-hook/text-field.tsx [Client Component SSR]
    ./src/pages-sections/sessions/page-view/login.tsx [Client Component SSR]
    ./src/pages-sections/sessions/page-view/login.tsx [Server Component]
    ./src/app/@modal/(.)login/page.tsx [Server Component]

  #3 [Client Component Browser]:
    ./src/components/form-hook/text-field.tsx [Client Component Browser]
    ./src/pages-sections/sessions/page-view/reset-password.tsx [Client Component Browser]
    ./src/pages-sections/sessions/page-view/reset-password.tsx [Server Component]
    ./src/pages-sections/sessions/page-view/index.ts [Server Component]
    ./src/app/@modal/(.)login/page.tsx [Server Component]

  #4 [Client Component SSR]:
    ./src/components/form-hook/text-field.tsx [Client Component SSR]
    ./src/pages-sections/sessions/page-view/reset-password.tsx [Client Component SSR]
    ./src/pages-sections/sessions/page-view/reset-password.tsx [Server Component]
    ./src/pages-sections/sessions/page-view/index.ts [Server Component]
    ./src/app/@modal/(.)login/page.tsx [Server Component]


./src/components/header/mobile-header/mobile-header.tsx:6:3
Parsing ecmascript source code failed
[0m [90m  4 |[39m [36mimport[39m [33mBox[39m [36mfrom[39m [32m"@mui/material/Box"[39m[33m;[39m
 [90m  5 |[39m
[31m[1m>[22m[39m[90m  6 |[39m   [36mreturn[39m (
 [90m    |[39m   [31m[1m^[22m[39m[31m[1m^[22m[39m[31m[1m^[22m[39m[31m[1m^[22m[39m[31m[1m^[22m[39m[31m[1m^[22m[39m[31m[1m^[22m[39m[31m[1m^[22m[39m
[31m[1m>[22m[39m[90m  7 |[39m     [33m<[39m[33mBox[39m display[33m=[39m[32m"flex"[39m alignItems[33m=[39m[32m"center"[39m justifyContent[33m=[39m[32m"space-between"[39m 
width[33m=[39m[32m"100%"[39m {[33m...[39mprops}[33m>[39m
 [90m    |[39m [31m[1m^[22m[39m[31m[1m^[22m[39m[31m[1m^[22m[39m[31m[1m^[22m[39m[31m[1m^[22m[39m[31m[1m^[22m[39m[31m[1m^[22m[39m[31m[1m^[22m[39m[31m[1m^[22m[39m[31m[1m^
[22m[39m[31m[1m^[22m[39m[31m[1m^[22m[39m[31m[1m^[22m[39m[31m[1m^[22m[39m[31m[1m^[22m[39m[31m[1m^[22m[39m[31m[1m^[22m[39m[31m[1m^[22m[39m[31m[1m^[22m[39m[31m[1m^[22m[39
m[31m[1m^[22m[39m[31m[1m^[22m[39m[31m[1m^[22m[39m[31m[1m^[22m[39m[31m[1m^[22m[39m[31m[1m^[22m[39m[31m[1m^[22m[39m[31m[1m^[22m[39m[31m[1m^[22m[39m[31m[1m^[22m[39m[31m[
1m^[22m[39m[31m[1m^[22m[39m[31m[1m^[22m[39m[31m[1m^[22m[39m[31m[1m^[22m[39m[31m[1m^[22m[39m[31m[1m^[22m[39m[31m[1m^[22m[39m[31m[1m^[22m[39m[31m[1m^[22m[39m[31m[1m^[22m
[39m[31m[1m^[22m[39m[31m[1m^[22m[39m[31m[1m^[22m[39m[31m[1m^[22m[39m[31m[1m^[22m[39m[31m[1m^[22m[39m[31m[1m^[22m[39m[31m[1m^[22m[39m[31m[1m^[22m[39m[31m[1m^[22m[39m[3
1m[1m^[22m[39m[31m[1m^[22m[39m[31m[1m^[22m[39m[31m[1m^[22m[39m[31m[1m^[22m[39m[31m[1m^[22m[39m[31m[1m^[22m[39m[31m[1m^[22m[39m[31m[1m^[22m[39m[31m[1m^[22m[39m[31m[1m^
[22m[39m[31m[1m^[22m[39m[31m[1m^[22m[39m[31m[1m^[22m[39m[31m[1m^[22m[39m[31m[1m^[22m[39m[31m[1m^[22m[39m[31m[1m^[22m[39m[31m[1m^[22m[39m[31m[1m^[22m[39m[31m[1m^[22m[39
m[31m[1m^[22m[39m[31m[1m^[22m[39m[31m[1m^[22m[39m[31m[1m^[22m[39m[31m[1m^[22m[39m[31m[1m^[22m[39m[31m[1m^[22m[39m[31m[1m^[22m[39m[31m[1m^[22m[39m[31m[1m^[22m[39m[31m[
1m^[22m[39m[31m[1m^[22m[39m[31m[1m^[22m[39m[31m[1m^[22m[39m[31m[1m^[22m[39m[31m[1m^[22m[39m[31m[1m^[22m[39m[31m[1m^[22m[39m[31m[1m^[22m[39m[31m[1m^[22m[39m[31m[1m^[22m
[39m[31m[1m^[22m[39m[31m[1m^[22m[39m[31m[1m^[22m[39m[31m[1m^[22m[39m[31m[1m^[22m[39m[31m[1m^[22m[39m
[31m[1m>[22m[39m[90m  8 |[39m       {children}
 [90m    |[39m [31m[1m^[22m[39m[31m[1m^[22m[39m[31m[1m^[22m[39m[31m[1m^[22m[39m[31m[1m^[22m[39m[31m[1m^[22m[39m[31m[1m^[22m[39m[31m[1m^[22m[39m[31m[1m^[22m[39m[31m[1m^
[22m[39m[31m[1m^[22m[39m[31m[1m^[22m[39m[31m[1m^[22m[39m[31m[1m^[22m[39m[31m[1m^[22m[39m[31m[1m^[22m[39m[31m[1m^[22m[39m[31m[1m^[22m[39m[31m[1m^[22m[39m[31m[1m^[22m[39
m[31m[1m^[22m[39m[31m[1m^[22m[39m[31m[1m^[22m[39m[31m[1m^[22m[39m[31m[1m^[22m[39m[31m[1m^[22m[39m[31m[1m^[22m[39m[31m[1m^[22m[39m[31m[1m^[22m[39m[31m[1m^[22m[39m[31m[
1m^[22m[39m[31m[1m^[22m[39m[31m[1m^[22m[39m[31m[1m^[22m[39m[31m[1m^[22m[39m[31m[1m^[22m[39m[31m[1m^[22m[39m[31m[1m^[22m[39m[31m[1m^[22m[39m[31m[1m^[22m[39m[31m[1m^[22m
[39m[31m[1m^[22m[39m[31m[1m^[22m[39m[31m[1m^[22m[39m[31m[1m^[22m[39m[31m[1m^[22m[39m[31m[1m^[22m[39m[31m[1m^[22m[39m[31m[1m^[22m[39m[31m[1m^[22m[39m[31m[1m^[22m[39m[3
1m[1m^[22m[39m[31m[1m^[22m[39m[31m[1m^[22m[39m[31m[1m^[22m[39m[31m[1m^[22m[39m[31m[1m^[22m[39m[31m[1m^[22m[39m[31m[1m^[22m[39m[31m[1m^[22m[39m[31m[1m^[22m[39m[31m[1m^
[22m[39m[31m[1m^[22m[39m[31m[1m^[22m[39m[31m[1m^[22m[39m[31m[1m^[22m[39m[31m[1m^[22m[39m[31m[1m^[22m[39m[31m[1m^[22m[39m[31m[1m^[22m[39m[31m[1m^[22m[39m[31m[1m^[22m[39
m[31m[1m^[22m[39m[31m[1m^[22m[39m[31m[1m^[22m[39m[31m[1m^[22m[39m[31m[1m^[22m[39m[31m[1m^[22m[39m[31m[1m^[22m[39m[31m[1m^[22m[39m[31m[1m^[22m[39m[31m[1m^[22m[39m[31m[
1m^[22m[39m[31m[1m^[22m[39m[31m[1m^[22m[39m[31m[1m^[22m[39m[31m[1m^[22m[39m[31m[1m^[22m[39m[31m[1m^[22m[39m[31m[1m^[22m[39m[31m[1m^[22m[39m[31m[1m^[22m[39m[31m[1m^[22m
[39m[31m[1m^[22m[39m[31m[1m^[22m[39m[31m[1m^[22m[39m[31m[1m^[22m[39m[31m[1m^[22m[39m[31m[1m^[22m[39m
[31m[1m>[22m[39m[90m  9 |[39m     [33m<[39m[33m/[39m[33mBox[39m[33m>[39m
 [90m    |[39m [31m[1m^[22m[39m[31m[1m^[22m[39m[31m[1m^[22m[39m[31m[1m^[22m[39m[31m[1m^[22m[39m[31m[1m^[22m[39m[31m[1m^[22m[39m[31m[1m^[22m[39m[31m[1m^[22m[39m[31m[1m^
[22m[39m[31m[1m^[22m[39m[31m[1m^[22m[39m[31m[1m^[22m[39m[31m[1m^[22m[39m[31m[1m^[22m[39m[31m[1m^[22m[39m[31m[1m^[22m[39m[31m[1m^[22m[39m[31m[1m^[22m[39m[31m[1m^[22m[39
m[31m[1m^[22m[39m[31m[1m^[22m[39m[31m[1m^[22m[39m[31m[1m^[22m[39m[31m[1m^[22m[39m[31m[1m^[22m[39m[31m[1m^[22m[39m[31m[1m^[22m[39m[31m[1m^[22m[39m[31m[1m^[22m[39m[31m[
1m^[22m[39m[31m[1m^[22m[39m[31m[1m^[22m[39m[31m[1m^[22m[39m[31m[1m^[22m[39m[31m[1m^[22m[39m[31m[1m^[22m[39m[31m[1m^[22m[39m[31m[1m^[22m[39m[31m[1m^[22m[39m[31m[1m^[22m
[39m[31m[1m^[22m[39m[31m[1m^[22m[39m[31m[1m^[22m[39m[31m[1m^[22m[39m[31m[1m^[22m[39m[31m[1m^[22m[39m[31m[1m^[22m[39m[31m[1m^[22m[39m[31m[1m^[22m[39m[31m[1m^[22m[39m[3
1m[1m^[22m[39m[31m[1m^[22m[39m[31m[1m^[22m[39m[31m[1m^[22m[39m[31m[1m^[22m[39m[31m[1m^[22m[39m[31m[1m^[22m[39m[31m[1m^[22m[39m[31m[1m^[22m[39m[31m[1m^[22m[39m[31m[1m^
[22m[39m[31m[1m^[22m[39m[31m[1m^[22m[39m[31m[1m^[22m[39m[31m[1m^[22m[39m[31m[1m^[22m[39m[31m[1m^[22m[39m[31m[1m^[22m[39m[31m[1m^[22m[39m[31m[1m^[22m[39m[31m[1m^[22m[39
m[31m[1m^[22m[39m[31m[1m^[22m[39m[31m[1m^[22m[39m[31m[1m^[22m[39m[31m[1m^[22m[39m[31m[1m^[22m[39m[31m[1m^[22m[39m[31m[1m^[22m[39m[31m[1m^[22m[39m[31m[1m^[22m[39m[31m[
1m^[22m[39m[31m[1m^[22m[39m[31m[1m^[22m[39m[31m[1m^[22m[39m[31m[1m^[22m[39m[31m[1m^[22m[39m[31m[1m^[22m[39m[31m[1m^[22m[39m[31m[1m^[22m[39m[31m[1m^[22m[39m[31m[1m^[22m
[39m[31m[1m^[22m[39m[31m[1m^[22m[39m[31m[1m^[22m[39m[31m[1m^[22m[39m[31m[1m^[22m[39m[31m[1m^[22m[39m
[31m[1m>[22m[39m[90m 10 |[39m   )[33m;[39m
 [90m    |[39m [31m[1m^[22m[39m[31m[1m^[22m[39m[31m[1m^[22m[39m[31m[1m^[22m[39m[31m[1m^[22m[39m
 [90m 11 |[39m }
 [90m 12 |[39m
 [90m 13 |[39m [90m// ==================================================================[39m[0m

Return statement is not allowed here

Import traces:
  Client Component Browser:
    ./src/components/header/mobile-header/mobile-header.tsx [Client Component Browser]
    ./src/components/layouts/shop-layout-1/shop-layout-1.tsx [Client Component Browser]
    ./src/components/layouts/shop-layout-1/shop-layout-1.tsx [Server Component]
    ./src/app/(customer-dashboard)/layout.tsx [Server Component]

  Client Component SSR:
    ./src/components/header/mobile-header/mobile-header.tsx [Client Component SSR]
    ./src/components/layouts/shop-layout-1/shop-layout-1.tsx [Client Component SSR]
    ./src/components/layouts/shop-layout-1/shop-layout-1.tsx [Server Component]
    ./src/app/(customer-dashboard)/layout.tsx [Server Component]


./src/components/icon-link/icon-link.tsx:9:6
Parsing ecmascript source code failed
[0m [90m  7 |[39m   url[33m:[39m string[33m;[39m
 [90m  8 |[39m   title[33m:[39m string[33m;[39m
[31m[1m>[22m[39m[90m  9 |[39m   sx[33m?[39m[33m:[39m [33mSxProps[39m[33m<[39m[33mTheme[39m[33m>[39m[33m;[39m
 [90m    |[39m      [31m[1m^[22m[39m
 [90m 10 |[39m }
 [90m 11 |[39m   [36mreturn[39m (
 [90m 12 |[39m     [33m<[39m[33mStyledLink[39m href[33m=[39m{url} sx[33m=[39m{sx}[33m>[39m[0m

Expression expected

Import traces:
  Client Component Browser:
    ./src/components/icon-link/icon-link.tsx [Client Component Browser]
    ./src/app/@modal/(.)products/[slug]/view/components/button-group.tsx [Client Component Browser]
    ./src/app/@modal/(.)products/[slug]/view/components/button-group.tsx [Server Component]
    ./src/app/@modal/(.)products/[slug]/view/components/product-quick-view.tsx [Server Component]
    ./src/app/@modal/(.)products/[slug]/view/page.tsx [Server Component]

  Client Component SSR:
    ./src/components/icon-link/icon-link.tsx [Client Component SSR]
    ./src/app/@modal/(.)products/[slug]/view/components/button-group.tsx [Client Component SSR]
    ./src/app/@modal/(.)products/[slug]/view/components/button-group.tsx [Server Component]
    ./src/app/@modal/(.)products/[slug]/view/components/product-quick-view.tsx [Server Component]
    ./src/app/@modal/(.)products/[slug]/view/page.tsx [Server Component]


./src/components/layouts/customer-dashboard/nav-item.tsx:27:9
Parsing ecmascript source code failed
[0m [90m 25 |[39m   href[33m:[39m string[33m;[39m
 [90m 26 |[39m   title[33m:[39m string[33m;[39m
[31m[1m>[22m[39m[90m 27 |[39m   count[33m?[39m[33m:[39m number[33m;[39m
 [90m    |[39m         [31m[1m^[22m[39m
 [90m 28 |[39m }
 [90m 29 |[39m   [36mconst[39m { href[33m,[39m icon[33m,[39m title[33m,[39m count } [33m=[39m item[33m;[39m
 [90m 30 |[39m[0m

Expression expected

Import traces:
  Server Component:
    ./src/components/layouts/customer-dashboard/nav-item.tsx
    ./src/components/layouts/customer-dashboard/navigation.tsx
    ./src/components/layouts/customer-dashboard/index.tsx
    ./src/app/(customer-dashboard)/address/layout.tsx

  Client Component Browser:
    ./src/components/layouts/customer-dashboard/nav-item.tsx [Client Component Browser]
    ./src/components/layouts/customer-dashboard/navigation.tsx [Client Component Browser]
    ./src/components/layouts/customer-dashboard/layout.tsx [Client Component Browser]
    ./src/components/layouts/customer-dashboard/layout.tsx [Server Component]
    ./src/app/(customer-dashboard)/orders/layout.tsx [Server Component]

  Client Component SSR:
    ./src/components/layouts/customer-dashboard/nav-item.tsx [Client Component SSR]
    ./src/components/layouts/customer-dashboard/navigation.tsx [Client Component SSR]
    ./src/components/layouts/customer-dashboard/layout.tsx [Client Component SSR]
    ./src/components/layouts/customer-dashboard/layout.tsx [Server Component]
    ./src/app/(customer-dashboard)/orders/layout.tsx [Server Component]


./src/components/mobile-navbar/mobile-menu.tsx:25:3
Parsing ecmascript source code failed
[0m [90m 23 |[39m   [36mconst[39m handleOpen [33m=[39m useCallback(() [33m=>[39m setOpenDrawer([36mtrue[39m)[33m,[39m [])[33m;[39m
 [90m 24 |[39m
[31m[1m>[22m[39m[90m 25 |[39m   [36mreturn[39m (
 [90m    |[39m   [31m[1m^[22m[39m[31m[1m^[22m[39m[31m[1m^[22m[39m[31m[1m^[22m[39m[31m[1m^[22m[39m[31m[1m^[22m[39m[31m[1m^[22m[39m[31m[1m^[22m[39m
[31m[1m>[22m[39m[90m 26 |[39m     [33m<[39m[33mFragment[39m[33m>[39m
 [90m    |[39m [31m[1m^[22m[39m[31m[1m^[22m[39m[31m[1m^[22m[39m[31m[1m^[22m[39m[31m[1m^[22m[39m[31m[1m^[22m[39m[31m[1m^[22m[39m[31m[1m^[22m[39m[31m[1m^[22m[39m[31m[1m^
[22m[39m[31m[1m^[22m[39m[31m[1m^[22m[39m[31m[1m^[22m[39m[31m[1m^[22m[39m
[31m[1m>[22m[39m[90m 27 |[39m       [33m<[39m[33mIconButton[39m
 [90m    |[39m [31m[1m^[22m[39m[31m[1m^[22m[39m[31m[1m^[22m[39m[31m[1m^[22m[39m[31m[1m^[22m[39m[31m[1m^[22m[39m[31m[1m^[22m[39m[31m[1m^[22m[39m[31m[1m^[22m[39m[31m[1m^
[22m[39m[31m[1m^[22m[39m[31m[1m^[22m[39m[31m[1m^[22m[39m[31m[1m^[22m[39m
[31m[1m>[22m[39m[90m 28 |[39m         onClick[33m=[39m{handleOpen}
 [90m    |[39m [31m[1m^[22m[39m[31m[1m^[22m[39m[31m[1m^[22m[39m[31m[1m^[22m[39m[31m[1m^[22m[39m[31m[1m^[22m[39m[31m[1m^[22m[39m[31m[1m^[22m[39m[31m[1m^[22m[39m[31m[1m^
[22m[39m[31m[1m^[22m[39m[31m[1m^[22m[39m[31m[1m^[22m[39m[31m[1m^[22m[39m
[31m[1m>[22m[39m[90m 29 |[39m         sx[33m=[39m{{ flexShrink[33m:[39m [35m0[39m[33m,[39m color[33m:[39m [32m"grey.600"[39m }}
 [90m    |[39m [31m[1m^[22m[39m[31m[1m^[22m[39m[31m[1m^[22m[39m[31m[1m^[22m[39m[31m[1m^[22m[39m[31m[1m^[22m[39m[31m[1m^[22m[39m[31m[1m^[22m[39m[31m[1m^[22m[39m[31m[1m^
[22m[39m[31m[1m^[22m[39m[31m[1m^[22m[39m[31m[1m^[22m[39m[31m[1m^[22m[39m
[31m[1m>[22m[39m[90m 30 |[39m         aria[33m-[39mlabel[33m=[39m[32m"Open menu"[39m
 [90m    |[39m [31m[1m^[22m[39m[31m[1m^[22m[39m[31m[1m^[22m[39m[31m[1m^[22m[39m[31m[1m^[22m[39m[31m[1m^[22m[39m[31m[1m^[22m[39m[31m[1m^[22m[39m[31m[1m^[22m[39m[31m[1m^
[22m[39m[31m[1m^[22m[39m[31m[1m^[22m[39m[31m[1m^[22m[39m[31m[1m^[22m[39m
[31m[1m>[22m[39m[90m 31 |[39m         aria[33m-[39mexpanded[33m=[39m{openDrawer}
 [90m    |[39m [31m[1m^[22m[39m[31m[1m^[22m[39m[31m[1m^[22m[39m[31m[1m^[22m[39m[31m[1m^[22m[39m[31m[1m^[22m[39m[31m[1m^[22m[39m[31m[1m^[22m[39m[31m[1m^[22m[39m[31m[1m^
[22m[39m[31m[1m^[22m[39m[31m[1m^[22m[39m[31m[1m^[22m[39m[31m[1m^[22m[39m
[31m[1m>[22m[39m[90m 32 |[39m         aria[33m-[39mcontrols[33m=[39m[32m"mobile-menu-drawer"[39m
 [90m    |[39m [31m[1m^[22m[39m[31m[1m^[22m[39m[31m[1m^[22m[39m[31m[1m^[22m[39m[31m[1m^[22m[39m[31m[1m^[22m[39m[31m[1m^[22m[39m[31m[1m^[22m[39m[31m[1m^[22m[39m[31m[1m^
[22m[39m[31m[1m^[22m[39m[31m[1m^[22m[39m[31m[1m^[22m[39m[31m[1m^[22m[39m
[31m[1m>[22m[39m[90m 33 |[39m       [33m>[39m
 [90m    |[39m [31m[1m^[22m[39m[31m[1m^[22m[39m[31m[1m^[22m[39m[31m[1m^[22m[39m[31m[1m^[22m[39m[31m[1m^[22m[39m[31m[1m^[22m[39m[31m[1m^[22m[39m[31m[1m^[22m[39m[31m[1m^
[22m[39m[31m[1m^[22m[39m[31m[1m^[22m[39m[31m[1m^[22m[39m[31m[1m^[22m[39m
[31m[1m>[22m[39m[90m 34 |[39m         [33m<[39m[33mMenuIcon[39m [33m/[39m[33m>[39m
 [90m    |[39m [31m[1m^[22m[39m[31m[1m^[22m[39m[31m[1m^[22m[39m[31m[1m^[22m[39m[31m[1m^[22m[39m[31m[1m^[22m[39m[31m[1m^[22m[39m[31m[1m^[22m[39m[31m[1m^[22m[39m[31m[1m^
[22m[39m[31m[1m^[22m[39m[31m[1m^[22m[39m[31m[1m^[22m[39m[31m[1m^[22m[39m
[31m[1m>[22m[39m[90m 35 |[39m       [33m<[39m[33m/[39m[33mIconButton[39m[33m>[39m
 [90m    |[39m [31m[1m^[22m[39m[31m[1m^[22m[39m[31m[1m^[22m[39m[31m[1m^[22m[39m[31m[1m^[22m[39m[31m[1m^[22m[39m[31m[1m^[22m[39m[31m[1m^[22m[39m[31m[1m^[22m[39m[31m[1m^
[22m[39m[31m[1m^[22m[39m[31m[1m^[22m[39m[31m[1m^[22m[39m[31m[1m^[22m[39m
[31m[1m>[22m[39m[90m 36 |[39m
 [90m    |[39m [31m[1m^[22m[39m[31m[1m^[22m[39m[31m[1m^[22m[39m[31m[1m^[22m[39m[31m[1m^[22m[39m[31m[1m^[22m[39m[31m[1m^[22m[39m[31m[1m^[22m[39m[31m[1m^[22m[39m[31m[1m^
[22m[39m[31m[1m^[22m[39m[31m[1m^[22m[39m[31m[1m^[22m[39m[31m[1m^[22m[39m
[31m[1m>[22m[39m[90m 37 |[39m       [33m<[39m[33mDrawer[39m
 [90m    |[39m [31m[1m^[22m[39m[31m[1m^[22m[39m[31m[1m^[22m[39m[31m[1m^[22m[39m[31m[1m^[22m[39m[31m[1m^[22m[39m[31m[1m^[22m[39m[31m[1m^[22m[39m[31m[1m^[22m[39m[31m[1m^
[22m[39m[31m[1m^[22m[39m[31m[1m^[22m[39m[31m[1m^[22m[39m[31m[1m^[22m[39m
[31m[1m>[22m[39m[90m 38 |[39m         anchor[33m=[39m[32m"left"[39m
 [90m    |[39m [31m[1m^[22m[39m[31m[1m^[22m[39m[31m[1m^[22m[39m[31m[1m^[22m[39m[31m[1m^[22m[39m[31m[1m^[22m[39m[31m[1m^[22m[39m[31m[1m^[22m[39m[31m[1m^[22m[39m[31m[1m^
[22m[39m[31m[1m^[22m[39m[31m[1m^[22m[39m[31m[1m^[22m[39m[31m[1m^[22m[39m
[31m[1m>[22m[39m[90m 39 |[39m         open[33m=[39m{openDrawer}
 [90m    |[39m [31m[1m^[22m[39m[31m[1m^[22m[39m[31m[1m^[22m[39m[31m[1m^[22m[39m[31m[1m^[22m[39m[31m[1m^[22m[39m[31m[1m^[22m[39m[31m[1m^[22m[39m[31m[1m^[22m[39m[31m[1m^
[22m[39m[31m[1m^[22m[39m[31m[1m^[22m[39m[31m[1m^[22m[39m[31m[1m^[22m[39m
[31m[1m>[22m[39m[90m 40 |[39m         onClose[33m=[39m{handleClose}
 [90m    |[39m [31m[1m^[22m[39m[31m[1m^[22m[39m[31m[1m^[22m[39m[31m[1m^[22m[39m[31m[1m^[22m[39m[31m[1m^[22m[39m[31m[1m^[22m[39m[31m[1m^[22m[39m[31m[1m^[22m[39m[31m[1m^
[22m[39m[31m[1m^[22m[39m[31m[1m^[22m[39m[31m[1m^[22m[39m[31m[1m^[22m[39m
[31m[1m>[22m[39m[90m 41 |[39m         sx[33m=[39m{{ zIndex[33m:[39m [35m15001[39m }}
 [90m    |[39m [31m[1m^[22m[39m[31m[1m^[22m[39m[31m[1m^[22m[39m[31m[1m^[22m[39m[31m[1m^[22m[39m[31m[1m^[22m[39m[31m[1m^[22m[39m[31m[1m^[22m[39m[31m[1m^[22m[39m[31m[1m^
[22m[39m[31m[1m^[22m[39m[31m[1m^[22m[39m[31m[1m^[22m[39m[31m[1m^[22m[39m
[31m[1m>[22m[39m[90m 42 |[39m         id[33m=[39m[32m"mobile-menu-drawer"[39m
 [90m    |[39m [31m[1m^[22m[39m[31m[1m^[22m[39m[31m[1m^[22m[39m[31m[1m^[22m[39m[31m[1m^[22m[39m[31m[1m^[22m[39m[31m[1m^[22m[39m[31m[1m^[22m[39m[31m[1m^[22m[39m[31m[1m^
[22m[39m[31m[1m^[22m[39m[31m[1m^[22m[39m[31m[1m^[22m[39m[31m[1m^[22m[39m
[31m[1m>[22m[39m[90m 43 |[39m         aria[33m-[39mlabel[33m=[39m[32m"Mobile navigation menu"[39m
 [90m    |[39m [31m[1m^[22m[39m[31m[1m^[22m[39m[31m[1m^[22m[39m[31m[1m^[22m[39m[31m[1m^[22m[39m[31m[1m^[22m[39m[31m[1m^[22m[39m[31m[1m^[22m[39m[31m[1m^[22m[39m[31m[1m^
[22m[39m[31m[1m^[22m[39m[31m[1m^[22m[39m[31m[1m^[22m[39m[31m[1m^[22m[39m
[31m[1m>[22m[39m[90m 44 |[39m       [33m>[39m
 [90m    |[39m [31m[1m^[22m[39m[31m[1m^[22m[39m[31m[1m^[22m[39m[31m[1m^[22m[39m[31m[1m^[22m[39m[31m[1m^[22m[39m[31m[1m^[22m[39m[31m[1m^[22m[39m[31m[1m^[22m[39m[31m[1m^
[22m[39m[31m[1m^[22m[39m[31m[1m^[22m[39m[31m[1m^[22m[39m[31m[1m^[22m[39m
[31m[1m>[22m[39m[90m 45 |[39m         [33m<[39m[33mBox[39m width[33m=[39m[32m"100vw"[39m height[33m=[39m[32m"100%"[39m position[33m=[39m[32m"relative"[39m[33m>[39m
 [90m    |[39m [31m[1m^[22m[39m[31m[1m^[22m[39m[31m[1m^[22m[39m[31m[1m^[22m[39m[31m[1m^[22m[39m[31m[1m^[22m[39m[31m[1m^[22m[39m[31m[1m^[22m[39m[31m[1m^[22m[39m[31m[1m^
[22m[39m[31m[1m^[22m[39m[31m[1m^[22m[39m[31m[1m^[22m[39m[31m[1m^[22m[39m
[31m[1m>[22m[39m[90m 46 |[39m           [33m<[39m[33mOverlayScrollbar[39m sx[33m=[39m{{ height[33m:[39m [32m"100vh"[39m }}[33m>[39m
 [90m    |[39m [31m[1m^[22m[39m[31m[1m^[22m[39m[31m[1m^[22m[39m[31m[1m^[22m[39m[31m[1m^[22m[39m[31m[1m^[22m[39m[31m[1m^[22m[39m[31m[1m^[22m[39m[31m[1m^[22m[39m[31m[1m^
[22m[39m[31m[1m^[22m[39m[31m[1m^[22m[39m[31m[1m^[22m[39m[31m[1m^[22m[39m
[31m[1m>[22m[39m[90m 47 |[39m             [33m<[39m[33mBox[39m px[33m=[39m{[35m5[39m} py[33m=[39m{[35m8[39m} maxWidth[33m=[39m{[35m500[39m} margin[33m=[39m[32m"auto"[39m 
position[33m=[39m[32m"relative"[39m height[33m=[39m[32m"100%"[39m[33m>[39m
 [90m    |[39m [31m[1m^[22m[39m[31m[1m^[22m[39m[31m[1m^[22m[39m[31m[1m^[22m[39m[31m[1m^[22m[39m[31m[1m^[22m[39m[31m[1m^[22m[39m[31m[1m^[22m[39m[31m[1m^[22m[39m[31m[1m^
[22m[39m[31m[1m^[22m[39m[31m[1m^[22m[39m[31m[1m^[22m[39m[31m[1m^[22m[39m
[31m[1m>[22m[39m[90m 48 |[39m               [33m<[39m[33mIconButton[39m
 [90m    |[39m [31m[1m^[22m[39m[31m[1m^[22m[39m[31m[1m^[22m[39m[31m[1m^[22m[39m[31m[1m^[22m[39m[31m[1m^[22m[39m[31m[1m^[22m[39m[31m[1m^[22m[39m[31m[1m^[22m[39m[31m[1m^
[22m[39m[31m[1m^[22m[39m[31m[1m^[22m[39m[31m[1m^[22m[39m[31m[1m^[22m[39m
[31m[1m>[22m[39m[90m 49 |[39m                 onClick[33m=[39m{handleClose}
 [90m    |[39m [31m[1m^[22m[39m[31m[1m^[22m[39m[31m[1m^[22m[39m[31m[1m^[22m[39m[31m[1m^[22m[39m[31m[1m^[22m[39m[31m[1m^[22m[39m[31m[1m^[22m[39m[31m[1m^[22m[39m[31m[1m^
[22m[39m[31m[1m^[22m[39m[31m[1m^[22m[39m[31m[1m^[22m[39m[31m[1m^[22m[39m
[31m[1m>[22m[39m[90m 50 |[39m                 sx[33m=[39m{{ position[33m:[39m [32m"absolute"[39m[33m,[39m right[33m:[39m [35m30[39m[33m,[39m top[33m:[39m [35m15[39m }}
 [90m    |[39m [31m[1m^[22m[39m[31m[1m^[22m[39m[31m[1m^[22m[39m[31m[1m^[22m[39m[31m[1m^[22m[39m[31m[1m^[22m[39m[31m[1m^[22m[39m[31m[1m^[22m[39m[31m[1m^[22m[39m[31m[1m^
[22m[39m[31m[1m^[22m[39m[31m[1m^[22m[39m[31m[1m^[22m[39m[31m[1m^[22m[39m
[31m[1m>[22m[39m[90m 51 |[39m                 aria[33m-[39mlabel[33m=[39m[32m"Close menu"[39m
 [90m    |[39m [31m[1m^[22m[39m[31m[1m^[22m[39m[31m[1m^[22m[39m[31m[1m^[22m[39m[31m[1m^[22m[39m[31m[1m^[22m[39m[31m[1m^[22m[39m[31m[1m^[22m[39m[31m[1m^[22m[39m[31m[1m^
[22m[39m[31m[1m^[22m[39m[31m[1m^[22m[39m[31m[1m^[22m[39m[31m[1m^[22m[39m
[31m[1m>[22m[39m[90m 52 |[39m               [33m>[39m
 [90m    |[39m [31m[1m^[22m[39m[31m[1m^[22m[39m[31m[1m^[22m[39m[31m[1m^[22m[39m[31m[1m^[22m[39m[31m[1m^[22m[39m[31m[1m^[22m[39m[31m[1m^[22m[39m[31m[1m^[22m[39m[31m[1m^
[22m[39m[31m[1m^[22m[39m[31m[1m^[22m[39m[31m[1m^[22m[39m[31m[1m^[22m[39m
[31m[1m>[22m[39m[90m 53 |[39m                 [33m<[39m[33mClear[39m fontSize[33m=[39m[32m"small"[39m [33m/[39m[33m>[39m
 [90m    |[39m [31m[1m^[22m[39m[31m[1m^[22m[39m[31m[1m^[22m[39m[31m[1m^[22m[39m[31m[1m^[22m[39m[31m[1m^[22m[39m[31m[1m^[22m[39m[31m[1m^[22m[39m[31m[1m^[22m[39m[31m[1m^
[22m[39m[31m[1m^[22m[39m[31m[1m^[22m[39m[31m[1m^[22m[39m[31m[1m^[22m[39m
[31m[1m>[22m[39m[90m 54 |[39m               [33m<[39m[33m/[39m[33mIconButton[39m[33m>[39m
 [90m    |[39m [31m[1m^[22m[39m[31m[1m^[22m[39m[31m[1m^[22m[39m[31m[1m^[22m[39m[31m[1m^[22m[39m[31m[1m^[22m[39m[31m[1m^[22m[39m[31m[1m^[22m[39m[31m[1m^[22m[39m[31m[1m^
[22m[39m[31m[1m^[22m[39m[31m[1m^[22m[39m[31m[1m^[22m[39m[31m[1m^[22m[39m
[31m[1m>[22m[39m[90m 55 |[39m
 [90m    |[39m [31m[1m^[22m[39m[31m[1m^[22m[39m[31m[1m^[22m[39m[31m[1m^[22m[39m[31m[1m^[22m[39m[31m[1m^[22m[39m[31m[1m^[22m[39m[31m[1m^[22m[39m[31m[1m^[22m[39m[31m[1m^
[22m[39m[31m[1m^[22m[39m[31m[1m^[22m[39m[31m[1m^[22m[39m[31m[1m^[22m[39m
[31m[1m>[22m[39m[90m 56 |[39m               {renderLevels(updateNavigation(navigation)[33m,[39m handleClose)}
 [90m    |[39m [31m[1m^[22m[39m[31m[1m^[22m[39m[31m[1m^[22m[39m[31m[1m^[22m[39m[31m[1m^[22m[39m[31m[1m^[22m[39m[31m[1m^[22m[39m[31m[1m^[22m[39m[31m[1m^[22m[39m[31m[1m^
[22m[39m[31m[1m^[22m[39m[31m[1m^[22m[39m[31m[1m^[22m[39m[31m[1m^[22m[39m
[31m[1m>[22m[39m[90m 57 |[39m             [33m<[39m[33m/[39m[33mBox[39m[33m>[39m
 [90m    |[39m [31m[1m^[22m[39m[31m[1m^[22m[39m[31m[1m^[22m[39m[31m[1m^[22m[39m[31m[1m^[22m[39m[31m[1m^[22m[39m[31m[1m^[22m[39m[31m[1m^[22m[39m[31m[1m^[22m[39m[31m[1m^
[22m[39m[31m[1m^[22m[39m[31m[1m^[22m[39m[31m[1m^[22m[39m[31m[1m^[22m[39m
[31m[1m>[22m[39m[90m 58 |[39m           [33m<[39m[33m/[39m[33mOverlayScrollbar[39m[33m>[39m
 [90m    |[39m [31m[1m^[22m[39m[31m[1m^[22m[39m[31m[1m^[22m[39m[31m[1m^[22m[39m[31m[1m^[22m[39m[31m[1m^[22m[39m[31m[1m^[22m[39m[31m[1m^[22m[39m[31m[1m^[22m[39m[31m[1m^
[22m[39m[31m[1m^[22m[39m[31m[1m^[22m[39m[31m[1m^[22m[39m[31m[1m^[22m[39m
[31m[1m>[22m[39m[90m 59 |[39m         [33m<[39m[33m/[39m[33mBox[39m[33m>[39m
 [90m    |[39m [31m[1m^[22m[39m[31m[1m^[22m[39m[31m[1m^[22m[39m[31m[1m^[22m[39m[31m[1m^[22m[39m[31m[1m^[22m[39m[31m[1m^[22m[39m[31m[1m^[22m[39m[31m[1m^[22m[39m[31m[1m^
[22m[39m[31m[1m^[22m[39m[31m[1m^[22m[39m[31m[1m^[22m[39m[31m[1m^[22m[39m
[31m[1m>[22m[39m[90m 60 |[39m       [33m<[39m[33m/[39m[33mDrawer[39m[33m>[39m
 [90m    |[39m [31m[1m^[22m[39m[31m[1m^[22m[39m[31m[1m^[22m[39m[31m[1m^[22m[39m[31m[1m^[22m[39m[31m[1m^[22m[39m[31m[1m^[22m[39m[31m[1m^[22m[39m[31m[1m^[22m[39m[31m[1m^
[22m[39m[31m[1m^[22m[39m[31m[1m^[22m[39m[31m[1m^[22m[39m[31m[1m^[22m[39m
[31m[1m>[22m[39m[90m 61 |[39m     [33m<[39m[33m/[39m[33mFragment[39m[33m>[39m
 [90m    |[39m [31m[1m^[22m[39m[31m[1m^[22m[39m[31m[1m^[22m[39m[31m[1m^[22m[39m[31m[1m^[22m[39m[31m[1m^[22m[39m[31m[1m^[22m[39m[31m[1m^[22m[39m[31m[1m^[22m[39m[31m[1m^
[22m[39m[31m[1m^[22m[39m[31m[1m^[22m[39m[31m[1m^[22m[39m[31m[1m^[22m[39m
[31m[1m>[22m[39m[90m 62 |[39m   )[33m;[39m
 [90m    |[39m [31m[1m^[22m[39m[31m[1m^[22m[39m[31m[1m^[22m[39m[31m[1m^[22m[39m[31m[1m^[22m[39m
 [90m 63 |[39m }
 [90m 64 |[39m[0m

Return statement is not allowed here

Import traces:
  Client Component Browser:
    ./src/components/mobile-navbar/mobile-menu.tsx [Client Component Browser]
    ./src/components/layouts/shop-layout-1/shop-layout-1.tsx [Client Component Browser]
    ./src/components/layouts/shop-layout-1/shop-layout-1.tsx [Server Component]
    ./src/app/(customer-dashboard)/layout.tsx [Server Component]

  Client Component SSR:
    ./src/components/mobile-navbar/mobile-menu.tsx [Client Component SSR]
    ./src/components/layouts/shop-layout-1/shop-layout-1.tsx [Client Component SSR]
    ./src/components/layouts/shop-layout-1/shop-layout-1.tsx [Server Component]
    ./src/app/(customer-dashboard)/layout.tsx [Server Component]


./src/components/mobile-navigation/mobile-navigation-bar-2.tsx:12:20
Parsing ecmascript source code failed
[0m [90m 10 |[39m [36mimport[39m [33mItem[39m [36mfrom[39m [32m"./types"[39m[33m;[39m
 [90m 11 |[39m
[31m[1m>[22m[39m[90m 12 |[39m   navigation[33m:[39m [33mItem[39m[][33m;[39m
 [90m    |[39m                    [31m[1m^[22m[39m
 [90m 13 |[39m }
 [90m 14 |[39m   [36mconst[39m { state } [33m=[39m useCart()[33m;[39m
 [90m 15 |[39m   [36mconst[39m [open[33m,[39m setOpen] [33m=[39m useState([36mfalse[39m)[33m;[39m[0m

Expression expected

Import traces:
  Client Component Browser:
    ./src/components/mobile-navigation/mobile-navigation-bar-2.tsx [Client Component Browser]
    ./src/components/mobile-navigation/index.ts [Client Component Browser]
    ./src/components/layouts/shop-layout-1/shop-layout-1.tsx [Client Component Browser]
    ./src/components/layouts/shop-layout-1/shop-layout-1.tsx [Server Component]
    ./src/app/(customer-dashboard)/layout.tsx [Server Component]

  Client Component SSR:
    ./src/components/mobile-navigation/mobile-navigation-bar-2.tsx [Client Component SSR]
    ./src/components/mobile-navigation/index.ts [Client Component SSR]
    ./src/components/layouts/shop-layout-1/shop-layout-1.tsx [Client Component SSR]
    ./src/components/layouts/shop-layout-1/shop-layout-1.tsx [Server Component]
    ./src/app/(customer-dashboard)/layout.tsx [Server Component]


./src/components/mobile-navigation/mobile-navigation-bar.tsx:17:3
Parsing ecmascript source code failed
[0m [90m 15 |[39m   [36mconst[39m { state } [33m=[39m useCart()[33m;[39m
 [90m 16 |[39m
[31m[1m>[22m[39m[90m 17 |[39m   [36mreturn[39m (
 [90m    |[39m   [31m[1m^[22m[39m[31m[1m^[22m[39m[31m[1m^[22m[39m[31m[1m^[22m[39m[31m[1m^[22m[39m[31m[1m^[22m[39m[31m[1m^[22m[39m[31m[1m^[22m[39m
[31m[1m>[22m[39m[90m 18 |[39m     [33m<[39m[33mWrapper[39m[33m>[39m
 [90m    |[39m [31m[1m^[22m[39m[31m[1m^[22m[39m[31m[1m^[22m[39m[31m[1m^[22m[39m[31m[1m^[22m[39m[31m[1m^[22m[39m[31m[1m^[22m[39m[31m[1m^[22m[39m[31m[1m^[22m[39m[31m[1m^
[22m[39m[31m[1m^[22m[39m[31m[1m^[22m[39m[31m[1m^[22m[39m
[31m[1m>[22m[39m[90m 19 |[39m       {navigation[33m.[39mmap(({ icon[33m,[39m href[33m,[39m title[33m,[39m badge }) [33m=>[39m (
 [90m    |[39m [31m[1m^[22m[39m[31m[1m^[22m[39m[31m[1m^[22m[39m[31m[1m^[22m[39m[31m[1m^[22m[39m[31m[1m^[22m[39m[31m[1m^[22m[39m[31m[1m^[22m[39m[31m[1m^[22m[39m[31m[1m^
[22m[39m[31m[1m^[22m[39m[31m[1m^[22m[39m[31m[1m^[22m[39m
[31m[1m>[22m[39m[90m 20 |[39m         [33m<[39m[33mStyledNavLink[39m href[33m=[39m{href} key[33m=[39m{title}[33m>[39m
 [90m    |[39m [31m[1m^[22m[39m[31m[1m^[22m[39m[31m[1m^[22m[39m[31m[1m^[22m[39m[31m[1m^[22m[39m[31m[1m^[22m[39m[31m[1m^[22m[39m[31m[1m^[22m[39m[31m[1m^[22m[39m[31m[1m^
[22m[39m[31m[1m^[22m[39m[31m[1m^[22m[39m[31m[1m^[22m[39m
[31m[1m>[22m[39m[90m 21 |[39m           {badge [33m?[39m (
 [90m    |[39m [31m[1m^[22m[39m[31m[1m^[22m[39m[31m[1m^[22m[39m[31m[1m^[22m[39m[31m[1m^[22m[39m[31m[1m^[22m[39m[31m[1m^[22m[39m[31m[1m^[22m[39m[31m[1m^[22m[39m[31m[1m^
[22m[39m[31m[1m^[22m[39m[31m[1m^[22m[39m[31m[1m^[22m[39m
[31m[1m>[22m[39m[90m 22 |[39m             [33m<[39m[33mBadge[39m badgeContent[33m=[39m{state[33m.[39mcart[33m.[39mlength} color[33m=[39m[32m"primary"[39m[33m>[39m
 [90m    |[39m [31m[1m^[22m[39m[31m[1m^[22m[39m[31m[1m^[22m[39m[31m[1m^[22m[39m[31m[1m^[22m[39m[31m[1m^[22m[39m[31m[1m^[22m[39m[31m[1m^[22m[39m[31m[1m^[22m[39m[31m[1m^
[22m[39m[31m[1m^[22m[39m[31m[1m^[22m[39m[31m[1m^[22m[39m
[31m[1m>[22m[39m[90m 23 |[39m               [33m<[39m[33mIconComponent[39m icon[33m=[39m{icon} fontSize[33m=[39m[32m"small"[39m className[33m=[39m[32m"icon"[39m [33m/[39m[33m>[39m
 [90m    |[39m [31m[1m^[22m[39m[31m[1m^[22m[39m[31m[1m^[22m[39m[31m[1m^[22m[39m[31m[1m^[22m[39m[31m[1m^[22m[39m[31m[1m^[22m[39m[31m[1m^[22m[39m[31m[1m^[22m[39m[31m[1m^
[22m[39m[31m[1m^[22m[39m[31m[1m^[22m[39m[31m[1m^[22m[39m
[31m[1m>[22m[39m[90m 24 |[39m             [33m<[39m[33m/[39m[33mBadge[39m[33m>[39m
 [90m    |[39m [31m[1m^[22m[39m[31m[1m^[22m[39m[31m[1m^[22m[39m[31m[1m^[22m[39m[31m[1m^[22m[39m[31m[1m^[22m[39m[31m[1m^[22m[39m[31m[1m^[22m[39m[31m[1m^[22m[39m[31m[1m^
[22m[39m[31m[1m^[22m[39m[31m[1m^[22m[39m[31m[1m^[22m[39m
[31m[1m>[22m[39m[90m 25 |[39m           ) [33m:[39m (
 [90m    |[39m [31m[1m^[22m[39m[31m[1m^[22m[39m[31m[1m^[22m[39m[31m[1m^[22m[39m[31m[1m^[22m[39m[31m[1m^[22m[39m[31m[1m^[22m[39m[31m[1m^[22m[39m[31m[1m^[22m[39m[31m[1m^
[22m[39m[31m[1m^[22m[39m[31m[1m^[22m[39m[31m[1m^[22m[39m
[31m[1m>[22m[39m[90m 26 |[39m             [33m<[39m[33mIconComponent[39m icon[33m=[39m{icon} fontSize[33m=[39m[32m"small"[39m className[33m=[39m[32m"icon"[39m [33m/[39m[33m>[39m
 [90m    |[39m [31m[1m^[22m[39m[31m[1m^[22m[39m[31m[1m^[22m[39m[31m[1m^[22m[39m[31m[1m^[22m[39m[31m[1m^[22m[39m[31m[1m^[22m[39m[31m[1m^[22m[39m[31m[1m^[22m[39m[31m[1m^
[22m[39m[31m[1m^[22m[39m[31m[1m^[22m[39m[31m[1m^[22m[39m
[31m[1m>[22m[39m[90m 27 |[39m           )}
 [90m    |[39m [31m[1m^[22m[39m[31m[1m^[22m[39m[31m[1m^[22m[39m[31m[1m^[22m[39m[31m[1m^[22m[39m[31m[1m^[22m[39m[31m[1m^[22m[39m[31m[1m^[22m[39m[31m[1m^[22m[39m[31m[1m^
[22m[39m[31m[1m^[22m[39m[31m[1m^[22m[39m[31m[1m^[22m[39m
[31m[1m>[22m[39m[90m 28 |[39m
 [90m    |[39m [31m[1m^[22m[39m[31m[1m^[22m[39m[31m[1m^[22m[39m[31m[1m^[22m[39m[31m[1m^[22m[39m[31m[1m^[22m[39m[31m[1m^[22m[39m[31m[1m^[22m[39m[31m[1m^[22m[39m[31m[1m^
[22m[39m[31m[1m^[22m[39m[31m[1m^[22m[39m[31m[1m^[22m[39m
[31m[1m>[22m[39m[90m 29 |[39m           {title}
 [90m    |[39m [31m[1m^[22m[39m[31m[1m^[22m[39m[31m[1m^[22m[39m[31m[1m^[22m[39m[31m[1m^[22m[39m[31m[1m^[22m[39m[31m[1m^[22m[39m[31m[1m^[22m[39m[31m[1m^[22m[39m[31m[1m^
[22m[39m[31m[1m^[22m[39m[31m[1m^[22m[39m[31m[1m^[22m[39m
[31m[1m>[22m[39m[90m 30 |[39m         [33m<[39m[33m/[39m[33mStyledNavLink[39m[33m>[39m
 [90m    |[39m [31m[1m^[22m[39m[31m[1m^[22m[39m[31m[1m^[22m[39m[31m[1m^[22m[39m[31m[1m^[22m[39m[31m[1m^[22m[39m[31m[1m^[22m[39m[31m[1m^[22m[39m[31m[1m^[22m[39m[31m[1m^
[22m[39m[31m[1m^[22m[39m[31m[1m^[22m[39m[31m[1m^[22m[39m
[31m[1m>[22m[39m[90m 31 |[39m       ))}
 [90m    |[39m [31m[1m^[22m[39m[31m[1m^[22m[39m[31m[1m^[22m[39m[31m[1m^[22m[39m[31m[1m^[22m[39m[31m[1m^[22m[39m[31m[1m^[22m[39m[31m[1m^[22m[39m[31m[1m^[22m[39m[31m[1m^
[22m[39m[31m[1m^[22m[39m[31m[1m^[22m[39m[31m[1m^[22m[39m
[31m[1m>[22m[39m[90m 32 |[39m     [33m<[39m[33m/[39m[33mWrapper[39m[33m>[39m
 [90m    |[39m [31m[1m^[22m[39m[31m[1m^[22m[39m[31m[1m^[22m[39m[31m[1m^[22m[39m[31m[1m^[22m[39m[31m[1m^[22m[39m[31m[1m^[22m[39m[31m[1m^[22m[39m[31m[1m^[22m[39m[31m[1m^
[22m[39m[31m[1m^[22m[39m[31m[1m^[22m[39m[31m[1m^[22m[39m
[31m[1m>[22m[39m[90m 33 |[39m   )[33m;[39m
 [90m    |[39m [31m[1m^[22m[39m[31m[1m^[22m[39m[31m[1m^[22m[39m[31m[1m^[22m[39m[31m[1m^[22m[39m
 [90m 34 |[39m }
 [90m 35 |[39m[0m

Return statement is not allowed here

Import traces:
  Client Component Browser:
    ./src/components/mobile-navigation/mobile-navigation-bar.tsx [Client Component Browser]
    ./src/components/mobile-navigation/index.ts [Client Component Browser]
    ./src/components/layouts/shop-layout-1/shop-layout-1.tsx [Client Component Browser]
    ./src/components/layouts/shop-layout-1/shop-layout-1.tsx [Server Component]
    ./src/app/(customer-dashboard)/layout.tsx [Server Component]

  Client Component SSR:
    ./src/components/mobile-navigation/mobile-navigation-bar.tsx [Client Component SSR]
    ./src/components/mobile-navigation/index.ts [Client Component SSR]
    ./src/components/layouts/shop-layout-1/shop-layout-1.tsx [Client Component SSR]
    ./src/components/layouts/shop-layout-1/shop-layout-1.tsx [Server Component]
    ./src/app/(customer-dashboard)/layout.tsx [Server Component]


./src/components/search-box/search-input-1.tsx:42:28
Parsing ecmascript source code failed
[0m [90m 40 |[39m }[33m;[39m
 [90m 41 |[39m
[31m[1m>[22m[39m[90m 42 |[39m   categories[33m:[39m [33mCategoryLink[39m[][33m;[39m
 [90m    |[39m                            [31m[1m^[22m[39m
 [90m 43 |[39m }
 [90m 44 |[39m   [36mconst[39m router [33m=[39m useRouter()[33m;[39m
 [90m 45 |[39m   [36mconst[39m searchParams [33m=[39m useSearchParams()[33m;[39m[0m

Expression expected

Import traces:
  Client Component Browser:
    ./src/components/search-box/search-input-1.tsx [Client Component Browser]
    ./src/components/search-box/index.ts [Client Component Browser]
    ./src/components/layouts/shop-layout-1/shop-layout-1.tsx [Client Component Browser]
    ./src/components/layouts/shop-layout-1/shop-layout-1.tsx [Server Component]
    ./src/app/(customer-dashboard)/layout.tsx [Server Component]

  Client Component SSR:
    ./src/components/search-box/search-input-1.tsx [Client Component SSR]
    ./src/components/search-box/index.ts [Client Component SSR]
    ./src/components/layouts/shop-layout-1/shop-layout-1.tsx [Client Component SSR]
    ./src/components/layouts/shop-layout-1/shop-layout-1.tsx [Server Component]
    ./src/app/(customer-dashboard)/layout.tsx [Server Component]


./src/components/slider/components/carousel-arrows.tsx:35:15
Parsing ecmascript source code failed
[0m [90m 33 |[39m }))[33m;[39m
 [90m 34 |[39m
[31m[1m>[22m[39m[90m 35 |[39m   disablePrev[33m?[39m[33m:[39m boolean[33m;[39m
 [90m    |[39m               [31m[1m^[22m[39m
 [90m 36 |[39m   disableNext[33m?[39m[33m:[39m boolean[33m;[39m
 [90m 37 |[39m   onClickPrev[33m:[39m () [33m=>[39m [36mvoid[39m[33m;[39m
 [90m 38 |[39m   onClickNext[33m:[39m () [33m=>[39m [36mvoid[39m[33m;[39m[0m

Expression expected

Import traces:
  Client Component Browser:
    ./src/components/slider/components/carousel-arrows.tsx [Client Component Browser]
    ./src/components/slider/index.ts [Client Component Browser]
    ./src/app/@modal/(.)products/[slug]/view/components/image-carousel.tsx [Client Component Browser]
    ./src/app/@modal/(.)products/[slug]/view/components/image-carousel.tsx [Server Component]
    ./src/app/@modal/(.)products/[slug]/view/components/product-quick-view.tsx [Server Component]
    ./src/app/@modal/(.)products/[slug]/view/page.tsx [Server Component]

  Client Component SSR:
    ./src/components/slider/components/carousel-arrows.tsx [Client Component SSR]
    ./src/components/slider/index.ts [Client Component SSR]
    ./src/app/@modal/(.)products/[slug]/view/components/image-carousel.tsx [Client Component SSR]
    ./src/app/@modal/(.)products/[slug]/view/components/image-carousel.tsx [Server Component]
    ./src/app/@modal/(.)products/[slug]/view/components/product-quick-view.tsx [Server Component]
    ./src/app/@modal/(.)products/[slug]/view/page.tsx [Server Component]


./src/components/slider/components/carousel-dots.tsx:44:6
Parsing ecmascript source code failed
[0m [90m 42 |[39m }))[33m;[39m
 [90m 43 |[39m
[31m[1m>[22m[39m[90m 44 |[39m   sx[33m?[39m[33m:[39m [33mSxProps[39m[33m<[39m[33mTheme[39m[33m>[39m[33m;[39m
 [90m    |[39m      [31m[1m^[22m[39m
 [90m 45 |[39m   dotColor[33m?[39m[33m:[39m string[33m;[39m
 [90m 46 |[39m   activeColor[33m?[39m[33m:[39m string[33m;[39m
 [90m 47 |[39m   scrollSnaps[33m:[39m number[][33m;[39m[0m

Expression expected

Import traces:
  Client Component Browser:
    ./src/components/slider/components/carousel-dots.tsx [Client Component Browser]
    ./src/components/slider/index.ts [Client Component Browser]
    ./src/app/@modal/(.)products/[slug]/view/components/image-carousel.tsx [Client Component Browser]
    ./src/app/@modal/(.)products/[slug]/view/components/image-carousel.tsx [Server Component]
    ./src/app/@modal/(.)products/[slug]/view/components/product-quick-view.tsx [Server Component]
    ./src/app/@modal/(.)products/[slug]/view/page.tsx [Server Component]

  Client Component SSR:
    ./src/components/slider/components/carousel-dots.tsx [Client Component SSR]
    ./src/components/slider/index.ts [Client Component SSR]
    ./src/app/@modal/(.)products/[slug]/view/components/image-carousel.tsx [Client Component SSR]
    ./src/app/@modal/(.)products/[slug]/view/components/image-carousel.tsx [Server Component]
    ./src/app/@modal/(.)products/[slug]/view/components/product-quick-view.tsx [Server Component]
    ./src/app/@modal/(.)products/[slug]/view/page.tsx [Server Component]


./src/config/store.config.ts:3:7
Parsing ecmascript source code failed
[0m [90m 1 |[39m [90m// =====================================================  primaryColor:   process.env.NEXT_PUBLIC_PRIMARY_COLOR   || "#D23F57",[39m
 [90m 2 |[39m   secondaryColor[33m:[39m process[33m.[39menv[33m.[39m[33mNEXT_PUBLIC_SECONDARY_COLOR[39m [33m||[39m [32m"#2B3445"[39m[33m,[39m
[31m[1m>[22m[39m[90m 3 |[39m   logo[33m:[39m           process[33m.[39menv[33m.[39m[33mNEXT_PUBLIC_LOGO_URL[39m        [33m||[39m [32m"/assets/stores/s1/logo/logo-1.png"[39m[33m,[39m
 [90m   |[39m       [31m[1m^[22m[39m
 [90m 4 |[39m
 [90m 5 |[39m   [90m// Hero section[39m
 [90m 6 |[39m   storeId[33m:[39m          process[33m.[39menv[33m.[39m[33mNEXT_PUBLIC_STORE_ID[39m           [33m||[39m [32m"s1"[39m[33m,[39m[0m

Expected ';', '}' or <eof>

Import trace:
  Server Component:
    ./src/config/store.config.ts
    ./src/utils/__api__/layout.ts
    ./src/app/(customer-dashboard)/layout.tsx


./src/pages-sections/cart/cart-item.tsx:35:3
Parsing ecmascript source code failed
[0m [90m 33 |[39m   }[33m;[39m
 [90m 34 |[39m
[31m[1m>[22m[39m[90m 35 |[39m   [36mreturn[39m (
 [90m    |[39m   [31m[1m^[22m[39m[31m[1m^[22m[39m[31m[1m^[22m[39m[31m[1m^[22m[39m[31m[1m^[22m[39m[31m[1m^[22m[39m[31m[1m^[22m[39m[31m[1m^[22m[39m
[31m[1m>[22m[39m[90m 36 |[39m     [33m<[39m[33mWrapper[39m elevation[33m=[39m{[35m0[39m}[33m>[39m
 [90m    |[39m [31m[1m^[22m[39m[31m[1m^[22m[39m[31m[1m^[22m[39m[31m[1m^[22m[39m[31m[1m^[22m[39m[31m[1m^[22m[39m[31m[1m^[22m[39m[31m[1m^[22m[39m[31m[1m^[22m[39m[31m[1m^
[22m[39m[31m[1m^[22m[39m[31m[1m^[22m[39m[31m[1m^[22m[39m[31m[1m^[22m[39m[31m[1m^[22m[39m[31m[1m^[22m[39m[31m[1m^[22m[39m[31m[1m^[22m[39m[31m[1m^[22m[39m[31m[1m^[22m[39
m[31m[1m^[22m[39m[31m[1m^[22m[39m[31m[1m^[22m[39m[31m[1m^[22m[39m[31m[1m^[22m[39m[31m[1m^[22m[39m[31m[1m^[22m[39m
[31m[1m>[22m[39m[90m 37 |[39m       [33m<[39m[33mImageWrapper[39m[33m>[39m
 [90m    |[39m [31m[1m^[22m[39m[31m[1m^[22m[39m[31m[1m^[22m[39m[31m[1m^[22m[39m[31m[1m^[22m[39m[31m[1m^[22m[39m[31m[1m^[22m[39m[31m[1m^[22m[39m[31m[1m^[22m[39m[31m[1m^
[22m[39m[31m[1m^[22m[39m[31m[1m^[22m[39m[31m[1m^[22m[39m[31m[1m^[22m[39m[31m[1m^[22m[39m[31m[1m^[22m[39m[31m[1m^[22m[39m[31m[1m^[22m[39m[31m[1m^[22m[39m[31m[1m^[22m[39
m[31m[1m^[22m[39m[31m[1m^[22m[39m[31m[1m^[22m[39m[31m[1m^[22m[39m[31m[1m^[22m[39m[31m[1m^[22m[39m[31m[1m^[22m[39m
[31m[1m>[22m[39m[90m 38 |[39m         [33m<[39m[33mImage[39m alt[33m=[39m{title} fill src[33m=[39m{thumbnail} sizes[33m=[39m[32m"100px"[39m [33m/[39m[33m>[39m
 [90m    |[39m [31m[1m^[22m[39m[31m[1m^[22m[39m[31m[1m^[22m[39m[31m[1m^[22m[39m[31m[1m^[22m[39m[31m[1m^[22m[39m[31m[1m^[22m[39m[31m[1m^[22m[39m[31m[1m^[22m[39m[31m[1m^
[22m[39m[31m[1m^[22m[39m[31m[1m^[22m[39m[31m[1m^[22m[39m[31m[1m^[22m[39m[31m[1m^[22m[39m[31m[1m^[22m[39m[31m[1m^[22m[39m[31m[1m^[22m[39m[31m[1m^[22m[39m[31m[1m^[22m[39
m[31m[1m^[22m[39m[31m[1m^[22m[39m[31m[1m^[22m[39m[31m[1m^[22m[39m[31m[1m^[22m[39m[31m[1m^[22m[39m[31m[1m^[22m[39m
[31m[1m>[22m[39m[90m 39 |[39m       [33m<[39m[33m/[39m[33mImageWrapper[39m[33m>[39m
 [90m    |[39m [31m[1m^[22m[39m[31m[1m^[22m[39m[31m[1m^[22m[39m[31m[1m^[22m[39m[31m[1m^[22m[39m[31m[1m^[22m[39m[31m[1m^[22m[39m[31m[1m^[22m[39m[31m[1m^[22m[39m[31m[1m^
[22m[39m[31m[1m^[22m[39m[31m[1m^[22m[39m[31m[1m^[22m[39m[31m[1m^[22m[39m[31m[1m^[22m[39m[31m[1m^[22m[39m[31m[1m^[22m[39m[31m[1m^[22m[39m[31m[1m^[22m[39m[31m[1m^[22m[39
m[31m[1m^[22m[39m[31m[1m^[22m[39m[31m[1m^[22m[39m[31m[1m^[22m[39m[31m[1m^[22m[39m[31m[1m^[22m[39m[31m[1m^[22m[39m
[31m[1m>[22m[39m[90m 40 |[39m
 [90m    |[39m [31m[1m^[22m[39m[31m[1m^[22m[39m[31m[1m^[22m[39m[31m[1m^[22m[39m[31m[1m^[22m[39m[31m[1m^[22m[39m[31m[1m^[22m[39m[31m[1m^[22m[39m[31m[1m^[22m[39m[31m[1m^
[22m[39m[31m[1m^[22m[39m[31m[1m^[22m[39m[31m[1m^[22m[39m[31m[1m^[22m[39m[31m[1m^[22m[39m[31m[1m^[22m[39m[31m[1m^[22m[39m[31m[1m^[22m[39m[31m[1m^[22m[39m[31m[1m^[22m[39
m[31m[1m^[22m[39m[31m[1m^[22m[39m[31m[1m^[22m[39m[31m[1m^[22m[39m[31m[1m^[22m[39m[31m[1m^[22m[39m[31m[1m^[22m[39m
[31m[1m>[22m[39m[90m 41 |[39m       [33m<[39m[33mContentWrapper[39m[33m>[39m
 [90m    |[39m [31m[1m^[22m[39m[31m[1m^[22m[39m[31m[1m^[22m[39m[31m[1m^[22m[39m[31m[1m^[22m[39m[31m[1m^[22m[39m[31m[1m^[22m[39m[31m[1m^[22m[39m[31m[1m^[22m[39m[31m[1m^
[22m[39m[31m[1m^[22m[39m[31m[1m^[22m[39m[31m[1m^[22m[39m[31m[1m^[22m[39m[31m[1m^[22m[39m[31m[1m^[22m[39m[31m[1m^[22m[39m[31m[1m^[22m[39m[31m[1m^[22m[39m[31m[1m^[22m[39
m[31m[1m^[22m[39m[31m[1m^[22m[39m[31m[1m^[22m[39m[31m[1m^[22m[39m[31m[1m^[22m[39m[31m[1m^[22m[39m[31m[1m^[22m[39m
[31m[1m>[22m[39m[90m 42 |[39m         [33m<[39m[33mStack[39m spacing[33m=[39m{[35m0.5[39m} overflow[33m=[39m[32m"hidden"[39m[33m>[39m
 [90m    |[39m [31m[1m^[22m[39m[31m[1m^[22m[39m[31m[1m^[22m[39m[31m[1m^[22m[39m[31m[1m^[22m[39m[31m[1m^[22m[39m[31m[1m^[22m[39m[31m[1m^[22m[39m[31m[1m^[22m[39m[31m[1m^
[22m[39m[31m[1m^[22m[39m[31m[1m^[22m[39m[31m[1m^[22m[39m[31m[1m^[22m[39m[31m[1m^[22m[39m[31m[1m^[22m[39m[31m[1m^[22m[39m[31m[1m^[22m[39m[31m[1m^[22m[39m[31m[1m^[22m[39
m[31m[1m^[22m[39m[31m[1m^[22m[39m[31m[1m^[22m[39m[31m[1m^[22m[39m[31m[1m^[22m[39m[31m[1m^[22m[39m[31m[1m^[22m[39m
[31m[1m>[22m[39m[90m 43 |[39m           [33m<[39m[33mLink[39m href[33m=[39m{[32m`/products/${slug}`[39m}[33m>[39m
 [90m    |[39m [31m[1m^[22m[39m[31m[1m^[22m[39m[31m[1m^[22m[39m[31m[1m^[22m[39m[31m[1m^[22m[39m[31m[1m^[22m[39m[31m[1m^[22m[39m[31m[1m^[22m[39m[31m[1m^[22m[39m[31m[1m^
[22m[39m[31m[1m^[22m[39m[31m[1m^[22m[39m[31m[1m^[22m[39m[31m[1m^[22m[39m[31m[1m^[22m[39m[31m[1m^[22m[39m[31m[1m^[22m[39m[31m[1m^[22m[39m[31m[1m^[22m[39m[31m[1m^[22m[39
m[31m[1m^[22m[39m[31m[1m^[22m[39m[31m[1m^[22m[39m[31m[1m^[22m[39m[31m[1m^[22m[39m[31m[1m^[22m[39m[31m[1m^[22m[39m
[31m[1m>[22m[39m[90m 44 |[39m             [33m<[39m[33mTypography[39m noWrap variant[33m=[39m[32m"body1"[39m fontSize[33m=[39m{[35m16[39m}[33m>[39m
 [90m    |[39m [31m[1m^[22m[39m[31m[1m^[22m[39m[31m[1m^[22m[39m[31m[1m^[22m[39m[31m[1m^[22m[39m[31m[1m^[22m[39m[31m[1m^[22m[39m[31m[1m^[22m[39m[31m[1m^[22m[39m[31m[1m^
[22m[39m[31m[1m^[22m[39m[31m[1m^[22m[39m[31m[1m^[22m[39m[31m[1m^[22m[39m[31m[1m^[22m[39m[31m[1m^[22m[39m[31m[1m^[22m[39m[31m[1m^[22m[39m[31m[1m^[22m[39m[31m[1m^[22m[39
m[31m[1m^[22m[39m[31m[1m^[22m[39m[31m[1m^[22m[39m[31m[1m^[22m[39m[31m[1m^[22m[39m[31m[1m^[22m[39m[31m[1m^[22m[39m
[31m[1m>[22m[39m[90m 45 |[39m               {title}
 [90m    |[39m [31m[1m^[22m[39m[31m[1m^[22m[39m[31m[1m^[22m[39m[31m[1m^[22m[39m[31m[1m^[22m[39m[31m[1m^[22m[39m[31m[1m^[22m[39m[31m[1m^[22m[39m[31m[1m^[22m[39m[31m[1m^
[22m[39m[31m[1m^[22m[39m[31m[1m^[22m[39m[31m[1m^[22m[39m[31m[1m^[22m[39m[31m[1m^[22m[39m[31m[1m^[22m[39m[31m[1m^[22m[39m[31m[1m^[22m[39m[31m[1m^[22m[39m[31m[1m^[22m[39
m[31m[1m^[22m[39m[31m[1m^[22m[39m[31m[1m^[22m[39m[31m[1m^[22m[39m[31m[1m^[22m[39m[31m[1m^[22m[39m[31m[1m^[22m[39m
[31m[1m>[22m[39m[90m 46 |[39m             [33m<[39m[33m/[39m[33mTypography[39m[33m>[39m
 [90m    |[39m [31m[1m^[22m[39m[31m[1m^[22m[39m[31m[1m^[22m[39m[31m[1m^[22m[39m[31m[1m^[22m[39m[31m[1m^[22m[39m[31m[1m^[22m[39m[31m[1m^[22m[39m[31m[1m^[22m[39m[31m[1m^
[22m[39m[31m[1m^[22m[39m[31m[1m^[22m[39m[31m[1m^[22m[39m[31m[1m^[22m[39m[31m[1m^[22m[39m[31m[1m^[22m[39m[31m[1m^[22m[39m[31m[1m^[22m[39m[31m[1m^[22m[39m[31m[1m^[22m[39
m[31m[1m^[22m[39m[31m[1m^[22m[39m[31m[1m^[22m[39m[31m[1m^[22m[39m[31m[1m^[22m[39m[31m[1m^[22m[39m[31m[1m^[22m[39m
[31m[1m>[22m[39m[90m 47 |[39m           [33m<[39m[33m/[39m[33mLink[39m[33m>[39m
 [90m    |[39m [31m[1m^[22m[39m[31m[1m^[22m[39m[31m[1m^[22m[39m[31m[1m^[22m[39m[31m[1m^[22m[39m[31m[1m^[22m[39m[31m[1m^[22m[39m[31m[1m^[22m[39m[31m[1m^[22m[39m[31m[1m^
[22m[39m[31m[1m^[22m[39m[31m[1m^[22m[39m[31m[1m^[22m[39m[31m[1m^[22m[39m[31m[1m^[22m[39m[31m[1m^[22m[39m[31m[1m^[22m[39m[31m[1m^[22m[39m[31m[1m^[22m[39m[31m[1m^[22m[39
m[31m[1m^[22m[39m[31m[1m^[22m[39m[31m[1m^[22m[39m[31m[1m^[22m[39m[31m[1m^[22m[39m[31m[1m^[22m[39m[31m[1m^[22m[39m
[31m[1m>[22m[39m[90m 48 |[39m
 [90m    |[39m [31m[1m^[22m[39m[31m[1m^[22m[39m[31m[1m^[22m[39m[31m[1m^[22m[39m[31m[1m^[22m[39m[31m[1m^[22m[39m[31m[1m^[22m[39m[31m[1m^[22m[39m[31m[1m^[22m[39m[31m[1m^
[22m[39m[31m[1m^[22m[39m[31m[1m^[22m[39m[31m[1m^[22m[39m[31m[1m^[22m[39m[31m[1m^[22m[39m[31m[1m^[22m[39m[31m[1m^[22m[39m[31m[1m^[22m[39m[31m[1m^[22m[39m[31m[1m^[22m[39
m[31m[1m^[22m[39m[31m[1m^[22m[39m[31m[1m^[22m[39m[31m[1m^[22m[39m[31m[1m^[22m[39m[31m[1m^[22m[39m[31m[1m^[22m[39m
[31m[1m>[22m[39m[90m 49 |[39m           [33m<[39m[33mTypography[39m noWrap variant[33m=[39m[32m"body1"[39m fontWeight[33m=[39m{[35m600[39m}[33m>[39m
 [90m    |[39m [31m[1m^[22m[39m[31m[1m^[22m[39m[31m[1m^[22m[39m[31m[1m^[22m[39m[31m[1m^[22m[39m[31m[1m^[22m[39m[31m[1m^[22m[39m[31m[1m^[22m[39m[31m[1m^[22m[39m[31m[1m^
[22m[39m[31m[1m^[22m[39m[31m[1m^[22m[39m[31m[1m^[22m[39m[31m[1m^[22m[39m[31m[1m^[22m[39m[31m[1m^[22m[39m[31m[1m^[22m[39m[31m[1m^[22m[39m[31m[1m^[22m[39m[31m[1m^[22m[39
m[31m[1m^[22m[39m[31m[1m^[22m[39m[31m[1m^[22m[39m[31m[1m^[22m[39m[31m[1m^[22m[39m[31m[1m^[22m[39m[31m[1m^[22m[39m
[31m[1m>[22m[39m[90m 50 |[39m             {currency(price)}
 [90m    |[39m [31m[1m^[22m[39m[31m[1m^[22m[39m[31m[1m^[22m[39m[31m[1m^[22m[39m[31m[1m^[22m[39m[31m[1m^[22m[39m[31m[1m^[22m[39m[31m[1m^[22m[39m[31m[1m^[22m[39m[31m[1m^
[22m[39m[31m[1m^[22m[39m[31m[1m^[22m[39m[31m[1m^[22m[39m[31m[1m^[22m[39m[31m[1m^[22m[39m[31m[1m^[22m[39m[31m[1m^[22m[39m[31m[1m^[22m[39m[31m[1m^[22m[39m[31m[1m^[22m[39
m[31m[1m^[22m[39m[31m[1m^[22m[39m[31m[1m^[22m[39m[31m[1m^[22m[39m[31m[1m^[22m[39m[31m[1m^[22m[39m[31m[1m^[22m[39m
[31m[1m>[22m[39m[90m 51 |[39m           [33m<[39m[33m/[39m[33mTypography[39m[33m>[39m
 [90m    |[39m [31m[1m^[22m[39m[31m[1m^[22m[39m[31m[1m^[22m[39m[31m[1m^[22m[39m[31m[1m^[22m[39m[31m[1m^[22m[39m[31m[1m^[22m[39m[31m[1m^[22m[39m[31m[1m^[22m[39m[31m[1m^
[22m[39m[31m[1m^[22m[39m[31m[1m^[22m[39m[31m[1m^[22m[39m[31m[1m^[22m[39m[31m[1m^[22m[39m[31m[1m^[22m[39m[31m[1m^[22m[39m[31m[1m^[22m[39m[31m[1m^[22m[39m[31m[1m^[22m[39
m[31m[1m^[22m[39m[31m[1m^[22m[39m[31m[1m^[22m[39m[31m[1m^[22m[39m[31m[1m^[22m[39m[31m[1m^[22m[39m[31m[1m^[22m[39m
[31m[1m>[22m[39m[90m 52 |[39m         [33m<[39m[33m/[39m[33mStack[39m[33m>[39m
 [90m    |[39m [31m[1m^[22m[39m[31m[1m^[22m[39m[31m[1m^[22m[39m[31m[1m^[22m[39m[31m[1m^[22m[39m[31m[1m^[22m[39m[31m[1m^[22m[39m[31m[1m^[22m[39m[31m[1m^[22m[39m[31m[1m^
[22m[39m[31m[1m^[22m[39m[31m[1m^[22m[39m[31m[1m^[22m[39m[31m[1m^[22m[39m[31m[1m^[22m[39m[31m[1m^[22m[39m[31m[1m^[22m[39m[31m[1m^[22m[39m[31m[1m^[22m[39m[31m[1m^[22m[39
m[31m[1m^[22m[39m[31m[1m^[22m[39m[31m[1m^[22m[39m[31m[1m^[22m[39m[31m[1m^[22m[39m[31m[1m^[22m[39m[31m[1m^[22m[39m
[31m[1m>[22m[39m[90m 53 |[39m
 [90m    |[39m [31m[1m^[22m[39m[31m[1m^[22m[39m[31m[1m^[22m[39m[31m[1m^[22m[39m[31m[1m^[22m[39m[31m[1m^[22m[39m[31m[1m^[22m[39m[31m[1m^[22m[39m[31m[1m^[22m[39m[31m[1m^
[22m[39m[31m[1m^[22m[39m[31m[1m^[22m[39m[31m[1m^[22m[39m[31m[1m^[22m[39m[31m[1m^[22m[39m[31m[1m^[22m[39m[31m[1m^[22m[39m[31m[1m^[22m[39m[31m[1m^[22m[39m[31m[1m^[22m[39
m[31m[1m^[22m[39m[31m[1m^[22m[39m[31m[1m^[22m[39m[31m[1m^[22m[39m[31m[1m^[22m[39m[31m[1m^[22m[39m[31m[1m^[22m[39m
[31m[1m>[22m[39m[90m 54 |[39m         [33m<[39m[33mdiv[39m className[33m=[39m[32m"quantity-buttons-wrapper"[39m[33m>[39m
 [90m    |[39m [31m[1m^[22m[39m[31m[1m^[22m[39m[31m[1m^[22m[39m[31m[1m^[22m[39m[31m[1m^[22m[39m[31m[1m^[22m[39m[31m[1m^[22m[39m[31m[1m^[22m[39m[31m[1m^[22m[39m[31m[1m^
[22m[39m[31m[1m^[22m[39m[31m[1m^[22m[39m[31m[1m^[22m[39m[31m[1m^[22m[39m[31m[1m^[22m[39m[31m[1m^[22m[39m[31m[1m^[22m[39m[31m[1m^[22m[39m[31m[1m^[22m[39m[31m[1m^[22m[39
m[31m[1m^[22m[39m[31m[1m^[22m[39m[31m[1m^[22m[39m[31m[1m^[22m[39m[31m[1m^[22m[39m[31m[1m^[22m[39m[31m[1m^[22m[39m
[31m[1m>[22m[39m[90m 55 |[39m           [33m<[39m[33mQuantityButton[39m disabled[33m=[39m{qty [33m===[39m [35m1[39m} onClick[33m=[39m{handleCartAmountChange(qty [33m-[39m 
[35m1[39m)}[33m>[39m
 [90m    |[39m [31m[1m^[22m[39m[31m[1m^[22m[39m[31m[1m^[22m[39m[31m[1m^[22m[39m[31m[1m^[22m[39m[31m[1m^[22m[39m[31m[1m^[22m[39m[31m[1m^[22m[39m[31m[1m^[22m[39m[31m[1m^
[22m[39m[31m[1m^[22m[39m[31m[1m^[22m[39m[31m[1m^[22m[39m[31m[1m^[22m[39m[31m[1m^[22m[39m[31m[1m^[22m[39m[31m[1m^[22m[39m[31m[1m^[22m[39m[31m[1m^[22m[39m[31m[1m^[22m[39
m[31m[1m^[22m[39m[31m[1m^[22m[39m[31m[1m^[22m[39m[31m[1m^[22m[39m[31m[1m^[22m[39m[31m[1m^[22m[39m[31m[1m^[22m[39m
[31m[1m>[22m[39m[90m 56 |[39m             [33m<[39m[33mRemove[39m fontSize[33m=[39m[32m"small"[39m [33m/[39m[33m>[39m
 [90m    |[39m [31m[1m^[22m[39m[31m[1m^[22m[39m[31m[1m^[22m[39m[31m[1m^[22m[39m[31m[1m^[22m[39m[31m[1m^[22m[39m[31m[1m^[22m[39m[31m[1m^[22m[39m[31m[1m^[22m[39m[31m[1m^
[22m[39m[31m[1m^[22m[39m[31m[1m^[22m[39m[31m[1m^[22m[39m[31m[1m^[22m[39m[31m[1m^[22m[39m[31m[1m^[22m[39m[31m[1m^[22m[39m[31m[1m^[22m[39m[31m[1m^[22m[39m[31m[1m^[22m[39
m[31m[1m^[22m[39m[31m[1m^[22m[39m[31m[1m^[22m[39m[31m[1m^[22m[39m[31m[1m^[22m[39m[31m[1m^[22m[39m[31m[1m^[22m[39m
[31m[1m>[22m[39m[90m 57 |[39m           [33m<[39m[33m/[39m[33mQuantityButton[39m[33m>[39m
 [90m    |[39m [31m[1m^[22m[39m[31m[1m^[22m[39m[31m[1m^[22m[39m[31m[1m^[22m[39m[31m[1m^[22m[39m[31m[1m^[22m[39m[31m[1m^[22m[39m[31m[1m^[22m[39m[31m[1m^[22m[39m[31m[1m^
[22m[39m[31m[1m^[22m[39m[31m[1m^[22m[39m[31m[1m^[22m[39m[31m[1m^[22m[39m[31m[1m^[22m[39m[31m[1m^[22m[39m[31m[1m^[22m[39m[31m[1m^[22m[39m[31m[1m^[22m[39m[31m[1m^[22m[39
m[31m[1m^[22m[39m[31m[1m^[22m[39m[31m[1m^[22m[39m[31m[1m^[22m[39m[31m[1m^[22m[39m[31m[1m^[22m[39m[31m[1m^[22m[39m
[31m[1m>[22m[39m[90m 58 |[39m
 [90m    |[39m [31m[1m^[22m[39m[31m[1m^[22m[39m[31m[1m^[22m[39m[31m[1m^[22m[39m[31m[1m^[22m[39m[31m[1m^[22m[39m[31m[1m^[22m[39m[31m[1m^[22m[39m[31m[1m^[22m[39m[31m[1m^
[22m[39m[31m[1m^[22m[39m[31m[1m^[22m[39m[31m[1m^[22m[39m[31m[1m^[22m[39m[31m[1m^[22m[39m[31m[1m^[22m[39m[31m[1m^[22m[39m[31m[1m^[22m[39m[31m[1m^[22m[39m[31m[1m^[22m[39
m[31m[1m^[22m[39m[31m[1m^[22m[39m[31m[1m^[22m[39m[31m[1m^[22m[39m[31m[1m^[22m[39m[31m[1m^[22m[39m[31m[1m^[22m[39m
[31m[1m>[22m[39m[90m 59 |[39m           [33m<[39m[33mTypography[39m variant[33m=[39m[32m"h6"[39m[33m>[39m{qty}[33m<[39m[33m/[39m[33mTypography[39m[33m>[39m
 [90m    |[39m [31m[1m^[22m[39m[31m[1m^[22m[39m[31m[1m^[22m[39m[31m[1m^[22m[39m[31m[1m^[22m[39m[31m[1m^[22m[39m[31m[1m^[22m[39m[31m[1m^[22m[39m[31m[1m^[22m[39m[31m[1m^
[22m[39m[31m[1m^[22m[39m[31m[1m^[22m[39m[31m[1m^[22m[39m[31m[1m^[22m[39m[31m[1m^[22m[39m[31m[1m^[22m[39m[31m[1m^[22m[39m[31m[1m^[22m[39m[31m[1m^[22m[39m[31m[1m^[22m[39
m[31m[1m^[22m[39m[31m[1m^[22m[39m[31m[1m^[22m[39m[31m[1m^[22m[39m[31m[1m^[22m[39m[31m[1m^[22m[39m[31m[1m^[22m[39m
[31m[1m>[22m[39m[90m 60 |[39m
 [90m    |[39m [31m[1m^[22m[39m[31m[1m^[22m[39m[31m[1m^[22m[39m[31m[1m^[22m[39m[31m[1m^[22m[39m[31m[1m^[22m[39m[31m[1m^[22m[39m[31m[1m^[22m[39m[31m[1m^[22m[39m[31m[1m^
[22m[39m[31m[1m^[22m[39m[31m[1m^[22m[39m[31m[1m^[22m[39m[31m[1m^[22m[39m[31m[1m^[22m[39m[31m[1m^[22m[39m[31m[1m^[22m[39m[31m[1m^[22m[39m[31m[1m^[22m[39m[31m[1m^[22m[39
m[31m[1m^[22m[39m[31m[1m^[22m[39m[31m[1m^[22m[39m[31m[1m^[22m[39m[31m[1m^[22m[39m[31m[1m^[22m[39m[31m[1m^[22m[39m
[31m[1m>[22m[39m[90m 61 |[39m           [33m<[39m[33mQuantityButton[39m disabled[33m=[39m{qty [33m===[39m [35m10[39m} onClick[33m=[39m{handleCartAmountChange(qty [33m+[39m 
[35m1[39m)}[33m>[39m
 [90m    |[39m [31m[1m^[22m[39m[31m[1m^[22m[39m[31m[1m^[22m[39m[31m[1m^[22m[39m[31m[1m^[22m[39m[31m[1m^[22m[39m[31m[1m^[22m[39m[31m[1m^[22m[39m[31m[1m^[22m[39m[31m[1m^
[22m[39m[31m[1m^[22m[39m[31m[1m^[22m[39m[31m[1m^[22m[39m[31m[1m^[22m[39m[31m[1m^[22m[39m[31m[1m^[22m[39m[31m[1m^[22m[39m[31m[1m^[22m[39m[31m[1m^[22m[39m[31m[1m^[22m[39
m[31m[1m^[22m[39m[31m[1m^[22m[39m[31m[1m^[22m[39m[31m[1m^[22m[39m[31m[1m^[22m[39m[31m[1m^[22m[39m[31m[1m^[22m[39m
[31m[1m>[22m[39m[90m 62 |[39m             [33m<[39m[33mAdd[39m fontSize[33m=[39m[32m"small"[39m [33m/[39m[33m>[39m
 [90m    |[39m [31m[1m^[22m[39m[31m[1m^[22m[39m[31m[1m^[22m[39m[31m[1m^[22m[39m[31m[1m^[22m[39m[31m[1m^[22m[39m[31m[1m^[22m[39m[31m[1m^[22m[39m[31m[1m^[22m[39m[31m[1m^
[22m[39m[31m[1m^[22m[39m[31m[1m^[22m[39m[31m[1m^[22m[39m[31m[1m^[22m[39m[31m[1m^[22m[39m[31m[1m^[22m[39m[31m[1m^[22m[39m[31m[1m^[22m[39m[31m[1m^[22m[39m[31m[1m^[22m[39
m[31m[1m^[22m[39m[31m[1m^[22m[39m[31m[1m^[22m[39m[31m[1m^[22m[39m[31m[1m^[22m[39m[31m[1m^[22m[39m[31m[1m^[22m[39m
[31m[1m>[22m[39m[90m 63 |[39m           [33m<[39m[33m/[39m[33mQuantityButton[39m[33m>[39m
 [90m    |[39m [31m[1m^[22m[39m[31m[1m^[22m[39m[31m[1m^[22m[39m[31m[1m^[22m[39m[31m[1m^[22m[39m[31m[1m^[22m[39m[31m[1m^[22m[39m[31m[1m^[22m[39m[31m[1m^[22m[39m[31m[1m^
[22m[39m[31m[1m^[22m[39m[31m[1m^[22m[39m[31m[1m^[22m[39m[31m[1m^[22m[39m[31m[1m^[22m[39m[31m[1m^[22m[39m[31m[1m^[22m[39m[31m[1m^[22m[39m[31m[1m^[22m[39m[31m[1m^[22m[39
m[31m[1m^[22m[39m[31m[1m^[22m[39m[31m[1m^[22m[39m[31m[1m^[22m[39m[31m[1m^[22m[39m[31m[1m^[22m[39m[31m[1m^[22m[39m
[31m[1m>[22m[39m[90m 64 |[39m         [33m<[39m[33m/[39m[33mdiv[39m[33m>[39m
 [90m    |[39m [31m[1m^[22m[39m[31m[1m^[22m[39m[31m[1m^[22m[39m[31m[1m^[22m[39m[31m[1m^[22m[39m[31m[1m^[22m[39m[31m[1m^[22m[39m[31m[1m^[22m[39m[31m[1m^[22m[39m[31m[1m^
[22m[39m[31m[1m^[22m[39m[31m[1m^[22m[39m[31m[1m^[22m[39m[31m[1m^[22m[39m[31m[1m^[22m[39m[31m[1m^[22m[39m[31m[1m^[22m[39m[31m[1m^[22m[39m[31m[1m^[22m[39m[31m[1m^[22m[39
m[31m[1m^[22m[39m[31m[1m^[22m[39m[31m[1m^[22m[39m[31m[1m^[22m[39m[31m[1m^[22m[39m[31m[1m^[22m[39m[31m[1m^[22m[39m
[31m[1m>[22m[39m[90m 65 |[39m
 [90m    |[39m [31m[1m^[22m[39m[31m[1m^[22m[39m[31m[1m^[22m[39m[31m[1m^[22m[39m[31m[1m^[22m[39m[31m[1m^[22m[39m[31m[1m^[22m[39m[31m[1m^[22m[39m[31m[1m^[22m[39m[31m[1m^
[22m[39m[31m[1m^[22m[39m[31m[1m^[22m[39m[31m[1m^[22m[39m[31m[1m^[22m[39m[31m[1m^[22m[39m[31m[1m^[22m[39m[31m[1m^[22m[39m[31m[1m^[22m[39m[31m[1m^[22m[39m[31m[1m^[22m[39
m[31m[1m^[22m[39m[31m[1m^[22m[39m[31m[1m^[22m[39m[31m[1m^[22m[39m[31m[1m^[22m[39m[31m[1m^[22m[39m[31m[1m^[22m[39m
[31m[1m>[22m[39m[90m 66 |[39m         [33m<[39m[33mTypography[39m noWrap variant[33m=[39m[32m"body1"[39m fontSize[33m=[39m{[35m16[39m} fontWeight[33m=[39m{[35m600[39m}[33m>[39m
 [90m    |[39m [31m[1m^[22m[39m[31m[1m^[22m[39m[31m[1m^[22m[39m[31m[1m^[22m[39m[31m[1m^[22m[39m[31m[1m^[22m[39m[31m[1m^[22m[39m[31m[1m^[22m[39m[31m[1m^[22m[39m[31m[1m^
[22m[39m[31m[1m^[22m[39m[31m[1m^[22m[39m[31m[1m^[22m[39m[31m[1m^[22m[39m[31m[1m^[22m[39m[31m[1m^[22m[39m[31m[1m^[22m[39m[31m[1m^[22m[39m[31m[1m^[22m[39m[31m[1m^[22m[39
m[31m[1m^[22m[39m[31m[1m^[22m[39m[31m[1m^[22m[39m[31m[1m^[22m[39m[31m[1m^[22m[39m[31m[1m^[22m[39m[31m[1m^[22m[39m
[31m[1m>[22m[39m[90m 67 |[39m           {currency(price [33m*[39m qty)}
 [90m    |[39m [31m[1m^[22m[39m[31m[1m^[22m[39m[31m[1m^[22m[39m[31m[1m^[22m[39m[31m[1m^[22m[39m[31m[1m^[22m[39m[31m[1m^[22m[39m[31m[1m^[22m[39m[31m[1m^[22m[39m[31m[1m^
[22m[39m[31m[1m^[22m[39m[31m[1m^[22m[39m[31m[1m^[22m[39m[31m[1m^[22m[39m[31m[1m^[22m[39m[31m[1m^[22m[39m[31m[1m^[22m[39m[31m[1m^[22m[39m[31m[1m^[22m[39m[31m[1m^[22m[39
m[31m[1m^[22m[39m[31m[1m^[22m[39m[31m[1m^[22m[39m[31m[1m^[22m[39m[31m[1m^[22m[39m[31m[1m^[22m[39m[31m[1m^[22m[39m
[31m[1m>[22m[39m[90m 68 |[39m         [33m<[39m[33m/[39m[33mTypography[39m[33m>[39m
 [90m    |[39m [31m[1m^[22m[39m[31m[1m^[22m[39m[31m[1m^[22m[39m[31m[1m^[22m[39m[31m[1m^[22m[39m[31m[1m^[22m[39m[31m[1m^[22m[39m[31m[1m^[22m[39m[31m[1m^[22m[39m[31m[1m^
[22m[39m[31m[1m^[22m[39m[31m[1m^[22m[39m[31m[1m^[22m[39m[31m[1m^[22m[39m[31m[1m^[22m[39m[31m[1m^[22m[39m[31m[1m^[22m[39m[31m[1m^[22m[39m[31m[1m^[22m[39m[31m[1m^[22m[39
m[31m[1m^[22m[39m[31m[1m^[22m[39m[31m[1m^[22m[39m[31m[1m^[22m[39m[31m[1m^[22m[39m[31m[1m^[22m[39m[31m[1m^[22m[39m
[31m[1m>[22m[39m[90m 69 |[39m
 [90m    |[39m [31m[1m^[22m[39m[31m[1m^[22m[39m[31m[1m^[22m[39m[31m[1m^[22m[39m[31m[1m^[22m[39m[31m[1m^[22m[39m[31m[1m^[22m[39m[31m[1m^[22m[39m[31m[1m^[22m[39m[31m[1m^
[22m[39m[31m[1m^[22m[39m[31m[1m^[22m[39m[31m[1m^[22m[39m[31m[1m^[22m[39m[31m[1m^[22m[39m[31m[1m^[22m[39m[31m[1m^[22m[39m[31m[1m^[22m[39m[31m[1m^[22m[39m[31m[1m^[22m[39
m[31m[1m^[22m[39m[31m[1m^[22m[39m[31m[1m^[22m[39m[31m[1m^[22m[39m[31m[1m^[22m[39m[31m[1m^[22m[39m[31m[1m^[22m[39m
[31m[1m>[22m[39m[90m 70 |[39m         [33m<[39m[33mIconButton[39m className[33m=[39m[32m"remove-item"[39m size[33m=[39m[32m"small"[39m 
onClick[33m=[39m{handleCartAmountChange([35m0[39m)}[33m>[39m
 [90m    |[39m [31m[1m^[22m[39m[31m[1m^[22m[39m[31m[1m^[22m[39m[31m[1m^[22m[39m[31m[1m^[22m[39m[31m[1m^[22m[39m[31m[1m^[22m[39m[31m[1m^[22m[39m[31m[1m^[22m[39m[31m[1m^
[22m[39m[31m[1m^[22m[39m[31m[1m^[22m[39m[31m[1m^[22m[39m[31m[1m^[22m[39m[31m[1m^[22m[39m[31m[1m^[22m[39m[31m[1m^[22m[39m[31m[1m^[22m[39m[31m[1m^[22m[39m[31m[1m^[22m[39
m[31m[1m^[22m[39m[31m[1m^[22m[39m[31m[1m^[22m[39m[31m[1m^[22m[39m[31m[1m^[22m[39m[31m[1m^[22m[39m[31m[1m^[22m[39m
[31m[1m>[22m[39m[90m 71 |[39m           [33m<[39m[33mTrash[39m fontSize[33m=[39m[32m"small"[39m color[33m=[39m[32m"error"[39m [33m/[39m[33m>[39m
 [90m    |[39m [31m[1m^[22m[39m[31m[1m^[22m[39m[31m[1m^[22m[39m[31m[1m^[22m[39m[31m[1m^[22m[39m[31m[1m^[22m[39m[31m[1m^[22m[39m[31m[1m^[22m[39m[31m[1m^[22m[39m[31m[1m^
[22m[39m[31m[1m^[22m[39m[31m[1m^[22m[39m[31m[1m^[22m[39m[31m[1m^[22m[39m[31m[1m^[22m[39m[31m[1m^[22m[39m[31m[1m^[22m[39m[31m[1m^[22m[39m[31m[1m^[22m[39m[31m[1m^[22m[39
m[31m[1m^[22m[39m[31m[1m^[22m[39m[31m[1m^[22m[39m[31m[1m^[22m[39m[31m[1m^[22m[39m[31m[1m^[22m[39m[31m[1m^[22m[39m
[31m[1m>[22m[39m[90m 72 |[39m         [33m<[39m[33m/[39m[33mIconButton[39m[33m>[39m
 [90m    |[39m [31m[1m^[22m[39m[31m[1m^[22m[39m[31m[1m^[22m[39m[31m[1m^[22m[39m[31m[1m^[22m[39m[31m[1m^[22m[39m[31m[1m^[22m[39m[31m[1m^[22m[39m[31m[1m^[22m[39m[31m[1m^
[22m[39m[31m[1m^[22m[39m[31m[1m^[22m[39m[31m[1m^[22m[39m[31m[1m^[22m[39m[31m[1m^[22m[39m[31m[1m^[22m[39m[31m[1m^[22m[39m[31m[1m^[22m[39m[31m[1m^[22m[39m[31m[1m^[22m[39
m[31m[1m^[22m[39m[31m[1m^[22m[39m[31m[1m^[22m[39m[31m[1m^[22m[39m[31m[1m^[22m[39m[31m[1m^[22m[39m[31m[1m^[22m[39m
[31m[1m>[22m[39m[90m 73 |[39m       [33m<[39m[33m/[39m[33mContentWrapper[39m[33m>[39m
 [90m    |[39m [31m[1m^[22m[39m[31m[1m^[22m[39m[31m[1m^[22m[39m[31m[1m^[22m[39m[31m[1m^[22m[39m[31m[1m^[22m[39m[31m[1m^[22m[39m[31m[1m^[22m[39m[31m[1m^[22m[39m[31m[1m^
[22m[39m[31m[1m^[22m[39m[31m[1m^[22m[39m[31m[1m^[22m[39m[31m[1m^[22m[39m[31m[1m^[22m[39m[31m[1m^[22m[39m[31m[1m^[22m[39m[31m[1m^[22m[39m[31m[1m^[22m[39m[31m[1m^[22m[39
m[31m[1m^[22m[39m[31m[1m^[22m[39m[31m[1m^[22m[39m[31m[1m^[22m[39m[31m[1m^[22m[39m[31m[1m^[22m[39m[31m[1m^[22m[39m
[31m[1m>[22m[39m[90m 74 |[39m     [33m<[39m[33m/[39m[33mWrapper[39m[33m>[39m
 [90m    |[39m [31m[1m^[22m[39m[31m[1m^[22m[39m[31m[1m^[22m[39m[31m[1m^[22m[39m[31m[1m^[22m[39m[31m[1m^[22m[39m[31m[1m^[22m[39m[31m[1m^[22m[39m[31m[1m^[22m[39m[31m[1m^
[22m[39m[31m[1m^[22m[39m[31m[1m^[22m[39m[31m[1m^[22m[39m[31m[1m^[22m[39m[31m[1m^[22m[39m[31m[1m^[22m[39m[31m[1m^[22m[39m[31m[1m^[22m[39m[31m[1m^[22m[39m[31m[1m^[22m[39
m[31m[1m^[22m[39m[31m[1m^[22m[39m[31m[1m^[22m[39m[31m[1m^[22m[39m[31m[1m^[22m[39m[31m[1m^[22m[39m[31m[1m^[22m[39m
[31m[1m>[22m[39m[90m 75 |[39m   )[33m;[39m
 [90m    |[39m [31m[1m^[22m[39m[31m[1m^[22m[39m[31m[1m^[22m[39m[31m[1m^[22m[39m[31m[1m^[22m[39m
 [90m 76 |[39m }
 [90m 77 |[39m[0m

Return statement is not allowed here

Import traces:
  Client Component Browser:
    ./src/pages-sections/cart/cart-item.tsx [Client Component Browser]
    ./src/pages-sections/cart/page-view/cart.tsx [Client Component Browser]
    ./src/pages-sections/cart/page-view/cart.tsx [Server Component]
    ./src/app/(checkout)/cart/page.tsx [Server Component]

  Client Component SSR:
    ./src/pages-sections/cart/cart-item.tsx [Client Component SSR]
    ./src/pages-sections/cart/page-view/cart.tsx [Client Component SSR]
    ./src/pages-sections/cart/page-view/cart.tsx [Server Component]
    ./src/app/(checkout)/cart/page.tsx [Server Component]


./src/pages-sections/checkout-alternative/checkout-form/checkout-form.tsx:47:22
Parsing ecmascript source code failed
[0m [90m 45 |[39m type [33mFormValues[39m [33m=[39m yup[33m.[39m[33mInferType[39m[33m<[39m[36mtypeof[39m validationSchema[33m>[39m[33m;[39m
 [90m 46 |[39m
[31m[1m>[22m[39m[90m 47 |[39m   cards[33m:[39m [33mPaymentCard[39m[][33m;[39m
 [90m    |[39m                      [31m[1m^[22m[39m
 [90m 48 |[39m   deliveryTimes[33m:[39m [33mDeliveryTime[39m[][33m;[39m
 [90m 49 |[39m   deliveryAddresses[33m:[39m [33mDeliveryAddress[39m[][33m;[39m
 [90m 50 |[39m }[0m

Expression expected

Import trace:
  Server Component:
    ./src/pages-sections/checkout-alternative/checkout-form/checkout-form.tsx
    ./src/pages-sections/checkout-alternative/page-view/checkout-alternative.tsx
    ./src/app/checkout-alternative/page.tsx


./src/pages-sections/customer-dashboard/address/page-view/address-details.tsx:11:3
Parsing ecmascript source code failed
[0m [90m  9 |[39m [90m// =============================================================[39m
 [90m 10 |[39m type [33mProps[39m [33m=[39m { address[33m:[39m [33mAddress[39m }[33m;[39m
[31m[1m>[22m[39m[90m 11 |[39m   [36mreturn[39m (
 [90m    |[39m   [31m[1m^[22m[39m[31m[1m^[22m[39m[31m[1m^[22m[39m[31m[1m^[22m[39m[31m[1m^[22m[39m[31m[1m^[22m[39m[31m[1m^[22m[39m[31m[1m^[22m[39m
[31m[1m>[22m[39m[90m 12 |[39m     [33m<[39m[33mFragment[39m[33m>[39m
 [90m    |[39m [31m[1m^[22m[39m[31m[1m^[22m[39m[31m[1m^[22m[39m[31m[1m^[22m[39m[31m[1m^[22m[39m[31m[1m^[22m[39m[31m[1m^[22m[39m[31m[1m^[22m[39m[31m[1m^[22m[39m[31m[1m^
[22m[39m[31m[1m^[22m[39m[31m[1m^[22m[39m[31m[1m^[22m[39m[31m[1m^[22m[39m
[31m[1m>[22m[39m[90m 13 |[39m       [33m<[39m[33mDashboardHeader[39m href[33m=[39m[32m"/address"[39m title[33m=[39m[32m"Edit Address"[39m [33m/[39m[33m>[39m
 [90m    |[39m [31m[1m^[22m[39m[31m[1m^[22m[39m[31m[1m^[22m[39m[31m[1m^[22m[39m[31m[1m^[22m[39m[31m[1m^[22m[39m[31m[1m^[22m[39m[31m[1m^[22m[39m[31m[1m^[22m[39m[31m[1m^
[22m[39m[31m[1m^[22m[39m[31m[1m^[22m[39m[31m[1m^[22m[39m[31m[1m^[22m[39m
[31m[1m>[22m[39m[90m 14 |[39m
 [90m    |[39m [31m[1m^[22m[39m[31m[1m^[22m[39m[31m[1m^[22m[39m[31m[1m^[22m[39m[31m[1m^[22m[39m[31m[1m^[22m[39m[31m[1m^[22m[39m[31m[1m^[22m[39m[31m[1m^[22m[39m[31m[1m^
[22m[39m[31m[1m^[22m[39m[31m[1m^[22m[39m[31m[1m^[22m[39m[31m[1m^[22m[39m
[31m[1m>[22m[39m[90m 15 |[39m       [33m<[39m[33mCard[39m sx[33m=[39m{{ padding[33m:[39m { xs[33m:[39m [35m3[39m[33m,[39m sm[33m:[39m [35m4[39m } }}[33m>[39m
 [90m    |[39m [31m[1m^[22m[39m[31m[1m^[22m[39m[31m[1m^[22m[39m[31m[1m^[22m[39m[31m[1m^[22m[39m[31m[1m^[22m[39m[31m[1m^[22m[39m[31m[1m^[22m[39m[31m[1m^[22m[39m[31m[1m^
[22m[39m[31m[1m^[22m[39m[31m[1m^[22m[39m[31m[1m^[22m[39m[31m[1m^[22m[39m
[31m[1m>[22m[39m[90m 16 |[39m         [33m<[39m[33mAddressForm[39m address[33m=[39m{address} [33m/[39m[33m>[39m
 [90m    |[39m [31m[1m^[22m[39m[31m[1m^[22m[39m[31m[1m^[22m[39m[31m[1m^[22m[39m[31m[1m^[22m[39m[31m[1m^[22m[39m[31m[1m^[22m[39m[31m[1m^[22m[39m[31m[1m^[22m[39m[31m[1m^
[22m[39m[31m[1m^[22m[39m[31m[1m^[22m[39m[31m[1m^[22m[39m[31m[1m^[22m[39m
[31m[1m>[22m[39m[90m 17 |[39m       [33m<[39m[33m/[39m[33mCard[39m[33m>[39m
 [90m    |[39m [31m[1m^[22m[39m[31m[1m^[22m[39m[31m[1m^[22m[39m[31m[1m^[22m[39m[31m[1m^[22m[39m[31m[1m^[22m[39m[31m[1m^[22m[39m[31m[1m^[22m[39m[31m[1m^[22m[39m[31m[1m^
[22m[39m[31m[1m^[22m[39m[31m[1m^[22m[39m[31m[1m^[22m[39m[31m[1m^[22m[39m
[31m[1m>[22m[39m[90m 18 |[39m     [33m<[39m[33m/[39m[33mFragment[39m[33m>[39m
 [90m    |[39m [31m[1m^[22m[39m[31m[1m^[22m[39m[31m[1m^[22m[39m[31m[1m^[22m[39m[31m[1m^[22m[39m[31m[1m^[22m[39m[31m[1m^[22m[39m[31m[1m^[22m[39m[31m[1m^[22m[39m[31m[1m^
[22m[39m[31m[1m^[22m[39m[31m[1m^[22m[39m[31m[1m^[22m[39m[31m[1m^[22m[39m
[31m[1m>[22m[39m[90m 19 |[39m   )[33m;[39m
 [90m    |[39m [31m[1m^[22m[39m[31m[1m^[22m[39m[31m[1m^[22m[39m[31m[1m^[22m[39m[31m[1m^[22m[39m
 [90m 20 |[39m }
 [90m 21 |[39m[0m

Return statement is not allowed here

Import trace:
  Server Component:
    ./src/pages-sections/customer-dashboard/address/page-view/address-details.tsx
    ./src/pages-sections/customer-dashboard/address/page-view/index.ts
    ./src/app/(customer-dashboard)/address/page.tsx


./src/pages-sections/customer-dashboard/address/page-view/address.tsx:11:22
Parsing ecmascript source code failed
[0m [90m  9 |[39m
 [90m 10 |[39m   totalPages[33m:[39m number[33m;[39m
[31m[1m>[22m[39m[90m 11 |[39m   addresses[33m:[39m [33mAddress[39m[][33m;[39m
 [90m    |[39m                      [31m[1m^[22m[39m
 [90m 12 |[39m }
 [90m 13 |[39m   [36mreturn[39m (
 [90m 14 |[39m     [33m<[39m[33mFragment[39m[33m>[39m[0m

Expression expected

Import trace:
  Server Component:
    ./src/pages-sections/customer-dashboard/address/page-view/address.tsx
    ./src/pages-sections/customer-dashboard/address/page-view/index.ts
    ./src/app/(customer-dashboard)/address/page.tsx


./src/pages-sections/customer-dashboard/orders/page-view/order-details.tsx:12:3
Parsing ecmascript source code failed
[0m [90m 10 |[39m [90m// =============================================================[39m
 [90m 11 |[39m type [33mProps[39m [33m=[39m { order[33m:[39m [33mOrder[39m }[33m;[39m
[31m[1m>[22m[39m[90m 12 |[39m   [36mreturn[39m (
 [90m    |[39m   [31m[1m^[22m[39m[31m[1m^[22m[39m[31m[1m^[22m[39m[31m[1m^[22m[39m[31m[1m^[22m[39m[31m[1m^[22m[39m[31m[1m^[22m[39m[31m[1m^[22m[39m
[31m[1m>[22m[39m[90m 13 |[39m     [33m<[39m[33mFragment[39m[33m>[39m
 [90m    |[39m [31m[1m^[22m[39m[31m[1m^[22m[39m[31m[1m^[22m[39m[31m[1m^[22m[39m[31m[1m^[22m[39m[31m[1m^[22m[39m[31m[1m^[22m[39m[31m[1m^[22m[39m[31m[1m^[22m[39m[31m[1m^
[22m[39m[31m[1m^[22m[39m[31m[1m^[22m[39m[31m[1m^[22m[39m[31m[1m^[22m[39m
[31m[1m>[22m[39m[90m 14 |[39m       [33m<[39m[33mDashboardHeader[39m href[33m=[39m[32m"/orders"[39m title[33m=[39m[32m"Order Details"[39m [33m/[39m[33m>[39m
 [90m    |[39m [31m[1m^[22m[39m[31m[1m^[22m[39m[31m[1m^[22m[39m[31m[1m^[22m[39m[31m[1m^[22m[39m[31m[1m^[22m[39m[31m[1m^[22m[39m[31m[1m^[22m[39m[31m[1m^[22m[39m[31m[1m^
[22m[39m[31m[1m^[22m[39m[31m[1m^[22m[39m[31m[1m^[22m[39m[31m[1m^[22m[39m
[31m[1m>[22m[39m[90m 15 |[39m
 [90m    |[39m [31m[1m^[22m[39m[31m[1m^[22m[39m[31m[1m^[22m[39m[31m[1m^[22m[39m[31m[1m^[22m[39m[31m[1m^[22m[39m[31m[1m^[22m[39m[31m[1m^[22m[39m[31m[1m^[22m[39m[31m[1m^
[22m[39m[31m[1m^[22m[39m[31m[1m^[22m[39m[31m[1m^[22m[39m[31m[1m^[22m[39m
[31m[1m>[22m[39m[90m 16 |[39m       [33m<[39m[33mOrderProgress[39m
 [90m    |[39m [31m[1m^[22m[39m[31m[1m^[22m[39m[31m[1m^[22m[39m[31m[1m^[22m[39m[31m[1m^[22m[39m[31m[1m^[22m[39m[31m[1m^[22m[39m[31m[1m^[22m[39m[31m[1m^[22m[39m[31m[1m^
[22m[39m[31m[1m^[22m[39m[31m[1m^[22m[39m[31m[1m^[22m[39m[31m[1m^[22m[39m
[31m[1m>[22m[39m[90m 17 |[39m         status[33m=[39m{order[33m.[39mstatus}
 [90m    |[39m [31m[1m^[22m[39m[31m[1m^[22m[39m[31m[1m^[22m[39m[31m[1m^[22m[39m[31m[1m^[22m[39m[31m[1m^[22m[39m[31m[1m^[22m[39m[31m[1m^[22m[39m[31m[1m^[22m[39m[31m[1m^
[22m[39m[31m[1m^[22m[39m[31m[1m^[22m[39m[31m[1m^[22m[39m[31m[1m^[22m[39m
[31m[1m>[22m[39m[90m 18 |[39m         deliveredAt[33m=[39m{order[33m.[39mdeliveredAt}
 [90m    |[39m [31m[1m^[22m[39m[31m[1m^[22m[39m[31m[1m^[22m[39m[31m[1m^[22m[39m[31m[1m^[22m[39m[31m[1m^[22m[39m[31m[1m^[22m[39m[31m[1m^[22m[39m[31m[1m^[22m[39m[31m[1m^
[22m[39m[31m[1m^[22m[39m[31m[1m^[22m[39m[31m[1m^[22m[39m[31m[1m^[22m[39m
[31m[1m>[22m[39m[90m 19 |[39m         isDelivered[33m=[39m{order[33m.[39misDelivered}
 [90m    |[39m [31m[1m^[22m[39m[31m[1m^[22m[39m[31m[1m^[22m[39m[31m[1m^[22m[39m[31m[1m^[22m[39m[31m[1m^[22m[39m[31m[1m^[22m[39m[31m[1m^[22m[39m[31m[1m^[22m[39m[31m[1m^
[22m[39m[31m[1m^[22m[39m[31m[1m^[22m[39m[31m[1m^[22m[39m[31m[1m^[22m[39m
[31m[1m>[22m[39m[90m 20 |[39m       [33m/[39m[33m>[39m
 [90m    |[39m [31m[1m^[22m[39m[31m[1m^[22m[39m[31m[1m^[22m[39m[31m[1m^[22m[39m[31m[1m^[22m[39m[31m[1m^[22m[39m[31m[1m^[22m[39m[31m[1m^[22m[39m[31m[1m^[22m[39m[31m[1m^
[22m[39m[31m[1m^[22m[39m[31m[1m^[22m[39m[31m[1m^[22m[39m[31m[1m^[22m[39m
[31m[1m>[22m[39m[90m 21 |[39m
 [90m    |[39m [31m[1m^[22m[39m[31m[1m^[22m[39m[31m[1m^[22m[39m[31m[1m^[22m[39m[31m[1m^[22m[39m[31m[1m^[22m[39m[31m[1m^[22m[39m[31m[1m^[22m[39m[31m[1m^[22m[39m[31m[1m^
[22m[39m[31m[1m^[22m[39m[31m[1m^[22m[39m[31m[1m^[22m[39m[31m[1m^[22m[39m
[31m[1m>[22m[39m[90m 22 |[39m       [33m<[39m[33mOrderedProducts[39m order[33m=[39m{order} [33m/[39m[33m>[39m
 [90m    |[39m [31m[1m^[22m[39m[31m[1m^[22m[39m[31m[1m^[22m[39m[31m[1m^[22m[39m[31m[1m^[22m[39m[31m[1m^[22m[39m[31m[1m^[22m[39m[31m[1m^[22m[39m[31m[1m^[22m[39m[31m[1m^
[22m[39m[31m[1m^[22m[39m[31m[1m^[22m[39m[31m[1m^[22m[39m[31m[1m^[22m[39m
[31m[1m>[22m[39m[90m 23 |[39m
 [90m    |[39m [31m[1m^[22m[39m[31m[1m^[22m[39m[31m[1m^[22m[39m[31m[1m^[22m[39m[31m[1m^[22m[39m[31m[1m^[22m[39m[31m[1m^[22m[39m[31m[1m^[22m[39m[31m[1m^[22m[39m[31m[1m^
[22m[39m[31m[1m^[22m[39m[31m[1m^[22m[39m[31m[1m^[22m[39m[31m[1m^[22m[39m
[31m[1m>[22m[39m[90m 24 |[39m       [33m<[39m[33mOrderSummery[39m order[33m=[39m{order} [33m/[39m[33m>[39m
 [90m    |[39m [31m[1m^[22m[39m[31m[1m^[22m[39m[31m[1m^[22m[39m[31m[1m^[22m[39m[31m[1m^[22m[39m[31m[1m^[22m[39m[31m[1m^[22m[39m[31m[1m^[22m[39m[31m[1m^[22m[39m[31m[1m^
[22m[39m[31m[1m^[22m[39m[31m[1m^[22m[39m[31m[1m^[22m[39m[31m[1m^[22m[39m
[31m[1m>[22m[39m[90m 25 |[39m     [33m<[39m[33m/[39m[33mFragment[39m[33m>[39m
 [90m    |[39m [31m[1m^[22m[39m[31m[1m^[22m[39m[31m[1m^[22m[39m[31m[1m^[22m[39m[31m[1m^[22m[39m[31m[1m^[22m[39m[31m[1m^[22m[39m[31m[1m^[22m[39m[31m[1m^[22m[39m[31m[1m^
[22m[39m[31m[1m^[22m[39m[31m[1m^[22m[39m[31m[1m^[22m[39m[31m[1m^[22m[39m
[31m[1m>[22m[39m[90m 26 |[39m   )[33m;[39m
 [90m    |[39m [31m[1m^[22m[39m[31m[1m^[22m[39m[31m[1m^[22m[39m[31m[1m^[22m[39m[31m[1m^[22m[39m
 [90m 27 |[39m }
 [90m 28 |[39m[0m

Return statement is not allowed here

Import trace:
  Server Component:
    ./src/pages-sections/customer-dashboard/orders/page-view/order-details.tsx
    ./src/pages-sections/customer-dashboard/orders/page-view/index.ts
    ./src/app/(customer-dashboard)/orders/page.tsx


./src/pages-sections/customer-dashboard/orders/page-view/orders.tsx:10:17
Parsing ecmascript source code failed
[0m [90m  8 |[39m [36mimport[39m [33mOrder[39m [36mfrom[39m [32m"models/Order.model"[39m[33m;[39m
 [90m  9 |[39m
[31m[1m>[22m[39m[90m 10 |[39m   orders[33m:[39m [33mOrder[39m[][33m;[39m
 [90m    |[39m                 [31m[1m^[22m[39m
 [90m 11 |[39m   totalPages[33m:[39m number[33m;[39m
 [90m 12 |[39m }
 [90m 13 |[39m   [36mreturn[39m ([0m

Expression expected

Import trace:
  Server Component:
    ./src/pages-sections/customer-dashboard/orders/page-view/orders.tsx
    ./src/pages-sections/customer-dashboard/orders/page-view/index.ts
    ./src/app/(customer-dashboard)/orders/page.tsx


./src/pages-sections/customer-dashboard/payment-methods/page-view/payment-details.tsx:11:3
Parsing ecmascript source code failed
[0m [90m  9 |[39m [90m// ==============================================================[39m
 [90m 10 |[39m type [33mProps[39m [33m=[39m { payment[33m:[39m [33mPayment[39m }[33m;[39m
[31m[1m>[22m[39m[90m 11 |[39m   [36mreturn[39m (
 [90m    |[39m   [31m[1m^[22m[39m[31m[1m^[22m[39m[31m[1m^[22m[39m[31m[1m^[22m[39m[31m[1m^[22m[39m[31m[1m^[22m[39m[31m[1m^[22m[39m[31m[1m^[22m[39m
[31m[1m>[22m[39m[90m 12 |[39m     [33m<[39m[33mFragment[39m[33m>[39m
 [90m    |[39m [31m[1m^[22m[39m[31m[1m^[22m[39m[31m[1m^[22m[39m[31m[1m^[22m[39m[31m[1m^[22m[39m[31m[1m^[22m[39m[31m[1m^[22m[39m[31m[1m^[22m[39m[31m[1m^[22m[39m[31m[1m^
[22m[39m[31m[1m^[22m[39m[31m[1m^[22m[39m[31m[1m^[22m[39m[31m[1m^[22m[39m
[31m[1m>[22m[39m[90m 13 |[39m       [33m<[39m[33mDashboardHeader[39m title[33m=[39m[32m"Add New Payment"[39m href[33m=[39m[32m"/payment-methods"[39m [33m/[39m[33m>[39m
 [90m    |[39m [31m[1m^[22m[39m[31m[1m^[22m[39m[31m[1m^[22m[39m[31m[1m^[22m[39m[31m[1m^[22m[39m[31m[1m^[22m[39m[31m[1m^[22m[39m[31m[1m^[22m[39m[31m[1m^[22m[39m[31m[1m^
[22m[39m[31m[1m^[22m[39m[31m[1m^[22m[39m[31m[1m^[22m[39m[31m[1m^[22m[39m
[31m[1m>[22m[39m[90m 14 |[39m
 [90m    |[39m [31m[1m^[22m[39m[31m[1m^[22m[39m[31m[1m^[22m[39m[31m[1m^[22m[39m[31m[1m^[22m[39m[31m[1m^[22m[39m[31m[1m^[22m[39m[31m[1m^[22m[39m[31m[1m^[22m[39m[31m[1m^
[22m[39m[31m[1m^[22m[39m[31m[1m^[22m[39m[31m[1m^[22m[39m[31m[1m^[22m[39m
[31m[1m>[22m[39m[90m 15 |[39m       [33m<[39m[33mCard[39m sx[33m=[39m{{ padding[33m:[39m { xs[33m:[39m [35m3[39m[33m,[39m sm[33m:[39m [35m4[39m } }}[33m>[39m
 [90m    |[39m [31m[1m^[22m[39m[31m[1m^[22m[39m[31m[1m^[22m[39m[31m[1m^[22m[39m[31m[1m^[22m[39m[31m[1m^[22m[39m[31m[1m^[22m[39m[31m[1m^[22m[39m[31m[1m^[22m[39m[31m[1m^
[22m[39m[31m[1m^[22m[39m[31m[1m^[22m[39m[31m[1m^[22m[39m[31m[1m^[22m[39m
[31m[1m>[22m[39m[90m 16 |[39m         [33m<[39m[33mPaymentForm[39m payment[33m=[39m{payment} [33m/[39m[33m>[39m
 [90m    |[39m [31m[1m^[22m[39m[31m[1m^[22m[39m[31m[1m^[22m[39m[31m[1m^[22m[39m[31m[1m^[22m[39m[31m[1m^[22m[39m[31m[1m^[22m[39m[31m[1m^[22m[39m[31m[1m^[22m[39m[31m[1m^
[22m[39m[31m[1m^[22m[39m[31m[1m^[22m[39m[31m[1m^[22m[39m[31m[1m^[22m[39m
[31m[1m>[22m[39m[90m 17 |[39m       [33m<[39m[33m/[39m[33mCard[39m[33m>[39m
 [90m    |[39m [31m[1m^[22m[39m[31m[1m^[22m[39m[31m[1m^[22m[39m[31m[1m^[22m[39m[31m[1m^[22m[39m[31m[1m^[22m[39m[31m[1m^[22m[39m[31m[1m^[22m[39m[31m[1m^[22m[39m[31m[1m^
[22m[39m[31m[1m^[22m[39m[31m[1m^[22m[39m[31m[1m^[22m[39m[31m[1m^[22m[39m
[31m[1m>[22m[39m[90m 18 |[39m     [33m<[39m[33m/[39m[33mFragment[39m[33m>[39m
 [90m    |[39m [31m[1m^[22m[39m[31m[1m^[22m[39m[31m[1m^[22m[39m[31m[1m^[22m[39m[31m[1m^[22m[39m[31m[1m^[22m[39m[31m[1m^[22m[39m[31m[1m^[22m[39m[31m[1m^[22m[39m[31m[1m^
[22m[39m[31m[1m^[22m[39m[31m[1m^[22m[39m[31m[1m^[22m[39m[31m[1m^[22m[39m
[31m[1m>[22m[39m[90m 19 |[39m   )[33m;[39m
 [90m    |[39m [31m[1m^[22m[39m[31m[1m^[22m[39m[31m[1m^[22m[39m[31m[1m^[22m[39m[31m[1m^[22m[39m
 [90m 20 |[39m }
 [90m 21 |[39m[0m

Return statement is not allowed here

Import trace:
  Server Component:
    ./src/pages-sections/customer-dashboard/payment-methods/page-view/payment-details.tsx
    ./src/pages-sections/customer-dashboard/payment-methods/page-view/index.ts
    ./src/app/(customer-dashboard)/payment-methods/page.tsx


./src/pages-sections/customer-dashboard/payment-methods/page-view/payment-methods.tsx:11:21
Parsing ecmascript source code failed
[0m [90m  9 |[39m
 [90m 10 |[39m   totalPages[33m:[39m number[33m;[39m
[31m[1m>[22m[39m[90m 11 |[39m   payments[33m:[39m [33mPayment[39m[][33m;[39m
 [90m    |[39m                     [31m[1m^[22m[39m
 [90m 12 |[39m }
 [90m 13 |[39m   [36mreturn[39m (
 [90m 14 |[39m     [33m<[39m[33mFragment[39m[33m>[39m[0m

Expression expected

Import trace:
  Server Component:
    ./src/pages-sections/customer-dashboard/payment-methods/page-view/payment-methods.tsx
    ./src/pages-sections/customer-dashboard/payment-methods/page-view/index.ts
    ./src/app/(customer-dashboard)/payment-methods/page.tsx


./src/pages-sections/customer-dashboard/profile/page-view/profile-edit.tsx:12:3
Parsing ecmascript source code failed
[0m [90m 10 |[39m [90m// ===========================================================[39m
 [90m 11 |[39m type [33mProps[39m [33m=[39m { user[33m:[39m [33mUser[39m }[33m;[39m
[31m[1m>[22m[39m[90m 12 |[39m   [36mreturn[39m (
 [90m    |[39m   [31m[1m^[22m[39m[31m[1m^[22m[39m[31m[1m^[22m[39m[31m[1m^[22m[39m[31m[1m^[22m[39m[31m[1m^[22m[39m[31m[1m^[22m[39m[31m[1m^[22m[39m
[31m[1m>[22m[39m[90m 13 |[39m     [33m<[39m[33mFragment[39m[33m>[39m
 [90m    |[39m [31m[1m^[22m[39m[31m[1m^[22m[39m[31m[1m^[22m[39m[31m[1m^[22m[39m[31m[1m^[22m[39m[31m[1m^[22m[39m[31m[1m^[22m[39m[31m[1m^[22m[39m[31m[1m^[22m[39m[31m[1m^
[22m[39m[31m[1m^[22m[39m[31m[1m^[22m[39m[31m[1m^[22m[39m[31m[1m^[22m[39m
[31m[1m>[22m[39m[90m 14 |[39m       [33m<[39m[33mDashboardHeader[39m href[33m=[39m[32m"/profile"[39m title[33m=[39m[32m"Edit Profile"[39m [33m/[39m[33m>[39m
 [90m    |[39m [31m[1m^[22m[39m[31m[1m^[22m[39m[31m[1m^[22m[39m[31m[1m^[22m[39m[31m[1m^[22m[39m[31m[1m^[22m[39m[31m[1m^[22m[39m[31m[1m^[22m[39m[31m[1m^[22m[39m[31m[1m^
[22m[39m[31m[1m^[22m[39m[31m[1m^[22m[39m[31m[1m^[22m[39m[31m[1m^[22m[39m
[31m[1m>[22m[39m[90m 15 |[39m
 [90m    |[39m [31m[1m^[22m[39m[31m[1m^[22m[39m[31m[1m^[22m[39m[31m[1m^[22m[39m[31m[1m^[22m[39m[31m[1m^[22m[39m[31m[1m^[22m[39m[31m[1m^[22m[39m[31m[1m^[22m[39m[31m[1m^
[22m[39m[31m[1m^[22m[39m[31m[1m^[22m[39m[31m[1m^[22m[39m[31m[1m^[22m[39m
[31m[1m>[22m[39m[90m 16 |[39m       [33m<[39m[33mCard[39m sx[33m=[39m{{ padding[33m:[39m { xs[33m:[39m [35m3[39m[33m,[39m sm[33m:[39m [35m4[39m } }}[33m>[39m
 [90m    |[39m [31m[1m^[22m[39m[31m[1m^[22m[39m[31m[1m^[22m[39m[31m[1m^[22m[39m[31m[1m^[22m[39m[31m[1m^[22m[39m[31m[1m^[22m[39m[31m[1m^[22m[39m[31m[1m^[22m[39m[31m[1m^
[22m[39m[31m[1m^[22m[39m[31m[1m^[22m[39m[31m[1m^[22m[39m[31m[1m^[22m[39m
[31m[1m>[22m[39m[90m 17 |[39m         [33m<[39m[33mProfilePicUpload[39m image[33m=[39m{user[33m.[39mavatar} [33m/[39m[33m>[39m
 [90m    |[39m [31m[1m^[22m[39m[31m[1m^[22m[39m[31m[1m^[22m[39m[31m[1m^[22m[39m[31m[1m^[22m[39m[31m[1m^[22m[39m[31m[1m^[22m[39m[31m[1m^[22m[39m[31m[1m^[22m[39m[31m[1m^
[22m[39m[31m[1m^[22m[39m[31m[1m^[22m[39m[31m[1m^[22m[39m[31m[1m^[22m[39m
[31m[1m>[22m[39m[90m 18 |[39m         {user [33m&&[39m [33m<[39m[33mProfileEditForm[39m user[33m=[39m{user} [33m/[39m[33m>[39m}
 [90m    |[39m [31m[1m^[22m[39m[31m[1m^[22m[39m[31m[1m^[22m[39m[31m[1m^[22m[39m[31m[1m^[22m[39m[31m[1m^[22m[39m[31m[1m^[22m[39m[31m[1m^[22m[39m[31m[1m^[22m[39m[31m[1m^
[22m[39m[31m[1m^[22m[39m[31m[1m^[22m[39m[31m[1m^[22m[39m[31m[1m^[22m[39m
[31m[1m>[22m[39m[90m 19 |[39m       [33m<[39m[33m/[39m[33mCard[39m[33m>[39m
 [90m    |[39m [31m[1m^[22m[39m[31m[1m^[22m[39m[31m[1m^[22m[39m[31m[1m^[22m[39m[31m[1m^[22m[39m[31m[1m^[22m[39m[31m[1m^[22m[39m[31m[1m^[22m[39m[31m[1m^[22m[39m[31m[1m^
[22m[39m[31m[1m^[22m[39m[31m[1m^[22m[39m[31m[1m^[22m[39m[31m[1m^[22m[39m
[31m[1m>[22m[39m[90m 20 |[39m     [33m<[39m[33m/[39m[33mFragment[39m[33m>[39m
 [90m    |[39m [31m[1m^[22m[39m[31m[1m^[22m[39m[31m[1m^[22m[39m[31m[1m^[22m[39m[31m[1m^[22m[39m[31m[1m^[22m[39m[31m[1m^[22m[39m[31m[1m^[22m[39m[31m[1m^[22m[39m[31m[1m^
[22m[39m[31m[1m^[22m[39m[31m[1m^[22m[39m[31m[1m^[22m[39m[31m[1m^[22m[39m
[31m[1m>[22m[39m[90m 21 |[39m   )[33m;[39m
 [90m    |[39m [31m[1m^[22m[39m[31m[1m^[22m[39m[31m[1m^[22m[39m[31m[1m^[22m[39m[31m[1m^[22m[39m
 [90m 22 |[39m }
 [90m 23 |[39m[0m

Return statement is not allowed here

Import trace:
  Server Component:
    ./src/pages-sections/customer-dashboard/profile/page-view/profile-edit.tsx
    ./src/pages-sections/customer-dashboard/profile/page-view/index.ts
    ./src/app/(customer-dashboard)/profile/page.tsx


./src/pages-sections/customer-dashboard/profile/page-view/profile.tsx:12:3
Parsing ecmascript source code failed
[0m [90m 10 |[39m [90m// ============================================================[39m
 [90m 11 |[39m type [33mProps[39m [33m=[39m { user[33m:[39m [33mUser[39m }[33m;[39m
[31m[1m>[22m[39m[90m 12 |[39m   [36mreturn[39m (
 [90m    |[39m   [31m[1m^[22m[39m[31m[1m^[22m[39m[31m[1m^[22m[39m[31m[1m^[22m[39m[31m[1m^[22m[39m[31m[1m^[22m[39m[31m[1m^[22m[39m[31m[1m^[22m[39m
[31m[1m>[22m[39m[90m 13 |[39m     [33m<[39m[33mFragment[39m[33m>[39m
 [90m    |[39m [31m[1m^[22m[39m[31m[1m^[22m[39m[31m[1m^[22m[39m[31m[1m^[22m[39m[31m[1m^[22m[39m[31m[1m^[22m[39m[31m[1m^[22m[39m[31m[1m^[22m[39m[31m[1m^[22m[39m[31m[1m^
[22m[39m[31m[1m^[22m[39m[31m[1m^[22m[39m[31m[1m^[22m[39m[31m[1m^[22m[39m
[31m[1m>[22m[39m[90m 14 |[39m       [33m<[39m[33mDashboardHeader[39m title[33m=[39m[32m"My Profile"[39m [33mIcon[39m[33m=[39m{[33mUser3[39m} [33m/[39m[33m>[39m
 [90m    |[39m [31m[1m^[22m[39m[31m[1m^[22m[39m[31m[1m^[22m[39m[31m[1m^[22m[39m[31m[1m^[22m[39m[31m[1m^[22m[39m[31m[1m^[22m[39m[31m[1m^[22m[39m[31m[1m^[22m[39m[31m[1m^
[22m[39m[31m[1m^[22m[39m[31m[1m^[22m[39m[31m[1m^[22m[39m[31m[1m^[22m[39m
[31m[1m>[22m[39m[90m 15 |[39m       [33m<[39m[33mUserAnalytics[39m user[33m=[39m{user} [33m/[39m[33m>[39m
 [90m    |[39m [31m[1m^[22m[39m[31m[1m^[22m[39m[31m[1m^[22m[39m[31m[1m^[22m[39m[31m[1m^[22m[39m[31m[1m^[22m[39m[31m[1m^[22m[39m[31m[1m^[22m[39m[31m[1m^[22m[39m[31m[1m^
[22m[39m[31m[1m^[22m[39m[31m[1m^[22m[39m[31m[1m^[22m[39m[31m[1m^[22m[39m
[31m[1m>[22m[39m[90m 16 |[39m       [33m<[39m[33mUserInfo[39m user[33m=[39m{user} [33m/[39m[33m>[39m
 [90m    |[39m [31m[1m^[22m[39m[31m[1m^[22m[39m[31m[1m^[22m[39m[31m[1m^[22m[39m[31m[1m^[22m[39m[31m[1m^[22m[39m[31m[1m^[22m[39m[31m[1m^[22m[39m[31m[1m^[22m[39m[31m[1m^
[22m[39m[31m[1m^[22m[39m[31m[1m^[22m[39m[31m[1m^[22m[39m[31m[1m^[22m[39m
[31m[1m>[22m[39m[90m 17 |[39m     [33m<[39m[33m/[39m[33mFragment[39m[33m>[39m
 [90m    |[39m [31m[1m^[22m[39m[31m[1m^[22m[39m[31m[1m^[22m[39m[31m[1m^[22m[39m[31m[1m^[22m[39m[31m[1m^[22m[39m[31m[1m^[22m[39m[31m[1m^[22m[39m[31m[1m^[22m[39m[31m[1m^
[22m[39m[31m[1m^[22m[39m[31m[1m^[22m[39m[31m[1m^[22m[39m[31m[1m^[22m[39m
[31m[1m>[22m[39m[90m 18 |[39m   )[33m;[39m
 [90m    |[39m [31m[1m^[22m[39m[31m[1m^[22m[39m[31m[1m^[22m[39m[31m[1m^[22m[39m[31m[1m^[22m[39m
 [90m 19 |[39m }
 [90m 20 |[39m[0m

Return statement is not allowed here

Import trace:
  Server Component:
    ./src/pages-sections/customer-dashboard/profile/page-view/profile.tsx
    ./src/pages-sections/customer-dashboard/profile/page-view/index.ts
    ./src/app/(customer-dashboard)/profile/page.tsx


./src/pages-sections/customer-dashboard/support-tickets/page-view/support-tickets.tsx:10:19
Parsing ecmascript source code failed
[0m [90m  8 |[39m [36mimport[39m [33mTicket[39m [36mfrom[39m [32m"models/Ticket.model"[39m[33m;[39m
 [90m  9 |[39m
[31m[1m>[22m[39m[90m 10 |[39m   tickets[33m:[39m [33mTicket[39m[][33m;[39m
 [90m    |[39m                   [31m[1m^[22m[39m
 [90m 11 |[39m   totalPages[33m:[39m number[33m;[39m
 [90m 12 |[39m }
 [90m 13 |[39m   [36mreturn[39m ([0m

Expression expected

Import trace:
  Server Component:
    ./src/pages-sections/customer-dashboard/support-tickets/page-view/support-tickets.tsx
    ./src/pages-sections/customer-dashboard/support-tickets/page-view/index.ts
    ./src/app/(customer-dashboard)/support-tickets/page.tsx


./src/pages-sections/customer-dashboard/support-tickets/page-view/ticket-details.tsx:11:3
Parsing ecmascript source code failed
[0m [90m  9 |[39m [90m// ==========================================================[39m
 [90m 10 |[39m type [33mProps[39m [33m=[39m { ticket[33m:[39m [33mTicket[39m }[33m;[39m
[31m[1m>[22m[39m[90m 11 |[39m   [36mreturn[39m (
 [90m    |[39m   [31m[1m^[22m[39m[31m[1m^[22m[39m[31m[1m^[22m[39m[31m[1m^[22m[39m[31m[1m^[22m[39m[31m[1m^[22m[39m[31m[1m^[22m[39m[31m[1m^[22m[39m
[31m[1m>[22m[39m[90m 12 |[39m     [33m<[39m[33mFragment[39m[33m>[39m
 [90m    |[39m [31m[1m^[22m[39m[31m[1m^[22m[39m[31m[1m^[22m[39m[31m[1m^[22m[39m[31m[1m^[22m[39m[31m[1m^[22m[39m[31m[1m^[22m[39m[31m[1m^[22m[39m[31m[1m^[22m[39m[31m[1m^
[22m[39m[31m[1m^[22m[39m[31m[1m^[22m[39m[31m[1m^[22m[39m[31m[1m^[22m[39m
[31m[1m>[22m[39m[90m 13 |[39m       [33m<[39m[33mDashboardHeader[39m title[33m=[39m[32m"Support Ticket"[39m href[33m=[39m[32m"/support-tickets"[39m [33m/[39m[33m>[39m
 [90m    |[39m [31m[1m^[22m[39m[31m[1m^[22m[39m[31m[1m^[22m[39m[31m[1m^[22m[39m[31m[1m^[22m[39m[31m[1m^[22m[39m[31m[1m^[22m[39m[31m[1m^[22m[39m[31m[1m^[22m[39m[31m[1m^
[22m[39m[31m[1m^[22m[39m[31m[1m^[22m[39m[31m[1m^[22m[39m[31m[1m^[22m[39m
[31m[1m>[22m[39m[90m 14 |[39m       {ticket[33m.[39mconversation[33m?[39m[33m.[39mmap((item[33m,[39m ind) [33m=>[39m (
 [90m    |[39m [31m[1m^[22m[39m[31m[1m^[22m[39m[31m[1m^[22m[39m[31m[1m^[22m[39m[31m[1m^[22m[39m[31m[1m^[22m[39m[31m[1m^[22m[39m[31m[1m^[22m[39m[31m[1m^[22m[39m[31m[1m^
[22m[39m[31m[1m^[22m[39m[31m[1m^[22m[39m[31m[1m^[22m[39m[31m[1m^[22m[39m
[31m[1m>[22m[39m[90m 15 |[39m         [33m<[39m[33mConversationCard[39m message[33m=[39m{item} key[33m=[39m{ind} [33m/[39m[33m>[39m
 [90m    |[39m [31m[1m^[22m[39m[31m[1m^[22m[39m[31m[1m^[22m[39m[31m[1m^[22m[39m[31m[1m^[22m[39m[31m[1m^[22m[39m[31m[1m^[22m[39m[31m[1m^[22m[39m[31m[1m^[22m[39m[31m[1m^
[22m[39m[31m[1m^[22m[39m[31m[1m^[22m[39m[31m[1m^[22m[39m[31m[1m^[22m[39m
[31m[1m>[22m[39m[90m 16 |[39m       ))}
 [90m    |[39m [31m[1m^[22m[39m[31m[1m^[22m[39m[31m[1m^[22m[39m[31m[1m^[22m[39m[31m[1m^[22m[39m[31m[1m^[22m[39m[31m[1m^[22m[39m[31m[1m^[22m[39m[31m[1m^[22m[39m[31m[1m^
[22m[39m[31m[1m^[22m[39m[31m[1m^[22m[39m[31m[1m^[22m[39m[31m[1m^[22m[39m
[31m[1m>[22m[39m[90m 17 |[39m       [33m<[39m[33mMessageForm[39m [33m/[39m[33m>[39m
 [90m    |[39m [31m[1m^[22m[39m[31m[1m^[22m[39m[31m[1m^[22m[39m[31m[1m^[22m[39m[31m[1m^[22m[39m[31m[1m^[22m[39m[31m[1m^[22m[39m[31m[1m^[22m[39m[31m[1m^[22m[39m[31m[1m^
[22m[39m[31m[1m^[22m[39m[31m[1m^[22m[39m[31m[1m^[22m[39m[31m[1m^[22m[39m
[31m[1m>[22m[39m[90m 18 |[39m     [33m<[39m[33m/[39m[33mFragment[39m[33m>[39m
 [90m    |[39m [31m[1m^[22m[39m[31m[1m^[22m[39m[31m[1m^[22m[39m[31m[1m^[22m[39m[31m[1m^[22m[39m[31m[1m^[22m[39m[31m[1m^[22m[39m[31m[1m^[22m[39m[31m[1m^[22m[39m[31m[1m^
[22m[39m[31m[1m^[22m[39m[31m[1m^[22m[39m[31m[1m^[22m[39m[31m[1m^[22m[39m
[31m[1m>[22m[39m[90m 19 |[39m   )[33m;[39m
 [90m    |[39m [31m[1m^[22m[39m[31m[1m^[22m[39m[31m[1m^[22m[39m[31m[1m^[22m[39m[31m[1m^[22m[39m
 [90m 20 |[39m }
 [90m 21 |[39m[0m

Return statement is not allowed here

Import trace:
  Server Component:
    ./src/pages-sections/customer-dashboard/support-tickets/page-view/ticket-details.tsx
    ./src/pages-sections/customer-dashboard/support-tickets/page-view/index.ts
    ./src/app/(customer-dashboard)/support-tickets/page.tsx


./src/pages-sections/customer-dashboard/wish-list/wish-list.tsx:12:21
Parsing ecmascript source code failed
[0m [90m 10 |[39m
 [90m 11 |[39m   totalPages[33m:[39m number[33m;[39m
[31m[1m>[22m[39m[90m 12 |[39m   products[33m:[39m [33mProduct[39m[][33m;[39m
 [90m    |[39m                     [31m[1m^[22m[39m
 [90m 13 |[39m }
 [90m 14 |[39m   [36mreturn[39m (
 [90m 15 |[39m     [33m<[39m[33mFragment[39m[33m>[39m[0m

Expression expected

Import trace:
  Server Component:
    ./src/pages-sections/customer-dashboard/wish-list/wish-list.tsx
    ./src/app/(customer-dashboard)/wish-list/page.tsx


./src/pages-sections/payment/form-label.tsx:9:1
Parsing ecmascript source code failed
[0m [90m  7 |[39m   checked[33m:[39m boolean[33m;[39m
 [90m  8 |[39m   handleChange[33m:[39m [33mFormControlLabelProps[39m[[32m"onChange"[39m][33m;[39m
[31m[1m>[22m[39m[90m  9 |[39m }
 [90m    |[39m [31m[1m^[22m[39m
 [90m 10 |[39m   [36mreturn[39m (
 [90m 11 |[39m     [33m<[39m[33mFormControlLabel[39m
 [90m 12 |[39m       name[33m=[39m{name}[0m

Expression expected

Import traces:
  Client Component Browser:
    ./src/pages-sections/payment/form-label.tsx [Client Component Browser]
    ./src/pages-sections/payment/payment-form.tsx [Client Component Browser]
    ./src/pages-sections/payment/page-view/payment.tsx [Client Component Browser]
    ./src/pages-sections/payment/page-view/payment.tsx [Server Component]
    ./src/app/(checkout)/payment/page.tsx [Server Component]

  Client Component SSR:
    ./src/pages-sections/payment/form-label.tsx [Client Component SSR]
    ./src/pages-sections/payment/payment-form.tsx [Client Component SSR]
    ./src/pages-sections/payment/page-view/payment.tsx [Client Component SSR]
    ./src/pages-sections/payment/page-view/payment.tsx [Server Component]
    ./src/app/(checkout)/payment/page.tsx [Server Component]


./src/pages-sections/product-details/frequently-bought/frequently-product-card.tsx:16:1
Parsing ecmascript source code failed
[0m [90m 14 |[39m   imgUrl[33m:[39m string[33m;[39m
 [90m 15 |[39m   id[33m:[39m string [33m|[39m number[33m;[39m
[31m[1m>[22m[39m[90m 16 |[39m }
 [90m    |[39m [31m[1m^[22m[39m
 [90m 17 |[39m   slug[33m,[39m
 [90m 18 |[39m   price[33m,[39m
 [90m 19 |[39m   title[33m,[39m[0m

Expression expected

Import traces:
  Client Component Browser:
    ./src/pages-sections/product-details/frequently-bought/frequently-product-card.tsx [Client Component Browser]
    ./src/pages-sections/product-details/frequently-bought/frequently-bought.tsx [Client Component Browser]
    ./src/pages-sections/product-details/frequently-bought/frequently-bought.tsx [Server Component]
    ./src/pages-sections/product-details/page-view/product-details.tsx [Server Component]
    ./src/app/product/[slug]/page.tsx [Server Component]

  Client Component SSR:
    ./src/pages-sections/product-details/frequently-bought/frequently-product-card.tsx [Client Component SSR]
    ./src/pages-sections/product-details/frequently-bought/frequently-bought.tsx [Client Component SSR]
    ./src/pages-sections/product-details/frequently-bought/frequently-bought.tsx [Server Component]
    ./src/pages-sections/product-details/page-view/product-details.tsx [Server Component]
    ./src/app/product/[slug]/page.tsx [Server Component]


./src/pages-sections/product-details/page-view/product-search.tsx:35:21
Parsing ecmascript source code failed
[0m [90m 33 |[39m
 [90m 34 |[39m   filters[33m:[39m [33mFilters[39m[33m;[39m
[31m[1m>[22m[39m[90m 35 |[39m   products[33m:[39m [33mProduct[39m[][33m;[39m
 [90m    |[39m                     [31m[1m^[22m[39m
 [90m 36 |[39m   pageCount[33m:[39m number[33m;[39m
 [90m 37 |[39m   lastIndex[33m:[39m number[33m;[39m
 [90m 38 |[39m   firstIndex[33m:[39m number[33m;[39m[0m

Expression expected

Import trace:
  Server Component:
    ./src/pages-sections/product-details/page-view/product-search.tsx
    ./src/pages-sections/product-details/page-view/index.ts
    ./src/app/products/[slug]/page.tsx


./src/pages-sections/sessions/components/box-link.tsx:6:1
Parsing ecmascript source code failed
[0m [90m 4 |[39m   title[33m:[39m string[33m;[39m
 [90m 5 |[39m   href[33m:[39m string[33m;[39m
[31m[1m>[22m[39m[90m 6 |[39m }
 [90m   |[39m [31m[1m^[22m[39m
 [90m 7 |[39m   [36mreturn[39m (
 [90m 8 |[39m     [33m<[39m[33mLink[39m href[33m=[39m{href}[33m>[39m
 [90m 9 |[39m       [33m<[39m[33mBox[39m fontWeight[33m=[39m{[35m500[39m} borderColor[33m=[39m[32m"grey.900"[39m borderBottom[33m=[39m[32m"1px solid"[39m[33m>[39m[0m

Expression expected

Import traces:
  Server Component:
    ./src/pages-sections/sessions/components/box-link.tsx
    ./src/pages-sections/sessions/components/login-bottom.tsx
    ./src/app/@modal/(.)login/page.tsx

  Client Component Browser:
    ./src/pages-sections/sessions/components/box-link.tsx [Client Component Browser]
    ./src/pages-sections/sessions/page-view/reset-password.tsx [Client Component Browser]
    ./src/pages-sections/sessions/page-view/reset-password.tsx [Server Component]
    ./src/pages-sections/sessions/page-view/index.ts [Server Component]
    ./src/app/@modal/(.)login/page.tsx [Server Component]

  Client Component SSR:
    ./src/pages-sections/sessions/components/box-link.tsx [Client Component SSR]
    ./src/pages-sections/sessions/page-view/reset-password.tsx [Client Component SSR]
    ./src/pages-sections/sessions/page-view/reset-password.tsx [Server Component]
    ./src/pages-sections/sessions/page-view/index.ts [Server Component]
    ./src/app/@modal/(.)login/page.tsx [Server Component]


./src/pages-sections/sessions/components/eye-toggle-button.tsx:8:20
Parsing ecmascript source code failed
[0m [90m  6 |[39m
 [90m  7 |[39m   show[33m:[39m boolean[33m;[39m
[31m[1m>[22m[39m[90m  8 |[39m   click[33m:[39m () [33m=>[39m [36mvoid[39m[33m;[39m
 [90m    |[39m                    [31m[1m^[22m[39m
 [90m  9 |[39m }
 [90m 10 |[39m   [36mreturn[39m (
 [90m 11 |[39m     [33m<[39m[33mIconButton[39m size[33m=[39m[32m"small"[39m onClick[33m=[39m{click}[33m>[39m[0m

Expression expected

Import traces:
  Client Component Browser:
    ./src/pages-sections/sessions/components/eye-toggle-button.tsx [Client Component Browser]
    ./src/pages-sections/sessions/page-view/login.tsx [Client Component Browser]
    ./src/pages-sections/sessions/page-view/login.tsx [Server Component]
    ./src/app/@modal/(.)login/page.tsx [Server Component]

  Client Component SSR:
    ./src/pages-sections/sessions/components/eye-toggle-button.tsx [Client Component SSR]
    ./src/pages-sections/sessions/page-view/login.tsx [Client Component SSR]
    ./src/pages-sections/sessions/page-view/login.tsx [Server Component]
    ./src/app/@modal/(.)login/page.tsx [Server Component]


./src/pages-sections/sessions/layout.tsx:10:7
Parsing ecmascript source code failed
[0m [90m  8 |[39m [36mimport[39m { [33mWrapper[39m } [36mfrom[39m [32m"./styles"[39m[33m;[39m
 [90m  9 |[39m
[31m[1m>[22m[39m[90m 10 |[39m       [33m<[39m[33m/[39m[33mWrapper[39m[33m>[39m
 [90m    |[39m       [31m[1m^[22m[39m
 [90m 11 |[39m     [33m<[39m[33m/[39m[33mFlexRowCenter[39m[33m>[39m
 [90m 12 |[39m   )[33m;[39m
 [90m 13 |[39m }[0m

Expression expected

Import trace:
  Server Component:
    ./src/pages-sections/sessions/layout.tsx
    ./src/app/login/layout.tsx


./src/pages-sections/sessions/layout.tsx:10:8
Parsing ecmascript source code failed
[0m [90m  8 |[39m [36mimport[39m { [33mWrapper[39m } [36mfrom[39m [32m"./styles"[39m[33m;[39m
 [90m  9 |[39m
[31m[1m>[22m[39m[90m 10 |[39m       [33m<[39m[33m/[39m[33mWrapper[39m[33m>[39m
 [90m    |[39m        [31m[1m^[22m[39m[31m[1m^[22m[39m[31m[1m^[22m[39m[31m[1m^[22m[39m[31m[1m^[22m[39m[31m[1m^[22m[39m[31m[1m^[22m[39m[31m[1m^[22m[39m[31m[1m^[22m[39m
 [90m 11 |[39m     [33m<[39m[33m/[39m[33mFlexRowCenter[39m[33m>[39m
 [90m 12 |[39m   )[33m;[39m
 [90m 13 |[39m }[0m

Unterminated regexp literal

Import trace:
  Server Component:
    ./src/pages-sections/sessions/layout.tsx
    ./src/app/login/layout.tsx


./src/pages-sections/shops/page-view/shop-details.tsx:21:3
Parsing ecmascript source code failed
[0m [90m 19 |[39m [90m// ============================================================[39m
 [90m 20 |[39m type [33mProps[39m [33m=[39m { shop[33m:[39m [33mShop[39m[33m;[39m filters[33m:[39m [33mFilters[39m }[33m;[39m
[31m[1m>[22m[39m[90m 21 |[39m   [36mreturn[39m (
 [90m    |[39m   [31m[1m^[22m[39m[31m[1m^[22m[39m[31m[1m^[22m[39m[31m[1m^[22m[39m[31m[1m^[22m[39m[31m[1m^[22m[39m[31m[1m^[22m[39m[31m[1m^[22m[39m
[31m[1m>[22m[39m[90m 22 |[39m     [33m<[39m[33mContainer[39m className[33m=[39m[32m"mt-2 mb-3"[39m[33m>[39m
 [90m    |[39m [31m[1m^[22m[39m[31m[1m^[22m[39m[31m[1m^[22m[39m[31m[1m^[22m[39m[31m[1m^[22m[39m[31m[1m^[22m[39m[31m[1m^[22m[39m[31m[1m^[22m[39m[31m[1m^[22m[39m[31m[1m^
[22m[39m[31m[1m^[22m[39m[31m[1m^[22m[39m[31m[1m^[22m[39m[31m[1m^[22m[39m[31m[1m^[22m[39m[31m[1m^[22m[39m[31m[1m^[22m[39m[31m[1m^[22m[39m[31m[1m^[22m[39m[31m[1m^[22m[39
m[31m[1m^[22m[39m[31m[1m^[22m[39m[31m[1m^[22m[39m[31m[1m^[22m[39m[31m[1m^[22m[39m[31m[1m^[22m[39m[31m[1m^[22m[39m[31m[1m^[22m[39m[31m[1m^[22m[39m[31m[1m^[22m[39m[31m[
1m^[22m[39m[31m[1m^[22m[39m[31m[1m^[22m[39m[31m[1m^[22m[39m[31m[1m^[22m[39m[31m[1m^[22m[39m[31m[1m^[22m[39m
[31m[1m>[22m[39m[90m 23 |[39m       {[90m/* SHOP INTRODUCTION AREA */[39m}
 [90m    |[39m [31m[1m^[22m[39m[31m[1m^[22m[39m[31m[1m^[22m[39m[31m[1m^[22m[39m[31m[1m^[22m[39m[31m[1m^[22m[39m[31m[1m^[22m[39m[31m[1m^[22m[39m[31m[1m^[22m[39m[31m[1m^
[22m[39m[31m[1m^[22m[39m[31m[1m^[22m[39m[31m[1m^[22m[39m[31m[1m^[22m[39m[31m[1m^[22m[39m[31m[1m^[22m[39m[31m[1m^[22m[39m[31m[1m^[22m[39m[31m[1m^[22m[39m[31m[1m^[22m[39
m[31m[1m^[22m[39m[31m[1m^[22m[39m[31m[1m^[22m[39m[31m[1m^[22m[39m[31m[1m^[22m[39m[31m[1m^[22m[39m[31m[1m^[22m[39m[31m[1m^[22m[39m[31m[1m^[22m[39m[31m[1m^[22m[39m[31m[
1m^[22m[39m[31m[1m^[22m[39m[31m[1m^[22m[39m[31m[1m^[22m[39m[31m[1m^[22m[39m[31m[1m^[22m[39m[31m[1m^[22m[39m
[31m[1m>[22m[39m[90m 24 |[39m       [33m<[39m[33mShopIntroCard[39m shop[33m=[39m{shop} [33m/[39m[33m>[39m
 [90m    |[39m [31m[1m^[22m[39m[31m[1m^[22m[39m[31m[1m^[22m[39m[31m[1m^[22m[39m[31m[1m^[22m[39m[31m[1m^[22m[39m[31m[1m^[22m[39m[31m[1m^[22m[39m[31m[1m^[22m[39m[31m[1m^
[22m[39m[31m[1m^[22m[39m[31m[1m^[22m[39m[31m[1m^[22m[39m[31m[1m^[22m[39m[31m[1m^[22m[39m[31m[1m^[22m[39m[31m[1m^[22m[39m[31m[1m^[22m[39m[31m[1m^[22m[39m[31m[1m^[22m[39
m[31m[1m^[22m[39m[31m[1m^[22m[39m[31m[1m^[22m[39m[31m[1m^[22m[39m[31m[1m^[22m[39m[31m[1m^[22m[39m[31m[1m^[22m[39m[31m[1m^[22m[39m[31m[1m^[22m[39m[31m[1m^[22m[39m[31m[
1m^[22m[39m[31m[1m^[22m[39m[31m[1m^[22m[39m[31m[1m^[22m[39m[31m[1m^[22m[39m[31m[1m^[22m[39m[31m[1m^[22m[39m
[31m[1m>[22m[39m[90m 25 |[39m
 [90m    |[39m [31m[1m^[22m[39m[31m[1m^[22m[39m[31m[1m^[22m[39m[31m[1m^[22m[39m[31m[1m^[22m[39m[31m[1m^[22m[39m[31m[1m^[22m[39m[31m[1m^[22m[39m[31m[1m^[22m[39m[31m[1m^
[22m[39m[31m[1m^[22m[39m[31m[1m^[22m[39m[31m[1m^[22m[39m[31m[1m^[22m[39m[31m[1m^[22m[39m[31m[1m^[22m[39m[31m[1m^[22m[39m[31m[1m^[22m[39m[31m[1m^[22m[39m[31m[1m^[22m[39
m[31m[1m^[22m[39m[31m[1m^[22m[39m[31m[1m^[22m[39m[31m[1m^[22m[39m[31m[1m^[22m[39m[31m[1m^[22m[39m[31m[1m^[22m[39m[31m[1m^[22m[39m[31m[1m^[22m[39m[31m[1m^[22m[39m[31m[
1m^[22m[39m[31m[1m^[22m[39m[31m[1m^[22m[39m[31m[1m^[22m[39m[31m[1m^[22m[39m[31m[1m^[22m[39m[31m[1m^[22m[39m
[31m[1m>[22m[39m[90m 26 |[39m       [33m<[39m[33mGrid[39m container spacing[33m=[39m{[35m3[39m}[33m>[39m
 [90m    |[39m [31m[1m^[22m[39m[31m[1m^[22m[39m[31m[1m^[22m[39m[31m[1m^[22m[39m[31m[1m^[22m[39m[31m[1m^[22m[39m[31m[1m^[22m[39m[31m[1m^[22m[39m[31m[1m^[22m[39m[31m[1m^
[22m[39m[31m[1m^[22m[39m[31m[1m^[22m[39m[31m[1m^[22m[39m[31m[1m^[22m[39m[31m[1m^[22m[39m[31m[1m^[22m[39m[31m[1m^[22m[39m[31m[1m^[22m[39m[31m[1m^[22m[39m[31m[1m^[22m[39
m[31m[1m^[22m[39m[31m[1m^[22m[39m[31m[1m^[22m[39m[31m[1m^[22m[39m[31m[1m^[22m[39m[31m[1m^[22m[39m[31m[1m^[22m[39m[31m[1m^[22m[39m[31m[1m^[22m[39m[31m[1m^[22m[39m[31m[
1m^[22m[39m[31m[1m^[22m[39m[31m[1m^[22m[39m[31m[1m^[22m[39m[31m[1m^[22m[39m[31m[1m^[22m[39m[31m[1m^[22m[39m
[31m[1m>[22m[39m[90m 27 |[39m         {[90m/* SIDEBAR AREA */[39m}
 [90m    |[39m [31m[1m^[22m[39m[31m[1m^[22m[39m[31m[1m^[22m[39m[31m[1m^[22m[39m[31m[1m^[22m[39m[31m[1m^[22m[39m[31m[1m^[22m[39m[31m[1m^[22m[39m[31m[1m^[22m[39m[31m[1m^
[22m[39m[31m[1m^[22m[39m[31m[1m^[22m[39m[31m[1m^[22m[39m[31m[1m^[22m[39m[31m[1m^[22m[39m[31m[1m^[22m[39m[31m[1m^[22m[39m[31m[1m^[22m[39m[31m[1m^[22m[39m[31m[1m^[22m[39
m[31m[1m^[22m[39m[31m[1m^[22m[39m[31m[1m^[22m[39m[31m[1m^[22m[39m[31m[1m^[22m[39m[31m[1m^[22m[39m[31m[1m^[22m[39m[31m[1m^[22m[39m[31m[1m^[22m[39m[31m[1m^[22m[39m[31m[
1m^[22m[39m[31m[1m^[22m[39m[31m[1m^[22m[39m[31m[1m^[22m[39m[31m[1m^[22m[39m[31m[1m^[22m[39m[31m[1m^[22m[39m
[31m[1m>[22m[39m[90m 28 |[39m         [33m<[39m[33mGrid[39m size[33m=[39m{{ md[33m:[39m [35m3[39m[33m,[39m xs[33m:[39m [35m12[39m }} sx[33m=[39m{{ display[33m:[39m { md[33m:[39m 
[32m"block"[39m[33m,[39m xs[33m:[39m [32m"none"[39m } }}[33m>[39m
 [90m    |[39m [31m[1m^[22m[39m[31m[1m^[22m[39m[31m[1m^[22m[39m[31m[1m^[22m[39m[31m[1m^[22m[39m[31m[1m^[22m[39m[31m[1m^[22m[39m[31m[1m^[22m[39m[31m[1m^[22m[39m[31m[1m^
[22m[39m[31m[1m^[22m[39m[31m[1m^[22m[39m[31m[1m^[22m[39m[31m[1m^[22m[39m[31m[1m^[22m[39m[31m[1m^[22m[39m[31m[1m^[22m[39m[31m[1m^[22m[39m[31m[1m^[22m[39m[31m[1m^[22m[39
m[31m[1m^[22m[39m[31m[1m^[22m[39m[31m[1m^[22m[39m[31m[1m^[22m[39m[31m[1m^[22m[39m[31m[1m^[22m[39m[31m[1m^[22m[39m[31m[1m^[22m[39m[31m[1m^[22m[39m[31m[1m^[22m[39m[31m[
1m^[22m[39m[31m[1m^[22m[39m[31m[1m^[22m[39m[31m[1m^[22m[39m[31m[1m^[22m[39m[31m[1m^[22m[39m[31m[1m^[22m[39m
[31m[1m>[22m[39m[90m 29 |[39m           [33m<[39m[33mCard[39m className[33m=[39m[32m"p-2"[39m[33m>[39m
 [90m    |[39m [31m[1m^[22m[39m[31m[1m^[22m[39m[31m[1m^[22m[39m[31m[1m^[22m[39m[31m[1m^[22m[39m[31m[1m^[22m[39m[31m[1m^[22m[39m[31m[1m^[22m[39m[31m[1m^[22m[39m[31m[1m^
[22m[39m[31m[1m^[22m[39m[31m[1m^[22m[39m[31m[1m^[22m[39m[31m[1m^[22m[39m[31m[1m^[22m[39m[31m[1m^[22m[39m[31m[1m^[22m[39m[31m[1m^[22m[39m[31m[1m^[22m[39m[31m[1m^[22m[39
m[31m[1m^[22m[39m[31m[1m^[22m[39m[31m[1m^[22m[39m[31m[1m^[22m[39m[31m[1m^[22m[39m[31m[1m^[22m[39m[31m[1m^[22m[39m[31m[1m^[22m[39m[31m[1m^[22m[39m[31m[1m^[22m[39m[31m[
1m^[22m[39m[31m[1m^[22m[39m[31m[1m^[22m[39m[31m[1m^[22m[39m[31m[1m^[22m[39m[31m[1m^[22m[39m[31m[1m^[22m[39m
[31m[1m>[22m[39m[90m 30 |[39m             [33m<[39m[33mProductFilters[39m filters[33m=[39m{filters} [33m/[39m[33m>[39m
 [90m    |[39m [31m[1m^[22m[39m[31m[1m^[22m[39m[31m[1m^[22m[39m[31m[1m^[22m[39m[31m[1m^[22m[39m[31m[1m^[22m[39m[31m[1m^[22m[39m[31m[1m^[22m[39m[31m[1m^[22m[39m[31m[1m^
[22m[39m[31m[1m^[22m[39m[31m[1m^[22m[39m[31m[1m^[22m[39m[31m[1m^[22m[39m[31m[1m^[22m[39m[31m[1m^[22m[39m[31m[1m^[22m[39m[31m[1m^[22m[39m[31m[1m^[22m[39m[31m[1m^[22m[39
m[31m[1m^[22m[39m[31m[1m^[22m[39m[31m[1m^[22m[39m[31m[1m^[22m[39m[31m[1m^[22m[39m[31m[1m^[22m[39m[31m[1m^[22m[39m[31m[1m^[22m[39m[31m[1m^[22m[39m[31m[1m^[22m[39m[31m[
1m^[22m[39m[31m[1m^[22m[39m[31m[1m^[22m[39m[31m[1m^[22m[39m[31m[1m^[22m[39m[31m[1m^[22m[39m[31m[1m^[22m[39m
[31m[1m>[22m[39m[90m 31 |[39m           [33m<[39m[33m/[39m[33mCard[39m[33m>[39m
 [90m    |[39m [31m[1m^[22m[39m[31m[1m^[22m[39m[31m[1m^[22m[39m[31m[1m^[22m[39m[31m[1m^[22m[39m[31m[1m^[22m[39m[31m[1m^[22m[39m[31m[1m^[22m[39m[31m[1m^[22m[39m[31m[1m^
[22m[39m[31m[1m^[22m[39m[31m[1m^[22m[39m[31m[1m^[22m[39m[31m[1m^[22m[39m[31m[1m^[22m[39m[31m[1m^[22m[39m[31m[1m^[22m[39m[31m[1m^[22m[39m[31m[1m^[22m[39m[31m[1m^[22m[39
m[31m[1m^[22m[39m[31m[1m^[22m[39m[31m[1m^[22m[39m[31m[1m^[22m[39m[31m[1m^[22m[39m[31m[1m^[22m[39m[31m[1m^[22m[39m[31m[1m^[22m[39m[31m[1m^[22m[39m[31m[1m^[22m[39m[31m[
1m^[22m[39m[31m[1m^[22m[39m[31m[1m^[22m[39m[31m[1m^[22m[39m[31m[1m^[22m[39m[31m[1m^[22m[39m[31m[1m^[22m[39m
[31m[1m>[22m[39m[90m 32 |[39m         [33m<[39m[33m/[39m[33mGrid[39m[33m>[39m
 [90m    |[39m [31m[1m^[22m[39m[31m[1m^[22m[39m[31m[1m^[22m[39m[31m[1m^[22m[39m[31m[1m^[22m[39m[31m[1m^[22m[39m[31m[1m^[22m[39m[31m[1m^[22m[39m[31m[1m^[22m[39m[31m[1m^
[22m[39m[31m[1m^[22m[39m[31m[1m^[22m[39m[31m[1m^[22m[39m[31m[1m^[22m[39m[31m[1m^[22m[39m[31m[1m^[22m[39m[31m[1m^[22m[39m[31m[1m^[22m[39m[31m[1m^[22m[39m[31m[1m^[22m[39
m[31m[1m^[22m[39m[31m[1m^[22m[39m[31m[1m^[22m[39m[31m[1m^[22m[39m[31m[1m^[22m[39m[31m[1m^[22m[39m[31m[1m^[22m[39m[31m[1m^[22m[39m[31m[1m^[22m[39m[31m[1m^[22m[39m[31m[
1m^[22m[39m[31m[1m^[22m[39m[31m[1m^[22m[39m[31m[1m^[22m[39m[31m[1m^[22m[39m[31m[1m^[22m[39m[31m[1m^[22m[39m
[31m[1m>[22m[39m[90m 33 |[39m
 [90m    |[39m [31m[1m^[22m[39m[31m[1m^[22m[39m[31m[1m^[22m[39m[31m[1m^[22m[39m[31m[1m^[22m[39m[31m[1m^[22m[39m[31m[1m^[22m[39m[31m[1m^[22m[39m[31m[1m^[22m[39m[31m[1m^
[22m[39m[31m[1m^[22m[39m[31m[1m^[22m[39m[31m[1m^[22m[39m[31m[1m^[22m[39m[31m[1m^[22m[39m[31m[1m^[22m[39m[31m[1m^[22m[39m[31m[1m^[22m[39m[31m[1m^[22m[39m[31m[1m^[22m[39
m[31m[1m^[22m[39m[31m[1m^[22m[39m[31m[1m^[22m[39m[31m[1m^[22m[39m[31m[1m^[22m[39m[31m[1m^[22m[39m[31m[1m^[22m[39m[31m[1m^[22m[39m[31m[1m^[22m[39m[31m[1m^[22m[39m[31m[
1m^[22m[39m[31m[1m^[22m[39m[31m[1m^[22m[39m[31m[1m^[22m[39m[31m[1m^[22m[39m[31m[1m^[22m[39m[31m[1m^[22m[39m
[31m[1m>[22m[39m[90m 34 |[39m         [33m<[39m[33mGrid[39m size[33m=[39m{{ md[33m:[39m [35m9[39m[33m,[39m xs[33m:[39m [35m12[39m }}[33m>[39m
 [90m    |[39m [31m[1m^[22m[39m[31m[1m^[22m[39m[31m[1m^[22m[39m[31m[1m^[22m[39m[31m[1m^[22m[39m[31m[1m^[22m[39m[31m[1m^[22m[39m[31m[1m^[22m[39m[31m[1m^[22m[39m[31m[1m^
[22m[39m[31m[1m^[22m[39m[31m[1m^[22m[39m[31m[1m^[22m[39m[31m[1m^[22m[39m[31m[1m^[22m[39m[31m[1m^[22m[39m[31m[1m^[22m[39m[31m[1m^[22m[39m[31m[1m^[22m[39m[31m[1m^[22m[39
m[31m[1m^[22m[39m[31m[1m^[22m[39m[31m[1m^[22m[39m[31m[1m^[22m[39m[31m[1m^[22m[39m[31m[1m^[22m[39m[31m[1m^[22m[39m[31m[1m^[22m[39m[31m[1m^[22m[39m[31m[1m^[22m[39m[31m[
1m^[22m[39m[31m[1m^[22m[39m[31m[1m^[22m[39m[31m[1m^[22m[39m[31m[1m^[22m[39m[31m[1m^[22m[39m[31m[1m^[22m[39m
[31m[1m>[22m[39m[90m 35 |[39m           {[90m/* SMALL DEVICE SIDEBAR AREA */[39m}
 [90m    |[39m [31m[1m^[22m[39m[31m[1m^[22m[39m[31m[1m^[22m[39m[31m[1m^[22m[39m[31m[1m^[22m[39m[31m[1m^[22m[39m[31m[1m^[22m[39m[31m[1m^[22m[39m[31m[1m^[22m[39m[31m[1m^
[22m[39m[31m[1m^[22m[39m[31m[1m^[22m[39m[31m[1m^[22m[39m[31m[1m^[22m[39m[31m[1m^[22m[39m[31m[1m^[22m[39m[31m[1m^[22m[39m[31m[1m^[22m[39m[31m[1m^[22m[39m[31m[1m^[22m[39
m[31m[1m^[22m[39m[31m[1m^[22m[39m[31m[1m^[22m[39m[31m[1m^[22m[39m[31m[1m^[22m[39m[31m[1m^[22m[39m[31m[1m^[22m[39m[31m[1m^[22m[39m[31m[1m^[22m[39m[31m[1m^[22m[39m[31m[
1m^[22m[39m[31m[1m^[22m[39m[31m[1m^[22m[39m[31m[1m^[22m[39m[31m[1m^[22m[39m[31m[1m^[22m[39m[31m[1m^[22m[39m
[31m[1m>[22m[39m[90m 36 |[39m           [33m<[39m[33mBox[39m display[33m=[39m{{ md[33m:[39m [32m"none"[39m[33m,[39m xs[33m:[39m [32m"block"[39m }}[33m>[39m
 [90m    |[39m [31m[1m^[22m[39m[31m[1m^[22m[39m[31m[1m^[22m[39m[31m[1m^[22m[39m[31m[1m^[22m[39m[31m[1m^[22m[39m[31m[1m^[22m[39m[31m[1m^[22m[39m[31m[1m^[22m[39m[31m[1m^
[22m[39m[31m[1m^[22m[39m[31m[1m^[22m[39m[31m[1m^[22m[39m[31m[1m^[22m[39m[31m[1m^[22m[39m[31m[1m^[22m[39m[31m[1m^[22m[39m[31m[1m^[22m[39m[31m[1m^[22m[39m[31m[1m^[22m[39
m[31m[1m^[22m[39m[31m[1m^[22m[39m[31m[1m^[22m[39m[31m[1m^[22m[39m[31m[1m^[22m[39m[31m[1m^[22m[39m[31m[1m^[22m[39m[31m[1m^[22m[39m[31m[1m^[22m[39m[31m[1m^[22m[39m[31m[
1m^[22m[39m[31m[1m^[22m[39m[31m[1m^[22m[39m[31m[1m^[22m[39m[31m[1m^[22m[39m[31m[1m^[22m[39m[31m[1m^[22m[39m
[31m[1m>[22m[39m[90m 37 |[39m             [33m<[39m[33mSideNav[39m
 [90m    |[39m [31m[1m^[22m[39m[31m[1m^[22m[39m[31m[1m^[22m[39m[31m[1m^[22m[39m[31m[1m^[22m[39m[31m[1m^[22m[39m[31m[1m^[22m[39m[31m[1m^[22m[39m[31m[1m^[22m[39m[31m[1m^
[22m[39m[31m[1m^[22m[39m[31m[1m^[22m[39m[31m[1m^[22m[39m[31m[1m^[22m[39m[31m[1m^[22m[39m[31m[1m^[22m[39m[31m[1m^[22m[39m[31m[1m^[22m[39m[31m[1m^[22m[39m[31m[1m^[22m[39
m[31m[1m^[22m[39m[31m[1m^[22m[39m[31m[1m^[22m[39m[31m[1m^[22m[39m[31m[1m^[22m[39m[31m[1m^[22m[39m[31m[1m^[22m[39m[31m[1m^[22m[39m[31m[1m^[22m[39m[31m[1m^[22m[39m[31m[
1m^[22m[39m[31m[1m^[22m[39m[31m[1m^[22m[39m[31m[1m^[22m[39m[31m[1m^[22m[39m[31m[1m^[22m[39m[31m[1m^[22m[39m
[31m[1m>[22m[39m[90m 38 |[39m               position[33m=[39m[32m"left"[39m
 [90m    |[39m [31m[1m^[22m[39m[31m[1m^[22m[39m[31m[1m^[22m[39m[31m[1m^[22m[39m[31m[1m^[22m[39m[31m[1m^[22m[39m[31m[1m^[22m[39m[31m[1m^[22m[39m[31m[1m^[22m[39m[31m[1m^
[22m[39m[31m[1m^[22m[39m[31m[1m^[22m[39m[31m[1m^[22m[39m[31m[1m^[22m[39m[31m[1m^[22m[39m[31m[1m^[22m[39m[31m[1m^[22m[39m[31m[1m^[22m[39m[31m[1m^[22m[39m[31m[1m^[22m[39
m[31m[1m^[22m[39m[31m[1m^[22m[39m[31m[1m^[22m[39m[31m[1m^[22m[39m[31m[1m^[22m[39m[31m[1m^[22m[39m[31m[1m^[22m[39m[31m[1m^[22m[39m[31m[1m^[22m[39m[31m[1m^[22m[39m[31m[
1m^[22m[39m[31m[1m^[22m[39m[31m[1m^[22m[39m[31m[1m^[22m[39m[31m[1m^[22m[39m[31m[1m^[22m[39m[31m[1m^[22m[39m
[31m[1m>[22m[39m[90m 39 |[39m               handler[33m=[39m{(close) [33m=>[39m (
 [90m    |[39m [31m[1m^[22m[39m[31m[1m^[22m[39m[31m[1m^[22m[39m[31m[1m^[22m[39m[31m[1m^[22m[39m[31m[1m^[22m[39m[31m[1m^[22m[39m[31m[1m^[22m[39m[31m[1m^[22m[39m[31m[1m^
[22m[39m[31m[1m^[22m[39m[31m[1m^[22m[39m[31m[1m^[22m[39m[31m[1m^[22m[39m[31m[1m^[22m[39m[31m[1m^[22m[39m[31m[1m^[22m[39m[31m[1m^[22m[39m[31m[1m^[22m[39m[31m[1m^[22m[39
m[31m[1m^[22m[39m[31m[1m^[22m[39m[31m[1m^[22m[39m[31m[1m^[22m[39m[31m[1m^[22m[39m[31m[1m^[22m[39m[31m[1m^[22m[39m[31m[1m^[22m[39m[31m[1m^[22m[39m[31m[1m^[22m[39m[31m[
1m^[22m[39m[31m[1m^[22m[39m[31m[1m^[22m[39m[31m[1m^[22m[39m[31m[1m^[22m[39m[31m[1m^[22m[39m[31m[1m^[22m[39m
[31m[1m>[22m[39m[90m 40 |[39m                 [33m<[39m[33mIconButton[39m onClick[33m=[39m{close} sx[33m=[39m{{ float[33m:[39m [32m"right"[39m }}[33m>[39m
 [90m    |[39m [31m[1m^[22m[39m[31m[1m^[22m[39m[31m[1m^[22m[39m[31m[1m^[22m[39m[31m[1m^[22m[39m[31m[1m^[22m[39m[31m[1m^[22m[39m[31m[1m^[22m[39m[31m[1m^[22m[39m[31m[1m^
[22m[39m[31m[1m^[22m[39m[31m[1m^[22m[39m[31m[1m^[22m[39m[31m[1m^[22m[39m[31m[1m^[22m[39m[31m[1m^[22m[39m[31m[1m^[22m[39m[31m[1m^[22m[39m[31m[1m^[22m[39m[31m[1m^[22m[39
m[31m[1m^[22m[39m[31m[1m^[22m[39m[31m[1m^[22m[39m[31m[1m^[22m[39m[31m[1m^[22m[39m[31m[1m^[22m[39m[31m[1m^[22m[39m[31m[1m^[22m[39m[31m[1m^[22m[39m[31m[1m^[22m[39m[31m[
1m^[22m[39m[31m[1m^[22m[39m[31m[1m^[22m[39m[31m[1m^[22m[39m[31m[1m^[22m[39m[31m[1m^[22m[39m[31m[1m^[22m[39m
[31m[1m>[22m[39m[90m 41 |[39m                   [33m<[39m[33mFilterList[39m fontSize[33m=[39m[32m"small"[39m [33m/[39m[33m>[39m
 [90m    |[39m [31m[1m^[22m[39m[31m[1m^[22m[39m[31m[1m^[22m[39m[31m[1m^[22m[39m[31m[1m^[22m[39m[31m[1m^[22m[39m[31m[1m^[22m[39m[31m[1m^[22m[39m[31m[1m^[22m[39m[31m[1m^
[22m[39m[31m[1m^[22m[39m[31m[1m^[22m[39m[31m[1m^[22m[39m[31m[1m^[22m[39m[31m[1m^[22m[39m[31m[1m^[22m[39m[31m[1m^[22m[39m[31m[1m^[22m[39m[31m[1m^[22m[39m[31m[1m^[22m[39
m[31m[1m^[22m[39m[31m[1m^[22m[39m[31m[1m^[22m[39m[31m[1m^[22m[39m[31m[1m^[22m[39m[31m[1m^[22m[39m[31m[1m^[22m[39m[31m[1m^[22m[39m[31m[1m^[22m[39m[31m[1m^[22m[39m[31m[
1m^[22m[39m[31m[1m^[22m[39m[31m[1m^[22m[39m[31m[1m^[22m[39m[31m[1m^[22m[39m[31m[1m^[22m[39m[31m[1m^[22m[39m
[31m[1m>[22m[39m[90m 42 |[39m                 [33m<[39m[33m/[39m[33mIconButton[39m[33m>[39m
 [90m    |[39m [31m[1m^[22m[39m[31m[1m^[22m[39m[31m[1m^[22m[39m[31m[1m^[22m[39m[31m[1m^[22m[39m[31m[1m^[22m[39m[31m[1m^[22m[39m[31m[1m^[22m[39m[31m[1m^[22m[39m[31m[1m^
[22m[39m[31m[1m^[22m[39m[31m[1m^[22m[39m[31m[1m^[22m[39m[31m[1m^[22m[39m[31m[1m^[22m[39m[31m[1m^[22m[39m[31m[1m^[22m[39m[31m[1m^[22m[39m[31m[1m^[22m[39m[31m[1m^[22m[39
m[31m[1m^[22m[39m[31m[1m^[22m[39m[31m[1m^[22m[39m[31m[1m^[22m[39m[31m[1m^[22m[39m[31m[1m^[22m[39m[31m[1m^[22m[39m[31m[1m^[22m[39m[31m[1m^[22m[39m[31m[1m^[22m[39m[31m[
1m^[22m[39m[31m[1m^[22m[39m[31m[1m^[22m[39m[31m[1m^[22m[39m[31m[1m^[22m[39m[31m[1m^[22m[39m[31m[1m^[22m[39m
[31m[1m>[22m[39m[90m 43 |[39m               )}
 [90m    |[39m [31m[1m^[22m[39m[31m[1m^[22m[39m[31m[1m^[22m[39m[31m[1m^[22m[39m[31m[1m^[22m[39m[31m[1m^[22m[39m[31m[1m^[22m[39m[31m[1m^[22m[39m[31m[1m^[22m[39m[31m[1m^
[22m[39m[31m[1m^[22m[39m[31m[1m^[22m[39m[31m[1m^[22m[39m[31m[1m^[22m[39m[31m[1m^[22m[39m[31m[1m^[22m[39m[31m[1m^[22m[39m[31m[1m^[22m[39m[31m[1m^[22m[39m[31m[1m^[22m[39
m[31m[1m^[22m[39m[31m[1m^[22m[39m[31m[1m^[22m[39m[31m[1m^[22m[39m[31m[1m^[22m[39m[31m[1m^[22m[39m[31m[1m^[22m[39m[31m[1m^[22m[39m[31m[1m^[22m[39m[31m[1m^[22m[39m[31m[
1m^[22m[39m[31m[1m^[22m[39m[31m[1m^[22m[39m[31m[1m^[22m[39m[31m[1m^[22m[39m[31m[1m^[22m[39m[31m[1m^[22m[39m
[31m[1m>[22m[39m[90m 44 |[39m             [33m>[39m
 [90m    |[39m [31m[1m^[22m[39m[31m[1m^[22m[39m[31m[1m^[22m[39m[31m[1m^[22m[39m[31m[1m^[22m[39m[31m[1m^[22m[39m[31m[1m^[22m[39m[31m[1m^[22m[39m[31m[1m^[22m[39m[31m[1m^
[22m[39m[31m[1m^[22m[39m[31m[1m^[22m[39m[31m[1m^[22m[39m[31m[1m^[22m[39m[31m[1m^[22m[39m[31m[1m^[22m[39m[31m[1m^[22m[39m[31m[1m^[22m[39m[31m[1m^[22m[39m[31m[1m^[22m[39
m[31m[1m^[22m[39m[31m[1m^[22m[39m[31m[1m^[22m[39m[31m[1m^[22m[39m[31m[1m^[22m[39m[31m[1m^[22m[39m[31m[1m^[22m[39m[31m[1m^[22m[39m[31m[1m^[22m[39m[31m[1m^[22m[39m[31m[
1m^[22m[39m[31m[1m^[22m[39m[31m[1m^[22m[39m[31m[1m^[22m[39m[31m[1m^[22m[39m[31m[1m^[22m[39m[31m[1m^[22m[39m
[31m[1m>[22m[39m[90m 45 |[39m               [33m<[39m[33mBox[39m px[33m=[39m{[35m3[39m} py[33m=[39m{[35m2[39m}[33m>[39m
 [90m    |[39m [31m[1m^[22m[39m[31m[1m^[22m[39m[31m[1m^[22m[39m[31m[1m^[22m[39m[31m[1m^[22m[39m[31m[1m^[22m[39m[31m[1m^[22m[39m[31m[1m^[22m[39m[31m[1m^[22m[39m[31m[1m^
[22m[39m[31m[1m^[22m[39m[31m[1m^[22m[39m[31m[1m^[22m[39m[31m[1m^[22m[39m[31m[1m^[22m[39m[31m[1m^[22m[39m[31m[1m^[22m[39m[31m[1m^[22m[39m[31m[1m^[22m[39m[31m[1m^[22m[39
m[31m[1m^[22m[39m[31m[1m^[22m[39m[31m[1m^[22m[39m[31m[1m^[22m[39m[31m[1m^[22m[39m[31m[1m^[22m[39m[31m[1m^[22m[39m[31m[1m^[22m[39m[31m[1m^[22m[39m[31m[1m^[22m[39m[31m[
1m^[22m[39m[31m[1m^[22m[39m[31m[1m^[22m[39m[31m[1m^[22m[39m[31m[1m^[22m[39m[31m[1m^[22m[39m[31m[1m^[22m[39m
[31m[1m>[22m[39m[90m 46 |[39m                 [33m<[39m[33mProductFilters[39m filters[33m=[39m{filters} [33m/[39m[33m>[39m
 [90m    |[39m [31m[1m^[22m[39m[31m[1m^[22m[39m[31m[1m^[22m[39m[31m[1m^[22m[39m[31m[1m^[22m[39m[31m[1m^[22m[39m[31m[1m^[22m[39m[31m[1m^[22m[39m[31m[1m^[22m[39m[31m[1m^
[22m[39m[31m[1m^[22m[39m[31m[1m^[22m[39m[31m[1m^[22m[39m[31m[1m^[22m[39m[31m[1m^[22m[39m[31m[1m^[22m[39m[31m[1m^[22m[39m[31m[1m^[22m[39m[31m[1m^[22m[39m[31m[1m^[22m[39
m[31m[1m^[22m[39m[31m[1m^[22m[39m[31m[1m^[22m[39m[31m[1m^[22m[39m[31m[1m^[22m[39m[31m[1m^[22m[39m[31m[1m^[22m[39m[31m[1m^[22m[39m[31m[1m^[22m[39m[31m[1m^[22m[39m[31m[
1m^[22m[39m[31m[1m^[22m[39m[31m[1m^[22m[39m[31m[1m^[22m[39m[31m[1m^[22m[39m[31m[1m^[22m[39m[31m[1m^[22m[39m
[31m[1m>[22m[39m[90m 47 |[39m               [33m<[39m[33m/[39m[33mBox[39m[33m>[39m
 [90m    |[39m [31m[1m^[22m[39m[31m[1m^[22m[39m[31m[1m^[22m[39m[31m[1m^[22m[39m[31m[1m^[22m[39m[31m[1m^[22m[39m[31m[1m^[22m[39m[31m[1m^[22m[39m[31m[1m^[22m[39m[31m[1m^
[22m[39m[31m[1m^[22m[39m[31m[1m^[22m[39m[31m[1m^[22m[39m[31m[1m^[22m[39m[31m[1m^[22m[39m[31m[1m^[22m[39m[31m[1m^[22m[39m[31m[1m^[22m[39m[31m[1m^[22m[39m[31m[1m^[22m[39
m[31m[1m^[22m[39m[31m[1m^[22m[39m[31m[1m^[22m[39m[31m[1m^[22m[39m[31m[1m^[22m[39m[31m[1m^[22m[39m[31m[1m^[22m[39m[31m[1m^[22m[39m[31m[1m^[22m[39m[31m[1m^[22m[39m[31m[
1m^[22m[39m[31m[1m^[22m[39m[31m[1m^[22m[39m[31m[1m^[22m[39m[31m[1m^[22m[39m[31m[1m^[22m[39m[31m[1m^[22m[39m
[31m[1m>[22m[39m[90m 48 |[39m             [33m<[39m[33m/[39m[33mSideNav[39m[33m>[39m
 [90m    |[39m [31m[1m^[22m[39m[31m[1m^[22m[39m[31m[1m^[22m[39m[31m[1m^[22m[39m[31m[1m^[22m[39m[31m[1m^[22m[39m[31m[1m^[22m[39m[31m[1m^[22m[39m[31m[1m^[22m[39m[31m[1m^
[22m[39m[31m[1m^[22m[39m[31m[1m^[22m[39m[31m[1m^[22m[39m[31m[1m^[22m[39m[31m[1m^[22m[39m[31m[1m^[22m[39m[31m[1m^[22m[39m[31m[1m^[22m[39m[31m[1m^[22m[39m[31m[1m^[22m[39
m[31m[1m^[22m[39m[31m[1m^[22m[39m[31m[1m^[22m[39m[31m[1m^[22m[39m[31m[1m^[22m[39m[31m[1m^[22m[39m[31m[1m^[22m[39m[31m[1m^[22m[39m[31m[1m^[22m[39m[31m[1m^[22m[39m[31m[
1m^[22m[39m[31m[1m^[22m[39m[31m[1m^[22m[39m[31m[1m^[22m[39m[31m[1m^[22m[39m[31m[1m^[22m[39m[31m[1m^[22m[39m
[31m[1m>[22m[39m[90m 49 |[39m           [33m<[39m[33m/[39m[33mBox[39m[33m>[39m
 [90m    |[39m [31m[1m^[22m[39m[31m[1m^[22m[39m[31m[1m^[22m[39m[31m[1m^[22m[39m[31m[1m^[22m[39m[31m[1m^[22m[39m[31m[1m^[22m[39m[31m[1m^[22m[39m[31m[1m^[22m[39m[31m[1m^
[22m[39m[31m[1m^[22m[39m[31m[1m^[22m[39m[31m[1m^[22m[39m[31m[1m^[22m[39m[31m[1m^[22m[39m[31m[1m^[22m[39m[31m[1m^[22m[39m[31m[1m^[22m[39m[31m[1m^[22m[39m[31m[1m^[22m[39
m[31m[1m^[22m[39m[31m[1m^[22m[39m[31m[1m^[22m[39m[31m[1m^[22m[39m[31m[1m^[22m[39m[31m[1m^[22m[39m[31m[1m^[22m[39m[31m[1m^[22m[39m[31m[1m^[22m[39m[31m[1m^[22m[39m[31m[
1m^[22m[39m[31m[1m^[22m[39m[31m[1m^[22m[39m[31m[1m^[22m[39m[31m[1m^[22m[39m[31m[1m^[22m[39m[31m[1m^[22m[39m
[31m[1m>[22m[39m[90m 50 |[39m
 [90m    |[39m [31m[1m^[22m[39m[31m[1m^[22m[39m[31m[1m^[22m[39m[31m[1m^[22m[39m[31m[1m^[22m[39m[31m[1m^[22m[39m[31m[1m^[22m[39m[31m[1m^[22m[39m[31m[1m^[22m[39m[31m[1m^
[22m[39m[31m[1m^[22m[39m[31m[1m^[22m[39m[31m[1m^[22m[39m[31m[1m^[22m[39m[31m[1m^[22m[39m[31m[1m^[22m[39m[31m[1m^[22m[39m[31m[1m^[22m[39m[31m[1m^[22m[39m[31m[1m^[22m[39
m[31m[1m^[22m[39m[31m[1m^[22m[39m[31m[1m^[22m[39m[31m[1m^[22m[39m[31m[1m^[22m[39m[31m[1m^[22m[39m[31m[1m^[22m[39m[31m[1m^[22m[39m[31m[1m^[22m[39m[31m[1m^[22m[39m[31m[
1m^[22m[39m[31m[1m^[22m[39m[31m[1m^[22m[39m[31m[1m^[22m[39m[31m[1m^[22m[39m[31m[1m^[22m[39m[31m[1m^[22m[39m
[31m[1m>[22m[39m[90m 51 |[39m           {[90m/* PRODUCT LIST AREA */[39m}
 [90m    |[39m [31m[1m^[22m[39m[31m[1m^[22m[39m[31m[1m^[22m[39m[31m[1m^[22m[39m[31m[1m^[22m[39m[31m[1m^[22m[39m[31m[1m^[22m[39m[31m[1m^[22m[39m[31m[1m^[22m[39m[31m[1m^
[22m[39m[31m[1m^[22m[39m[31m[1m^[22m[39m[31m[1m^[22m[39m[31m[1m^[22m[39m[31m[1m^[22m[39m[31m[1m^[22m[39m[31m[1m^[22m[39m[31m[1m^[22m[39m[31m[1m^[22m[39m[31m[1m^[22m[39
m[31m[1m^[22m[39m[31m[1m^[22m[39m[31m[1m^[22m[39m[31m[1m^[22m[39m[31m[1m^[22m[39m[31m[1m^[22m[39m[31m[1m^[22m[39m[31m[1m^[22m[39m[31m[1m^[22m[39m[31m[1m^[22m[39m[31m[
1m^[22m[39m[31m[1m^[22m[39m[31m[1m^[22m[39m[31m[1m^[22m[39m[31m[1m^[22m[39m[31m[1m^[22m[39m[31m[1m^[22m[39m
[31m[1m>[22m[39m[90m 52 |[39m           [33m<[39m[33mProductsGridView[39m products[33m=[39m{shop[33m.[39mproducts[33m![39m} [33m/[39m[33m>[39m
 [90m    |[39m [31m[1m^[22m[39m[31m[1m^[22m[39m[31m[1m^[22m[39m[31m[1m^[22m[39m[31m[1m^[22m[39m[31m[1m^[22m[39m[31m[1m^[22m[39m[31m[1m^[22m[39m[31m[1m^[22m[39m[31m[1m^
[22m[39m[31m[1m^[22m[39m[31m[1m^[22m[39m[31m[1m^[22m[39m[31m[1m^[22m[39m[31m[1m^[22m[39m[31m[1m^[22m[39m[31m[1m^[22m[39m[31m[1m^[22m[39m[31m[1m^[22m[39m[31m[1m^[22m[39
m[31m[1m^[22m[39m[31m[1m^[22m[39m[31m[1m^[22m[39m[31m[1m^[22m[39m[31m[1m^[22m[39m[31m[1m^[22m[39m[31m[1m^[22m[39m[31m[1m^[22m[39m[31m[1m^[22m[39m[31m[1m^[22m[39m[31m[
1m^[22m[39m[31m[1m^[22m[39m[31m[1m^[22m[39m[31m[1m^[22m[39m[31m[1m^[22m[39m[31m[1m^[22m[39m[31m[1m^[22m[39m
[31m[1m>[22m[39m[90m 53 |[39m         [33m<[39m[33m/[39m[33mGrid[39m[33m>[39m
 [90m    |[39m [31m[1m^[22m[39m[31m[1m^[22m[39m[31m[1m^[22m[39m[31m[1m^[22m[39m[31m[1m^[22m[39m[31m[1m^[22m[39m[31m[1m^[22m[39m[31m[1m^[22m[39m[31m[1m^[22m[39m[31m[1m^
[22m[39m[31m[1m^[22m[39m[31m[1m^[22m[39m[31m[1m^[22m[39m[31m[1m^[22m[39m[31m[1m^[22m[39m[31m[1m^[22m[39m[31m[1m^[22m[39m[31m[1m^[22m[39m[31m[1m^[22m[39m[31m[1m^[22m[39
m[31m[1m^[22m[39m[31m[1m^[22m[39m[31m[1m^[22m[39m[31m[1m^[22m[39m[31m[1m^[22m[39m[31m[1m^[22m[39m[31m[1m^[22m[39m[31m[1m^[22m[39m[31m[1m^[22m[39m[31m[1m^[22m[39m[31m[
1m^[22m[39m[31m[1m^[22m[39m[31m[1m^[22m[39m[31m[1m^[22m[39m[31m[1m^[22m[39m[31m[1m^[22m[39m[31m[1m^[22m[39m
[31m[1m>[22m[39m[90m 54 |[39m       [33m<[39m[33m/[39m[33mGrid[39m[33m>[39m
 [90m    |[39m [31m[1m^[22m[39m[31m[1m^[22m[39m[31m[1m^[22m[39m[31m[1m^[22m[39m[31m[1m^[22m[39m[31m[1m^[22m[39m[31m[1m^[22m[39m[31m[1m^[22m[39m[31m[1m^[22m[39m[31m[1m^
[22m[39m[31m[1m^[22m[39m[31m[1m^[22m[39m[31m[1m^[22m[39m[31m[1m^[22m[39m[31m[1m^[22m[39m[31m[1m^[22m[39m[31m[1m^[22m[39m[31m[1m^[22m[39m[31m[1m^[22m[39m[31m[1m^[22m[39
m[31m[1m^[22m[39m[31m[1m^[22m[39m[31m[1m^[22m[39m[31m[1m^[22m[39m[31m[1m^[22m[39m[31m[1m^[22m[39m[31m[1m^[22m[39m[31m[1m^[22m[39m[31m[1m^[22m[39m[31m[1m^[22m[39m[31m[
1m^[22m[39m[31m[1m^[22m[39m[31m[1m^[22m[39m[31m[1m^[22m[39m[31m[1m^[22m[39m[31m[1m^[22m[39m[31m[1m^[22m[39m
[31m[1m>[22m[39m[90m 55 |[39m     [33m<[39m[33m/[39m[33mContainer[39m[33m>[39m
 [90m    |[39m [31m[1m^[22m[39m[31m[1m^[22m[39m[31m[1m^[22m[39m[31m[1m^[22m[39m[31m[1m^[22m[39m[31m[1m^[22m[39m[31m[1m^[22m[39m[31m[1m^[22m[39m[31m[1m^[22m[39m[31m[1m^
[22m[39m[31m[1m^[22m[39m[31m[1m^[22m[39m[31m[1m^[22m[39m[31m[1m^[22m[39m[31m[1m^[22m[39m[31m[1m^[22m[39m[31m[1m^[22m[39m[31m[1m^[22m[39m[31m[1m^[22m[39m[31m[1m^[22m[39
m[31m[1m^[22m[39m[31m[1m^[22m[39m[31m[1m^[22m[39m[31m[1m^[22m[39m[31m[1m^[22m[39m[31m[1m^[22m[39m[31m[1m^[22m[39m[31m[1m^[22m[39m[31m[1m^[22m[39m[31m[1m^[22m[39m[31m[
1m^[22m[39m[31m[1m^[22m[39m[31m[1m^[22m[39m[31m[1m^[22m[39m[31m[1m^[22m[39m[31m[1m^[22m[39m[31m[1m^[22m[39m
[31m[1m>[22m[39m[90m 56 |[39m   )[33m;[39m
 [90m    |[39m [31m[1m^[22m[39m[31m[1m^[22m[39m[31m[1m^[22m[39m[31m[1m^[22m[39m[31m[1m^[22m[39m
 [90m 57 |[39m }
 [90m 58 |[39m[0m

Return statement is not allowed here

Import traces:
  #1 [Server Component]:
    ./src/pages-sections/shops/page-view/shop-details.tsx
    ./src/app/shops/[slug]/page.tsx

  #2 [Server Component]:
    ./src/pages-sections/shops/page-view/shop-details.tsx
    ./src/pages-sections/shops/page-view/index.ts
    ./src/app/shops/page.tsx


./src/pages-sections/shops/page-view/shops.tsx:10:15
Parsing ecmascript source code failed
[0m [90m  8 |[39m [36mimport[39m [33mShop[39m [36mfrom[39m [32m"models/Shop.model"[39m[33m;[39m
 [90m  9 |[39m
[31m[1m>[22m[39m[90m 10 |[39m   shops[33m:[39m [33mShop[39m[][33m;[39m
 [90m    |[39m               [31m[1m^[22m[39m
 [90m 11 |[39m   totalShops[33m:[39m number[33m;[39m
 [90m 12 |[39m   totalPages[33m:[39m number[33m;[39m
 [90m 13 |[39m   firstIndex[33m:[39m number[33m;[39m[0m

Expression expected

Import trace:
  Server Component:
    ./src/pages-sections/shops/page-view/shops.tsx
    ./src/app/shops/page.tsx


./src/theme/core/components.ts:17:1
Parsing ecmascript source code failed
[0m [90m 15 |[39m     normal[33m:[39m [36mtrue[39m[33m;[39m
 [90m 16 |[39m   }
[31m[1m>[22m[39m[90m 17 |[39m }
 [90m    |[39m [31m[1m^[22m[39m
 [90m 18 |[39m [90m// =========================================================[39m
 [90m 19 |[39m
 [90m 20 |[39m [36mexport[39m [36mconst[39m components[33m:[39m [33mThemeComponents[39m [33m=[39m {[0m

Expression expected

Import traces:
  Client Component Browser:
    ./src/theme/core/components.ts [Client Component Browser]
    ./src/theme/core/index.ts [Client Component Browser]
    ./src/theme/theme-options.ts [Client Component Browser]
    ./src/theme/theme-provider.tsx [Client Component Browser]
    ./src/theme/theme-provider.tsx [Server Component]
    ./src/app/layout.tsx [Server Component]

  Client Component SSR:
    ./src/theme/core/components.ts [Client Component SSR]
    ./src/theme/core/index.ts [Client Component SSR]
    ./src/theme/theme-options.ts [Client Component SSR]
    ./src/theme/theme-provider.tsx [Client Component SSR]
    ./src/theme/theme-provider.tsx [Server Component]
    ./src/app/layout.tsx [Server Component]


./src/theme/core/theme-colors.ts:44:1
Parsing ecmascript source code failed
[0m [90m 42 |[39m     bluish[33m:[39m [33mSimplePaletteColorOptions[39m[33m;[39m
 [90m 43 |[39m   }
[31m[1m>[22m[39m[90m 44 |[39m }
 [90m    |[39m [31m[1m^[22m[39m
 [90m 45 |[39m [90m// =================================================================[39m
 [90m 46 |[39m
 [90m 47 |[39m [36mexport[39m [36mconst[39m grey [33m=[39m {[0m

Expression expected

Import traces:
  Client Component Browser:
    ./src/theme/core/theme-colors.ts [Client Component Browser]
    ./src/theme/core/palette.ts [Client Component Browser]
    ./src/theme/theme-options.ts [Client Component Browser]
    ./src/theme/theme-provider.tsx [Client Component Browser]
    ./src/theme/theme-provider.tsx [Server Component]
    ./src/app/layout.tsx [Server Component]

  Client Component SSR:
    ./src/theme/core/theme-colors.ts [Client Component SSR]
    ./src/theme/core/palette.ts [Client Component SSR]
    ./src/theme/theme-options.ts [Client Component SSR]
    ./src/theme/theme-provider.tsx [Client Component SSR]
    ./src/theme/theme-provider.tsx [Server Component]
    ./src/app/layout.tsx [Server Component]


./src/utils/__api__/product-search.ts:2:1
Export shopifyFetch doesn't exist in target module
[0m [90m 1 |[39m [36mimport[39m { cache } [36mfrom[39m [32m"react"[39m[33m;[39m
[31m[1m>[22m[39m[90m 2 |[39m [36mimport[39m { shopifyFetch } [36mfrom[39m [32m"@/lib/shopify"[39m[33m;[39m
 [90m   |[39m [31m[1m^[22m[39m[31m[1m^[22m[39m[31m[1m^[22m[39m[31m[1m^[22m[39m[31m[1m^[22m[39m[31m[1m^[22m[39m[31m[1m^[22m[39m[31m[1m^[22m[39m[31m[1m^[22m[39m[31m[1m^[
22m[39m[31m[1m^[22m[39m[31m[1m^[22m[39m[31m[1m^[22m[39m[31m[1m^[22m[39m[31m[1m^[22m[39m[31m[1m^[22m[39m[31m[1m^[22m[39m[31m[1m^[22m[39m[31m[1m^[22m[39m[31m[1m^[22m[39m
[31m[1m^[22m[39m[31m[1m^[22m[39m[31m[1m^[22m[39m[31m[1m^[22m[39m[31m[1m^[22m[39m[31m[1m^[22m[39m[31m[1m^[22m[39m[31m[1m^[22m[39m[31m[1m^[22m[39m[31m[1m^[22m[39m[31m[1
m^[22m[39m[31m[1m^[22m[39m[31m[1m^[22m[39m[31m[1m^[22m[39m[31m[1m^[22m[39m[31m[1m^[22m[39m[31m[1m^[22m[39m[31m[1m^[22m[39m[31m[1m^[22m[39m[31m[1m^[22m[39m[31m[1m^[22m
[39m[31m[1m^[22m[39m[31m[1m^[22m[39m[31m[1m^[22m[39m[31m[1m^[22m[39m
 [90m 3 |[39m
 [90m 4 |[39m [36mconst[39m [33mOTHERS[39m [33m=[39m [
 [90m 5 |[39m   { label[33m:[39m [32m"On Sale"[39m[33m,[39m value[33m:[39m [32m"sale"[39m }[33m,[39m[0m

The export shopifyFetch was not found in module [project]/src/lib/shopify.ts [app-rsc] (ecmascript).
Did you mean to import shopifyGetCart?
All exports of the module are statically known (It doesn't have dynamic exports). So it's known statically that the requested export doesn't exist.

Import trace:
  Server Component:
    ./src/utils/__api__/product-search.ts
    ./src/app/shops/[slug]/page.tsx


./src/utils/__api__/wish-list.ts:1:1
Export shopifyFetch doesn't exist in target module
[0m[31m[1m>[22m[39m[90m 1 |[39m [36mimport[39m { shopifyFetch } [36mfrom[39m [32m"@/lib/shopify"[39m[33m;[39m
 [90m   |[39m [31m[1m^[22m[39m[31m[1m^[22m[39m[31m[1m^[22m[39m[31m[1m^[22m[39m[31m[1m^[22m[39m[31m[1m^[22m[39m[31m[1m^[22m[39m[31m[1m^[22m[39m[31m[1m^[22m[39m[31m[1m^[
22m[39m[31m[1m^[22m[39m[31m[1m^[22m[39m[31m[1m^[22m[39m[31m[1m^[22m[39m[31m[1m^[22m[39m[31m[1m^[22m[39m[31m[1m^[22m[39m[31m[1m^[22m[39m[31m[1m^[22m[39m[31m[1m^[22m[39m
[31m[1m^[22m[39m[31m[1m^[22m[39m[31m[1m^[22m[39m[31m[1m^[22m[39m[31m[1m^[22m[39m[31m[1m^[22m[39m[31m[1m^[22m[39m[31m[1m^[22m[39m[31m[1m^[22m[39m[31m[1m^[22m[39m[31m[1
m^[22m[39m[31m[1m^[22m[39m[31m[1m^[22m[39m[31m[1m^[22m[39m[31m[1m^[22m[39m[31m[1m^[22m[39m[31m[1m^[22m[39m[31m[1m^[22m[39m[31m[1m^[22m[39m[31m[1m^[22m[39m[31m[1m^[22m
[39m[31m[1m^[22m[39m[31m[1m^[22m[39m[31m[1m^[22m[39m[31m[1m^[22m[39m
 [90m 2 |[39m
 [90m 3 |[39m [36mconst[39m [33mGET_WISHLIST_PRODUCTS_QUERY[39m [33m=[39m [32m`[39m
 [90m 4 |[39m [32m  query GetProducts($first: Int!) {[39m[0m

The export shopifyFetch was not found in module [project]/src/lib/shopify.ts [app-rsc] (ecmascript).
Did you mean to import shopifyGetCart?
All exports of the module are statically known (It doesn't have dynamic exports). So it's known statically that the requested export doesn't exist.

Import trace:
  Server Component:
    ./src/utils/__api__/wish-list.ts
    ./src/app/(customer-dashboard)/wish-list/page.tsx


    at <unknown> (./src/app/mobile-categories/page-view.tsx:27:3)
    at <unknown> (./src/app/products/search/page.tsx:26:1)
    at <unknown> (./src/components/categories/category-list.tsx:27:12)
    at <unknown> (./src/components/categories/category-menu.tsx:28:1)
    at <unknown> (./src/components/footer/footer-apps.tsx:8:1)
    at <unknown> (./src/components/footer/footer-links-widget.tsx:4:10)
    at <unknown> (./src/components/footer/footer-social-links.tsx:12:11)
    at <unknown> (./src/components/form-hook/autocomplete.tsx:6:12)
    at <unknown> (./src/components/form-hook/checkbox.tsx:7:8)
    at <unknown> (./src/components/form-hook/form-provider.tsx:5:58)
    at <unknown> (./src/components/form-hook/text-field.tsx:8:3)
    at <unknown> (./src/components/header/mobile-header/mobile-header.tsx:6:3)
    at <unknown> (./src/components/icon-link/icon-link.tsx:9:6)
    at <unknown> (./src/components/layouts/customer-dashboard/nav-item.tsx:27:9)
    at <unknown> (./src/components/mobile-navbar/mobile-menu.tsx:25:3)
    at <unknown> (./src/components/mobile-navigation/mobile-navigation-bar-2.tsx:12:20)
    at <unknown> (./src/components/mobile-navigation/mobile-navigation-bar.tsx:17:3)
    at <unknown> (./src/components/search-box/search-input-1.tsx:42:28)
    at <unknown> (./src/components/slider/components/carousel-arrows.tsx:35:15)
    at <unknown> (./src/components/slider/components/carousel-dots.tsx:44:6)
    at <unknown> (./src/config/store.config.ts:3:7)
    at <unknown> (./src/pages-sections/cart/cart-item.tsx:35:3)
    at <unknown> (./src/pages-sections/checkout-alternative/checkout-form/checkout-form.tsx:47:22)
    at <unknown> (./src/pages-sections/customer-dashboard/address/page-view/address-details.tsx:11:3)
    at <unknown> (./src/pages-sections/customer-dashboard/address/page-view/address.tsx:11:22)
    at <unknown> (./src/pages-sections/customer-dashboard/orders/page-view/order-details.tsx:12:3)
    at <unknown> (./src/pages-sections/customer-dashboard/orders/page-view/orders.tsx:10:17)
    at <unknown> (./src/pages-sections/customer-dashboard/payment-methods/page-view/payment-details.tsx:11:3)
    at <unknown> (./src/pages-sections/customer-dashboard/payment-methods/page-view/payment-methods.tsx:11:21)
    at <unknown> (./src/pages-sections/customer-dashboard/profile/page-view/profile-edit.tsx:12:3)
    at <unknown> (./src/pages-sections/customer-dashboard/profile/page-view/profile.tsx:12:3)
    at <unknown> (./src/pages-sections/customer-dashboard/support-tickets/page-view/support-tickets.tsx:10:19)
    at <unknown> (./src/pages-sections/customer-dashboard/support-tickets/page-view/ticket-details.tsx:11:3)
    at <unknown> (./src/pages-sections/customer-dashboard/wish-list/wish-list.tsx:12:21)
    at <unknown> (./src/pages-sections/payment/form-label.tsx:9:1)
    at <unknown> (./src/pages-sections/product-details/frequently-bought/frequently-product-card.tsx:16:1)
    at <unknown> (./src/pages-sections/product-details/page-view/product-search.tsx:35:21)
    at <unknown> (./src/pages-sections/sessions/components/box-link.tsx:6:1)
    at <unknown> (./src/pages-sections/sessions/components/eye-toggle-button.tsx:8:20)
    at <unknown> (./src/pages-sections/sessions/layout.tsx:10:7)
    at <unknown> (./src/pages-sections/sessions/layout.tsx:10:8)
    at <unknown> (./src/pages-sections/shops/page-view/shop-details.tsx:21:3)
    at <unknown> (./src/pages-sections/shops/page-view/shops.tsx:10:15)
    at <unknown> (./src/theme/core/components.ts:17:1)
    at <unknown> (./src/theme/core/theme-colors.ts:44:1)
    at <unknown> (./src/utils/__api__/product-search.ts:2:1)
    at <unknown> (./src/utils/__api__/wish-list.ts:1:1)
