
--- Products (first 5) ---
Γ£à 5 products found

  Title:       Tom Ford Black Calf Leather Bos Taurus Shoulder Bag
  Handle:      black-calf-leather-bos-taurus-shoulder-bag-21
  Price:       1861.04 USD
  Variant ID:  gid://shopify/ProductVariant/51077837455638
  In Stock:    true
  Image:       Γ£à

  Title:       Brunello Cucinelli Brown Calf Leather Bos Taurus Shoulder Bag
  Handle:      brown-calf-leather-bos-taurus-shoulder-bag-11
  Price:       1384.96 USD
  Variant ID:  gid://shopify/ProductVariant/51077666865430
  In Stock:    true
  Image:       Γ£à

  Title:       Brunello Cucinelli Gray Calf Leather Bos Taurus Shoulder Bag
  Handle:      gray-calf-leather-bos-taurus-handbag
  Price:       2807.79 USD
  Variant ID:  gid://shopify/ProductVariant/51077666636054
  In Stock:    true
  Image:       Γ£à

  Title:       Brunello Cucinelli Brown Calf Leather Bos Taurus Shoulder Bag
  Handle:      brown-calf-leather-bos-taurus-shoulder-bag-10
  Price:       1752.84 USD
  Variant ID:  gid://shopify/ProductVariant/51077666570518
  In Stock:    true
  Image:       Γ£à

  Title:       Brunello Cucinelli Brown Calf Leather Bos Taurus Shoulder Bag
  Handle:      brown-calf-leather-bos-taurus-shoulder-bag-9
  Price:       2737.46 USD
  Variant ID:  gid://shopify/ProductVariant/51077666341142
  In Stock:    true
  Image:       Γ£à

--- Collections (first 10) ---
Γ£à 5 collections found
  - tote-bags | Tote Bags
  - crossbody-bags | Crossbody Bags
  - shoulder-bags | Shoulder Bags
  - clutch-bags | Clutch Bags
  - handbags | Handbags

--- Cart Creation Test ---
Γ£à Cart created
  Cart ID:       gid://shopify/Cart/hWN9qAfNd3aLuwgPeAiFw7qj?key=187e7a8aa91b2cfa50cd55a02cbacd97
  Checkout URL:  https://rgc4-3.myshopify.com/cart/c/hWN9qAfNd3aLuwgPeAiFw7qj?key=187e7a8aa91b2cfa50cd55a02cbacd97&_s=86679f1f-a587-4758-8664-ab062c5a0606&_y=4b5d8ec8-c721-4a47-86b5-959ae665a3f5

--- Add to Cart Test ---
Γ£à Item added to cart
  Total items: 1
  Product:     Tom Ford Black Calf Leather Bos Taurus Shoulder Bag
  Variant:     Default Title
  Price:       1861.04 USD
  Checkout URL: https://rgc4-3.myshopify.com/cart/c/hWN9qAfNd3aLuwgPeAiFw7qj?key=187e7a8aa91b2cfa50cd55a02cbacd97&_s=b1f39acc-1c3a-40ef-8681-5f3e58e992fb&_y=fdbdd6e5-831a-43f5-9fdd-61d66139715a

--- Summary ---
Products available:   Γ£à
Collections available: Γ£à
Cart create works:    Γ£à
